Starting CP-SAT solver v9.15.6755Parameters: random_seed: 0 max_time_in_seconds: 900 log_search_progress: true cp_model_presolve: true num_search_workers: 1Initial satisfaction model '': (model_fingerprint: 0x4d0f62038edfaa1d)
#Variables: 3'136 (685 primary variables)
  - 3'038 Booleans in [0,1]
  - 98 in [0,127]
#kAllDiff: 1
#kLinMax: 2'352 (#expressions: 4'704)
#kLinear1: 1
#kLinearN: 434 (#terms: 3'136)
#kTable: 1Starting presolve at 0.00s  1.78e-04s  0.00e+00d  [DetectDominanceRelations]   2.71e-03s  0.00e+00d  [PresolveToFixPoint] #num_loops=3 #num_dual_strengthening=1   1.00e-05s  0.00e+00d  [ExtractEncodingFromLinear] #potential_subsets=97   2.93e-04s  0.00e+00d  [DetectDuplicateColumns]   6.74e-04s  0.00e+00d  [DetectDuplicateConstraints] [Symmetry] Graph for symmetry has 60'731 nodes and 93'703 arcs.[Symmetry] Symmetry computation done. time: 0.006444 dtime: 0.0332436  8.47e-04s  0.00e+00d  [DetectDuplicateConstraintsWithDifferentEnforcements]   1.61e-01s  7.51e-01d  [Probe] #probed=54'186 #fixed_bools=40 #new_bounds=5 #equiv=2 #new_binary_clauses=62'829   9.17e-04s  2.65e-03d  [MaxClique]   1.07e-03s  0.00e+00d  [DetectDominanceRelations]   3.12e-02s  0.00e+00d  [PresolveToFixPoint] #num_loops=2 #num_dual_strengthening=1   4.68e-04s  0.00e+00d  [ProcessAtMostOneAndLinear]   7.21e-04s  0.00e+00d  [DetectDuplicateConstraints]   7.17e-04s  0.00e+00d  [DetectDuplicateConstraintsWithDifferentEnforcements]   9.30e-05s  9.49e-06d  [DetectDominatedLinearConstraints] #relevant_constraints=432 #num_inclusions=5   5.90e-05s  0.00e+00d  [DetectDifferentVariables]   3.19e-04s  4.25e-05d  [ProcessSetPPC] #relevant_constraints=559   1.13e-03s  0.00e+00d  [TransformClausesToExactlyOne] #num_amos=127   4.63e-03s  0.00e+00d  [DetectEncodedComplexDomains]   7.50e-05s  0.00e+00d  [FindAlmostIdenticalLinearConstraints]   6.08e-03s  2.95e-02d  [FindBigAtMostOneAndLinearOverlap]   2.80e-04s  4.67e-04d  [FindBigVerticalLinearOverlap]   6.30e-05s  1.56e-05d  [FindBigHorizontalLinearOverlap] #linears=432   3.70e-05s  0.00e+00d  [MergeClauses]   1.04e-03s  0.00e+00d  [DetectDominanceRelations]   1.73e-02s  0.00e+00d  [PresolveToFixPoint] #num_loops=1 #num_dual_strengthening=1   1.04e-03s  0.00e+00d  [DetectDominanceRelations]   1.71e-02s  0.00e+00d  [PresolveToFixPoint] #num_loops=1 #num_dual_strengthening=1   3.27e-04s  0.00e+00d  [DetectDuplicateColumns]   7.50e-04s  0.00e+00d  [DetectDuplicateConstraints] [Symmetry] Graph for symmetry has 60'609 nodes and 93'461 arcs.[Symmetry] Symmetry computation done. time: 0.006146 dtime: 0.0309304  7.97e-04s  0.00e+00d  [DetectDuplicateConstraintsWithDifferentEnforcements]   1.66e-01s  7.47e-01d  [Probe] #probed=54'096 #new_binary_clauses=62'759   8.38e-04s  2.65e-03d  [MaxClique]   1.08e-03s  0.00e+00d  [DetectDominanceRelations]   1.85e-02s  0.00e+00d  [PresolveToFixPoint] #num_loops=1 #num_dual_strengthening=1   4.62e-04s  0.00e+00d  [ProcessAtMostOneAndLinear]   7.33e-04s  0.00e+00d  [DetectDuplicateConstraints]   7.25e-04s  0.00e+00d  [DetectDuplicateConstraintsWithDifferentEnforcements]   1.06e-04s  9.49e-06d  [DetectDominatedLinearConstraints] #relevant_constraints=432 #num_inclusions=5   7.20e-05s  0.00e+00d  [DetectDifferentVariables]   3.20e-04s  4.25e-05d  [ProcessSetPPC] #relevant_constraints=559   1.18e-03s  0.00e+00d  [TransformClausesToExactlyOne] #num_amos=127   5.19e-03s  0.00e+00d  [DetectEncodedComplexDomains]   9.50e-05s  0.00e+00d  [FindAlmostIdenticalLinearConstraints]   6.10e-03s  2.95e-02d  [FindBigAtMostOneAndLinearOverlap]   3.01e-04s  4.67e-04d  [FindBigVerticalLinearOverlap]   7.50e-05s  1.56e-05d  [FindBigHorizontalLinearOverlap] #linears=432   3.60e-05s  0.00e+00d  [MergeClauses]   1.06e-03s  0.00e+00d  [DetectDominanceRelations]   1.76e-02s  0.00e+00d  [PresolveToFixPoint] #num_loops=1 #num_dual_strengthening=1   1.04e-03s  0.00e+00d  [DetectDominanceRelations]   1.71e-02s  0.00e+00d  [PresolveToFixPoint] #num_loops=1 #num_dual_strengthening=1   3.25e-04s  0.00e+00d  [DetectDuplicateColumns]   7.24e-04s  0.00e+00d  [DetectDuplicateConstraints] [Symmetry] Graph for symmetry has 60'609 nodes and 93'461 arcs.[Symmetry] Symmetry computation done. time: 0.005808 dtime: 0.0309304  8.16e-04s  0.00e+00d  [DetectDuplicateConstraintsWithDifferentEnforcements]   1.67e-01s  7.47e-01d  [Probe] #probed=54'096 #new_binary_clauses=62'759   8.40e-04s  2.65e-03d  [MaxClique]   1.21e-03s  0.00e+00d  [DetectDominanceRelations]   1.92e-02s  0.00e+00d  [PresolveToFixPoint] #num_loops=1 #num_dual_strengthening=1   5.62e-04s  0.00e+00d  [ProcessAtMostOneAndLinear]   7.60e-04s  0.00e+00d  [DetectDuplicateConstraints]   1.06e-03s  0.00e+00d  [DetectDuplicateConstraintsWithDifferentEnforcements]   1.62e-04s  9.49e-06d  [DetectDominatedLinearConstraints] #relevant_constraints=432 #num_inclusions=5   9.50e-05s  0.00e+00d  [DetectDifferentVariables]   3.35e-04s  4.25e-05d  [ProcessSetPPC] #relevant_constraints=559   1.19e-03s  0.00e+00d  [TransformClausesToExactlyOne] #num_amos=127   6.31e-03s  0.00e+00d  [DetectEncodedComplexDomains]   1.50e-04s  0.00e+00d  [FindAlmostIdenticalLinearConstraints]   6.54e-03s  2.95e-02d  [FindBigAtMostOneAndLinearOverlap]   3.60e-04s  4.67e-04d  [FindBigVerticalLinearOverlap]   7.80e-05s  1.56e-05d  [FindBigHorizontalLinearOverlap] #linears=432   4.20e-05s  0.00e+00d  [MergeClauses]   1.02e-03s  0.00e+00d  [DetectDominanceRelations]   1.78e-02s  0.00e+00d  [PresolveToFixPoint] #num_loops=1 #num_dual_strengthening=1   2.60e-05s  0.00e+00d  [MergeNoOverlap]   2.90e-05s  0.00e+00d  [MergeNoOverlap2D] Presolve summary:  - 63 affine relations were detected.  - rule 'TODO dual: only one blocking constraint?' was applied 20'601 times.  - rule 'affine: new relation' was applied 63 times.  - rule 'all_diff: expanded' was applied 1 time.  - rule 'all_diff: propagate fixed expressions' was applied 1 time.  - rule 'all_diff: remove fixed expressions' was applied 1 time.  - rule 'at_most_one: removed literals' was applied 8 times.  - rule 'deductions: 24314 stored' was applied 1 time.  - rule 'dual: make encoding equiv' was applied 97'240 times.  - rule 'enforcement: false literal' was applied 40 times.  - rule 'enforcement: true literal' was applied 40 times.  - rule 'lin_max: converted to equality' was applied 63 times.  - rule 'lin_max: removed exprs' was applied 3 times.  - rule 'lin_max: target domain reduced' was applied 3 times.  - rule 'linear1: x in domain' was applied 1 time.  - rule 'linear: always true' was applied 41 times.  - rule 'linear: divide by GCD' was applied 1 time.  - rule 'linear: empty' was applied 4 times.  - rule 'linear: fixed or dup variables' was applied 134 times.  - rule 'linear: reduced variable domains' was applied 2 times.  - rule 'linear: remapped using affine relations' was applied 14 times.  - rule 'linear: simplified rhs' was applied 1'854 times.  - rule 'new_bool: integer encoding' was applied 12'197 times.  - rule 'presolve: 54 unused variables removed.' was applied 1 time.  - rule 'presolve: iteration' was applied 3 times.  - rule 'table: only one column!' was applied 1 time.  - rule 'table: reduce variable domain' was applied 1 time.  - rule 'variables: add encoding constraint' was applied 12'197 times.  - rule 'variables: canonicalize affine domain' was applied 1 time.Presolved satisfaction model '': (model_fingerprint: 0x4d6628258a201231)
#Variables: 15'217 (12'831 primary variables)
  - 15'120 Booleans in [0,1]
  - 1 in [0,1][3][7][15]
  - 5 in [1,62][64,94][96,110][112,118][120,122][124]
  - 91 in [1,127]
#kAtMostOne: 127 (#literals: 12'157)
#kLinMax: 2'289 (#expressions: 4'578)
#kLinear1: 24'314 (#enforced: 24'314)
#kLinearN: 432 (#terms: 3'118)[Symmetry] Graph for symmetry has 60'492 nodes and 93'461 arcs.[Symmetry] Symmetry computation done. time: 0.006374 dtime: 0.0330713Preloading model.Starting search at 0.77s with 1 workers.1 full problem subsolver: [main]#1       1.64s mainTask timing           n [     min,      max]      avg      dev     time         n [     min,      max]      avg      dev    dtime
      'main':         1 [876.08ms, 876.08ms] 876.08ms   0.00ns 876.08ms         1 [   2.68s,    2.68s]    2.68s   0.00ns    2.68s
Search stats     Bools  Conflicts  Branches  Restarts  BacktrackToRoot  Backtrack  BoolPropag  IntegerPropag
       'main':  26'986         18   156'223         0           94'620    131'693  19'372'025        666'823
SAT formula    Fixed  Equiv   Total  VarLeft  BinaryClauses  PermanentClauses  TemporaryClauses
      'main':      0     98  26'986   26'888        195'172            11'976                 5
SAT stats    ClassicMinim  LitRemoved  LitRemovedBinary  LitLearned  LitForgotten  Subsumed
    'main':             0           0                16         160             0         0
Vivification    Clauses  Decisions  LitTrue  Subsumed  LitRemoved  DecisionReused  Conflicts
       'main':   23'927     47'854        0         0           0               0          0
Clause deletion    at_true  l_and_not(l)  to_binary  sub_conflict  sub_extra  sub_decisions  sub_eager  sub_vivify  sub_probing  sub_inpro  blocked  eliminated  forgotten  promoted  conflicts
          'main':        0             0          0             0          0              0          0           0            0          0        0           0          0         5         18
Lp stats    Component  Iterations  AddedCuts  OPTIMAL  DUAL_F.  DUAL_U.
   'main':          1       6'926        200      519        0        0
Lp dimension       Final dimension of first component
       'main':  2547 rows, 3062 columns, 8178 entries
Lp debug    CutPropag  CutEqPropag  Adjust  Overflow  Bad  BadScaling
   'main':          0            0       0         0    0           0
Lp pool    Constraints  Updates  Simplif  Merged  Shortened  Split  Strengthened  Cuts/Call
  'main':        5'214        0        0       0          0      0             0  200/1'157
Lp Cut    main
     IB:   200
Solutions (1)    Num   Rank
        'main':    1  [0,0]
Solution repositories    Added  Queried  Synchro
    'alternative_path':      0        0        0
      'best_solutions':      1        0        1
   'fj solution hints':      0        0        0
LRAT_status: NACpSolverResponse summary:
status: OPTIMAL
objective: NA
best_bound: NA
integers: 3062
booleans: 26986
conflicts: 18
branches: 156223
propagations: 19372025
integer_propagations: 666823
restarts: 0
lp_iterations: 6926
walltime: 1.64266
usertime: 1.64266
deterministic_time: 5.02757
gap_integral: 0
solution_fingerprint: 0x32fb7803d2f47af7
