Starting CP-SAT solver v9.15.6755Parameters: random_seed: 0 max_time_in_seconds: 900 log_search_progress: true cp_model_presolve: true num_search_workers: 1Initial satisfaction model '': (model_fingerprint: 0xb957342d9a2888d0)
#Variables: 6'582 (1'619 primary variables)
  - 6'420 Booleans in [0,1]
  - 162 in [0,1023]
#kAllDiff: 1
#kLinMax: 4'800 (#expressions: 9'600)
#kLinear1: 1
#kLinearN: 642 (#terms: 6'582)
#kTable: 1Starting presolve at 0.00s  3.95e-04s  0.00e+00d  [DetectDominanceRelations]   5.43e-03s  0.00e+00d  [PresolveToFixPoint] #num_loops=4 #num_dual_strengthening=1   1.90e-05s  0.00e+00d  [ExtractEncodingFromLinear] #potential_subsets=161   4.50e-05s  0.00e+00d  [DetectDuplicateColumns]   8.19e-04s  0.00e+00d  [DetectDuplicateConstraints] [Symmetry] Graph for symmetry has 24'818 nodes and 43'232 arcs.[Symmetry] Symmetry computation done. time: 0.005966 dtime: 0.0245647[Symmetry] #generators: 1, average support size: 6190[Symmetry] 3095 orbits on 6190 variables with sizes: 2,2,2,2,2,2,2,2,2,2,...  8.51e-04s  0.00e+00d  [DetectDuplicateConstraintsWithDifferentEnforcements]   2.04e-02s  2.31e-03d  [Probe] #probed=12'804 #new_binary_clauses=15   1.10e-05s  0.00e+00d  [MaxClique]   3.95e-04s  0.00e+00d  [DetectDominanceRelations]   3.17e-03s  0.00e+00d  [PresolveToFixPoint] #num_loops=1 #num_dual_strengthening=1   2.75e-04s  0.00e+00d  [ProcessAtMostOneAndLinear]   7.97e-04s  0.00e+00d  [DetectDuplicateConstraints]   7.93e-04s  0.00e+00d  [DetectDuplicateConstraintsWithDifferentEnforcements]   8.00e-05s  1.98e-05d  [DetectDominatedLinearConstraints] #relevant_constraints=640 #num_inclusions=4   3.10e-05s  0.00e+00d  [DetectDifferentVariables]   3.10e-05s  0.00e+00d  [ProcessSetPPC] #relevant_constraints=640   4.37e-04s  0.00e+00d  [TransformClausesToExactlyOne]   9.00e-06s  0.00e+00d  [DetectEncodedComplexDomains]   2.20e-05s  0.00e+00d  [FindAlmostIdenticalLinearConstraints]   7.00e-06s  0.00e+00d  [FindBigAtMostOneAndLinearOverlap]   2.03e-04s  4.41e-04d  [FindBigVerticalLinearOverlap]   3.50e-05s  3.28e-05d  [FindBigHorizontalLinearOverlap] #linears=640   5.00e-06s  0.00e+00d  [MergeClauses]   3.88e-04s  0.00e+00d  [DetectDominanceRelations]   2.98e-03s  0.00e+00d  [PresolveToFixPoint] #num_loops=1 #num_dual_strengthening=1   3.75e-04s  0.00e+00d  [DetectDominanceRelations]   2.90e-03s  0.00e+00d  [PresolveToFixPoint] #num_loops=1 #num_dual_strengthening=1   4.10e-05s  0.00e+00d  [DetectDuplicateColumns]   8.05e-04s  0.00e+00d  [DetectDuplicateConstraints] [Symmetry] Graph for symmetry has 24'818 nodes and 43'232 arcs.[Symmetry] Symmetry computation done. time: 0.005936 dtime: 0.0245647[Symmetry] #generators: 1, average support size: 6190[Symmetry] 3095 orbits on 6190 variables with sizes: 2,2,2,2,2,2,2,2,2,2,...  8.19e-04s  0.00e+00d  [DetectDuplicateConstraintsWithDifferentEnforcements]   2.03e-02s  2.31e-03d  [Probe] #probed=12'804 #new_binary_clauses=15   1.10e-05s  0.00e+00d  [MaxClique]   3.84e-04s  0.00e+00d  [DetectDominanceRelations]   2.99e-03s  0.00e+00d  [PresolveToFixPoint] #num_loops=1 #num_dual_strengthening=1   2.90e-04s  0.00e+00d  [ProcessAtMostOneAndLinear]   7.85e-04s  0.00e+00d  [DetectDuplicateConstraints]   8.05e-04s  0.00e+00d  [DetectDuplicateConstraintsWithDifferentEnforcements]   8.10e-05s  1.98e-05d  [DetectDominatedLinearConstraints] #relevant_constraints=640 #num_inclusions=4   2.90e-05s  0.00e+00d  [DetectDifferentVariables]   3.20e-05s  0.00e+00d  [ProcessSetPPC] #relevant_constraints=640   4.32e-04s  0.00e+00d  [TransformClausesToExactlyOne]   8.00e-06s  0.00e+00d  [DetectEncodedComplexDomains]   2.10e-05s  0.00e+00d  [FindAlmostIdenticalLinearConstraints]   5.00e-06s  0.00e+00d  [FindBigAtMostOneAndLinearOverlap]   1.95e-04s  4.41e-04d  [FindBigVerticalLinearOverlap]   3.40e-05s  3.28e-05d  [FindBigHorizontalLinearOverlap] #linears=640   6.00e-06s  0.00e+00d  [MergeClauses]   3.79e-04s  0.00e+00d  [DetectDominanceRelations]   2.93e-03s  0.00e+00d  [PresolveToFixPoint] #num_loops=1 #num_dual_strengthening=1   4.00e-06s  0.00e+00d  [MergeNoOverlap]   4.00e-06s  0.00e+00d  [MergeNoOverlap2D] Presolve summary:  - 67 affine relations were detected.  - rule 'TODO dual: only one blocking constraint?' was applied 28'380 times.  - rule 'affine: new relation' was applied 67 times.  - rule 'all_diff: propagate fixed expressions' was applied 1 time.  - rule 'all_diff: remove fixed expressions' was applied 1 time.  - rule 'lin_max: converted to equality' was applied 70 times.  - rule 'lin_max: removed exprs' was applied 3 times.  - rule 'lin_max: target domain reduced' was applied 3 times.  - rule 'linear1: x in domain' was applied 1 time.  - rule 'linear: always true' was applied 1 time.  - rule 'linear: divide by GCD' was applied 1 time.  - rule 'linear: empty' was applied 5 times.  - rule 'linear: fixed or dup variables' was applied 151 times.  - rule 'linear: reduced variable domains' was applied 3 times.  - rule 'linear: remapped using affine relations' was applied 12 times.  - rule 'presolve: 19 unused variables removed.' was applied 1 time.  - rule 'presolve: iteration' was applied 2 times.  - rule 'table: only one column!' was applied 1 time.  - rule 'table: reduce variable domain' was applied 1 time.  - rule 'variables: canonicalize affine domain' was applied 1 time.  - rule 'variables: fixed value due to affine relation' was applied 1 time.Presolved satisfaction model '': (model_fingerprint: 0xc5920e46a40d0e0f)
#Variables: 6'497 (1'606 primary variables)
  - 6'336 Booleans in [0,1]
  - 1 in [0,1][3][7][15][31][63]
  - 160 in [1,1023]
#kAllDiff: 1
#kLinMax: 4'730 (#expressions: 9'460)
#kLinearN: 640 (#terms: 6'557)[Symmetry] Graph for symmetry has 24'732 nodes and 43'232 arcs.[Symmetry] Symmetry computation done. time: 0.005844 dtime: 0.0245595[Symmetry] #generators: 1, average support size: 6190[Symmetry] 3095 orbits on 6190 variables with sizes: 2,2,2,2,2,2,2,2,2,2,...Preloading model.Starting search at 0.11s with 1 workers.1 full problem subsolver: [main]#1      14.45s mainTask timing           n [     min,      max]      avg      dev     time         n [     min,      max]      avg      dev    dtime
      'main':         1 [  14.34s,   14.34s]   14.34s   0.00ns   14.34s         1 [   9.66s,    9.66s]    9.66s   0.00ns    9.66s
Search stats    Bools  Conflicts  Branches  Restarts  BacktrackToRoot  Backtrack  BoolPropag  IntegerPropag
       'main':  6'336      1'130   145'474         8          126'704    127'715      66'667        355'053
SAT formula    Fixed  Equiv  Total  VarLeft  BinaryClauses  PermanentClauses  TemporaryClauses
      'main':      0      0  6'336    6'336             10                 4               895
SAT stats    ClassicMinim  LitRemoved  LitRemovedBinary  LitLearned  LitForgotten  Subsumed
    'main':           375       1'941               281      92'155             0        22
Vivification    Clauses  Decisions  LitTrue  Subsumed  LitRemoved  DecisionReused  Conflicts
       'main':       68        136        0         0           0               4          0
Clause deletion    at_true  l_and_not(l)  to_binary  sub_conflict  sub_extra  sub_decisions  sub_eager  sub_vivify  sub_probing  sub_inpro  blocked  eliminated  forgotten  promoted  conflicts
          'main':        0             0          0            18        209              0          4           0            0          0        0           0          0     1'786      1'130
Lp stats    Component  Iterations  AddedCuts  OPTIMAL  DUAL_F.  DUAL_U.
   'main':          1      69'318      3'053    5'841        0        0
Lp dimension        Final dimension of first component
       'main':  5154 rows, 6497 columns, 16766 entries
Lp debug    CutPropag  CutEqPropag  Adjust  Overflow    Bad  BadScaling
   'main':          0            0       0         0  4'881           0
Lp pool    Constraints  Updates  Simplif  Merged  Shortened  Split  Strengthened     Cuts/Call
  'main':       13'153       12        0       0          0      0           372  3'053/10'861
Lp Cut       main
     CG_FF:    65
      CG_K:    18
      CG_R:    60
     CG_RB:     8
    CG_RBP:     8
        IB:   782
  MIR_1_FF:   648
   MIR_1_K:   512
  MIR_1_KL:     2
   MIR_1_R:   156
  MIR_1_RB:    17
  MIR_2_FF:   448
   MIR_2_K:    35
   MIR_2_R:     5
  MIR_2_RB:    16
  MIR_3_FF:   123
   MIR_3_K:    13
   MIR_3_R:     5
  MIR_3_RB:     6
  MIR_4_FF:    55
   MIR_4_K:    11
   MIR_4_R:     2
  MIR_4_RB:    10
  MIR_5_FF:    32
   MIR_5_K:     3
  MIR_5_RB:     2
  MIR_6_FF:     9
   MIR_6_R:     1
  MIR_6_RB:     1
Solutions (1)    Num   Rank
        'main':    1  [0,0]
Solution repositories    Added  Queried  Synchro
    'alternative_path':      0        0        0
      'best_solutions':      1        0        1
   'fj solution hints':      0        0        0
LRAT_status: NACpSolverResponse summary:
status: OPTIMAL
objective: NA
best_bound: NA
integers: 6497
booleans: 6336
conflicts: 1130
branches: 145474
propagations: 66667
integer_propagations: 355053
restarts: 8
lp_iterations: 69318
walltime: 14.4506
usertime: 14.4506
deterministic_time: 9.66716
gap_integral: 0
solution_fingerprint: 0x48133d064da3b1e8
