Starting CP-SAT solver v9.15.6755Parameters: random_seed: 0 max_time_in_seconds: 900 log_search_progress: true cp_model_presolve: true num_search_workers: 1Initial satisfaction model '': (model_fingerprint: 0x29aa10cc167dd112)
#Variables: 5'940 (1'457 primary variables)
  - 5'778 Booleans in [0,1]
  - 162 in [0,511]
#kAllDiff: 1
#kLinMax: 4'320 (#expressions: 8'640)
#kLinear1: 1
#kLinearN: 642 (#terms: 5'940)
#kTable: 1Starting presolve at 0.00s  3.44e-04s  0.00e+00d  [DetectDominanceRelations]   5.07e-03s  0.00e+00d  [PresolveToFixPoint] #num_loops=4 #num_dual_strengthening=1   1.60e-05s  0.00e+00d  [ExtractEncodingFromLinear] #potential_subsets=161   3.90e-05s  0.00e+00d  [DetectDuplicateColumns]   7.29e-04s  0.00e+00d  [DetectDuplicateConstraints] [Symmetry] Graph for symmetry has 22'402 nodes and 38'897 arcs.[Symmetry] Symmetry computation done. time: 0.005227 dtime: 0.0220131[Symmetry] #generators: 1, average support size: 5580[Symmetry] 2790 orbits on 5580 variables with sizes: 2,2,2,2,2,2,2,2,2,2,...  7.43e-04s  0.00e+00d  [DetectDuplicateConstraintsWithDifferentEnforcements]   1.79e-02s  2.06e-03d  [Probe] #probed=11'518 #new_binary_clauses=6   1.00e-05s  0.00e+00d  [MaxClique]   3.48e-04s  0.00e+00d  [DetectDominanceRelations]   2.91e-03s  0.00e+00d  [PresolveToFixPoint] #num_loops=1 #num_dual_strengthening=1   2.64e-04s  0.00e+00d  [ProcessAtMostOneAndLinear]   7.26e-04s  0.00e+00d  [DetectDuplicateConstraints]   7.09e-04s  0.00e+00d  [DetectDuplicateConstraintsWithDifferentEnforcements]   7.60e-05s  1.79e-05d  [DetectDominatedLinearConstraints] #relevant_constraints=640 #num_inclusions=4   2.90e-05s  0.00e+00d  [DetectDifferentVariables]   2.90e-05s  0.00e+00d  [ProcessSetPPC] #relevant_constraints=640   3.97e-04s  0.00e+00d  [TransformClausesToExactlyOne]   7.00e-06s  0.00e+00d  [DetectEncodedComplexDomains]   2.00e-05s  0.00e+00d  [FindAlmostIdenticalLinearConstraints]   5.00e-06s  0.00e+00d  [FindBigAtMostOneAndLinearOverlap]   1.77e-04s  3.68e-04d  [FindBigVerticalLinearOverlap]   3.40e-05s  2.96e-05d  [FindBigHorizontalLinearOverlap] #linears=640   5.00e-06s  0.00e+00d  [MergeClauses]   3.45e-04s  0.00e+00d  [DetectDominanceRelations]   2.73e-03s  0.00e+00d  [PresolveToFixPoint] #num_loops=1 #num_dual_strengthening=1   3.45e-04s  0.00e+00d  [DetectDominanceRelations]   2.71e-03s  0.00e+00d  [PresolveToFixPoint] #num_loops=1 #num_dual_strengthening=1   3.90e-05s  0.00e+00d  [DetectDuplicateColumns]   7.36e-04s  0.00e+00d  [DetectDuplicateConstraints] [Symmetry] Graph for symmetry has 22'402 nodes and 38'897 arcs.[Symmetry] Symmetry computation done. time: 0.005245 dtime: 0.0220131[Symmetry] #generators: 1, average support size: 5580[Symmetry] 2790 orbits on 5580 variables with sizes: 2,2,2,2,2,2,2,2,2,2,...  9.30e-04s  0.00e+00d  [DetectDuplicateConstraintsWithDifferentEnforcements]   2.72e-02s  2.06e-03d  [Probe] #probed=11'518 #new_binary_clauses=6   8.00e-06s  0.00e+00d  [MaxClique]   4.27e-04s  0.00e+00d  [DetectDominanceRelations]   3.34e-03s  0.00e+00d  [PresolveToFixPoint] #num_loops=1 #num_dual_strengthening=1   3.01e-04s  0.00e+00d  [ProcessAtMostOneAndLinear]   9.03e-04s  0.00e+00d  [DetectDuplicateConstraints]   9.05e-04s  0.00e+00d  [DetectDuplicateConstraintsWithDifferentEnforcements]   8.60e-05s  1.79e-05d  [DetectDominatedLinearConstraints] #relevant_constraints=640 #num_inclusions=4   3.40e-05s  0.00e+00d  [DetectDifferentVariables]   3.80e-05s  0.00e+00d  [ProcessSetPPC] #relevant_constraints=640   4.58e-04s  0.00e+00d  [TransformClausesToExactlyOne]   6.00e-06s  0.00e+00d  [DetectEncodedComplexDomains]   2.10e-05s  0.00e+00d  [FindAlmostIdenticalLinearConstraints]   7.00e-06s  0.00e+00d  [FindBigAtMostOneAndLinearOverlap]   1.99e-04s  3.68e-04d  [FindBigVerticalLinearOverlap]   4.20e-05s  2.96e-05d  [FindBigHorizontalLinearOverlap] #linears=640   6.00e-06s  0.00e+00d  [MergeClauses]   4.15e-04s  0.00e+00d  [DetectDominanceRelations]   3.46e-03s  0.00e+00d  [PresolveToFixPoint] #num_loops=1 #num_dual_strengthening=1   5.00e-06s  0.00e+00d  [MergeNoOverlap]   6.00e-06s  0.00e+00d  [MergeNoOverlap2D] Presolve summary:  - 66 affine relations were detected.  - rule 'TODO dual: only one blocking constraint?' was applied 25'500 times.  - rule 'affine: new relation' was applied 66 times.  - rule 'all_diff: propagate fixed expressions' was applied 1 time.  - rule 'all_diff: remove fixed expressions' was applied 1 time.  - rule 'lin_max: converted to equality' was applied 70 times.  - rule 'lin_max: removed exprs' was applied 4 times.  - rule 'lin_max: target domain reduced' was applied 4 times.  - rule 'linear1: x in domain' was applied 1 time.  - rule 'linear: always true' was applied 1 time.  - rule 'linear: divide by GCD' was applied 1 time.  - rule 'linear: empty' was applied 6 times.  - rule 'linear: fixed or dup variables' was applied 152 times.  - rule 'linear: reduced variable domains' was applied 4 times.  - rule 'linear: remapped using affine relations' was applied 12 times.  - rule 'presolve: 20 unused variables removed.' was applied 1 time.  - rule 'presolve: iteration' was applied 2 times.  - rule 'table: only one column!' was applied 1 time.  - rule 'table: reduce variable domain' was applied 1 time.  - rule 'variables: canonicalize affine domain' was applied 1 time.Presolved satisfaction model '': (model_fingerprint: 0x41a9e9221ea7f1b8)
#Variables: 5'855 (1'444 primary variables)
  - 5'694 Booleans in [0,1]
  - 1 in [0,1][3][7][15]
  - 160 in [1,511]
#kAllDiff: 1
#kLinMax: 4'250 (#expressions: 8'500)
#kLinearN: 640 (#terms: 5'916)[Symmetry] Graph for symmetry has 22'316 nodes and 38'897 arcs.[Symmetry] Symmetry computation done. time: 0.007159 dtime: 0.022008[Symmetry] #generators: 1, average support size: 5580[Symmetry] 2790 orbits on 5580 variables with sizes: 2,2,2,2,2,2,2,2,2,2,...Preloading model.Starting search at 0.11s with 1 workers.1 full problem subsolver: [main]#1      13.12s mainTask timing           n [     min,      max]      avg      dev     time         n [     min,      max]      avg      dev    dtime
      'main':         1 [  13.01s,   13.01s]   13.01s   0.00ns   13.01s         1 [   9.37s,    9.37s]    9.37s   0.00ns    9.37s
Search stats    Bools  Conflicts  Branches  Restarts  BacktrackToRoot  Backtrack  BoolPropag  IntegerPropag
       'main':  5'694      1'212   105'640         6           91'101     92'019      58'242        286'440
SAT formula    Fixed  Equiv  Total  VarLeft  BinaryClauses  PermanentClauses  TemporaryClauses
      'main':      0      0  5'694    5'694              6                 3               824
SAT stats    ClassicMinim  LitRemoved  LitRemovedBinary  LitLearned  LitForgotten  Subsumed
    'main':           203         978                 0      63'031             0        48
Vivification    Clauses  Decisions  LitTrue  Subsumed  LitRemoved  DecisionReused  Conflicts
       'main':       35         66        0         0           0               4          0
Clause deletion    at_true  l_and_not(l)  to_binary  sub_conflict  sub_extra  sub_decisions  sub_eager  sub_vivify  sub_probing  sub_inpro  blocked  eliminated  forgotten  promoted  conflicts
          'main':        0             0          0            41        337              0          7           0            0          0        0           0          0     1'969      1'212
Lp stats    Component  Iterations  AddedCuts  OPTIMAL  DUAL_F.  DUAL_U.
   'main':          1      68'809      3'986    4'644        0        0
Lp dimension        Final dimension of first component
       'main':  4477 rows, 5855 columns, 14817 entries
Lp debug    CutPropag  CutEqPropag  Adjust  Overflow     Bad  BadScaling
   'main':          0            0       0         0  13'113           0
Lp pool    Constraints  Updates  Simplif  Merged  Shortened  Split  Strengthened     Cuts/Call
  'main':       13'126      100        0       0          0      0         8'234  3'986/14'001
Lp Cut           main
         CG_FF:    36
          CG_K:    15
          CG_R:    42
         CG_RB:    15
        CG_RBP:    12
            IB:   736
      MIR_1_FF:   387
       MIR_1_K:   235
      MIR_1_KL:     1
       MIR_1_R:   204
      MIR_1_RB:    92
      MIR_2_FF:   656
       MIR_2_K:    37
      MIR_2_KL:     4
       MIR_2_R:    59
      MIR_2_RB:    80
     MIR_2_RBP:     1
      MIR_3_FF:   381
       MIR_3_K:    40
      MIR_3_KL:     4
       MIR_3_R:    35
      MIR_3_RB:    50
     MIR_3_RBP:     5
      MIR_4_FF:   166
       MIR_4_K:     8
      MIR_4_KL:     3
       MIR_4_R:    15
      MIR_4_RB:    36
     MIR_4_RBP:     4
      MIR_5_FF:    71
       MIR_5_K:     2
      MIR_5_KL:     3
       MIR_5_R:     9
      MIR_5_RB:    14
     MIR_5_RBP:     1
      MIR_6_FF:    35
       MIR_6_K:     1
      MIR_6_KL:     1
       MIR_6_R:     6
      MIR_6_RB:     8
  ZERO_HALF_FF:   132
   ZERO_HALF_R:   344
Solutions (1)    Num   Rank
        'main':    1  [0,0]
Solution repositories    Added  Queried  Synchro
    'alternative_path':      0        0        0
      'best_solutions':      1        0        1
   'fj solution hints':      0        0        0
LRAT_status: NACpSolverResponse summary:
status: OPTIMAL
objective: NA
best_bound: NA
integers: 5855
booleans: 5694
conflicts: 1212
branches: 105640
propagations: 58242
integer_propagations: 286440
restarts: 6
lp_iterations: 68809
walltime: 13.1232
usertime: 13.1232
deterministic_time: 9.37631
gap_integral: 0
solution_fingerprint: 0xcea6fe2c8d520b3f
