Starting CP-SAT solver v9.15.6755Parameters: random_seed: 0 max_time_in_seconds: 900 log_search_progress: true cp_model_presolve: true num_search_workers: 1Initial satisfaction model '': (model_fingerprint: 0xd2bb3280b836fb0b)
#Variables: 2'632 (685 primary variables)
  - 2'534 Booleans in [0,1]
  - 98 in [0,127]
#kAllDiff: 1
#kLinMax: 1'848 (#expressions: 3'696)
#kLinear1: 1
#kLinearN: 362 (#terms: 2'632)
#kTable: 1Starting presolve at 0.00s  1.59e-04s  0.00e+00d  [DetectDominanceRelations]   2.33e-03s  0.00e+00d  [PresolveToFixPoint] #num_loops=3 #num_dual_strengthening=1   1.00e-05s  0.00e+00d  [ExtractEncodingFromLinear] #potential_subsets=97   3.25e-04s  0.00e+00d  [DetectDuplicateColumns]   6.20e-04s  0.00e+00d  [DetectDuplicateConstraints] [Symmetry] Graph for symmetry has 58'658 nodes and 89'722 arcs.[Symmetry] Symmetry computation done. time: 0.006333 dtime: 0.0333292  6.88e-04s  0.00e+00d  [DetectDuplicateConstraintsWithDifferentEnforcements]   1.53e-01s  7.48e-01d  [Probe] #probed=53'178 #fixed_bools=40 #new_bounds=5 #equiv=2 #new_binary_clauses=62'823   8.05e-04s  2.65e-03d  [MaxClique]   1.07e-03s  0.00e+00d  [DetectDominanceRelations]   3.19e-02s  0.00e+00d  [PresolveToFixPoint] #num_loops=2 #num_dual_strengthening=1   4.38e-04s  0.00e+00d  [ProcessAtMostOneAndLinear]   6.29e-04s  0.00e+00d  [DetectDuplicateConstraints]   6.34e-04s  0.00e+00d  [DetectDuplicateConstraintsWithDifferentEnforcements]   8.50e-05s  7.97e-06d  [DetectDominatedLinearConstraints] #relevant_constraints=360 #num_inclusions=5   5.40e-05s  0.00e+00d  [DetectDifferentVariables]   3.00e-04s  4.15e-05d  [ProcessSetPPC] #relevant_constraints=487   1.10e-03s  0.00e+00d  [TransformClausesToExactlyOne] #num_amos=127   4.54e-03s  0.00e+00d  [DetectEncodedComplexDomains]   6.80e-05s  0.00e+00d  [FindAlmostIdenticalLinearConstraints]   6.30e-03s  2.95e-02d  [FindBigAtMostOneAndLinearOverlap]   2.54e-04s  4.39e-04d  [FindBigVerticalLinearOverlap]   5.60e-05s  1.31e-05d  [FindBigHorizontalLinearOverlap] #linears=360   3.70e-05s  0.00e+00d  [MergeClauses]   1.09e-03s  0.00e+00d  [DetectDominanceRelations]   1.83e-02s  0.00e+00d  [PresolveToFixPoint] #num_loops=1 #num_dual_strengthening=1   1.07e-03s  0.00e+00d  [DetectDominanceRelations]   1.79e-02s  0.00e+00d  [PresolveToFixPoint] #num_loops=1 #num_dual_strengthening=1   3.25e-04s  0.00e+00d  [DetectDuplicateColumns]   6.39e-04s  0.00e+00d  [DetectDuplicateConstraints] [Symmetry] Graph for symmetry has 58'536 nodes and 89'480 arcs.[Symmetry] Symmetry computation done. time: 0.005605 dtime: 0.0299332  7.02e-04s  0.00e+00d  [DetectDuplicateConstraintsWithDifferentEnforcements]   1.52e-01s  7.45e-01d  [Probe] #probed=53'088 #new_binary_clauses=62'753   7.72e-04s  2.65e-03d  [MaxClique]   1.09e-03s  0.00e+00d  [DetectDominanceRelations]   1.87e-02s  0.00e+00d  [PresolveToFixPoint] #num_loops=1 #num_dual_strengthening=1   4.14e-04s  0.00e+00d  [ProcessAtMostOneAndLinear]   5.95e-04s  0.00e+00d  [DetectDuplicateConstraints]   6.09e-04s  0.00e+00d  [DetectDuplicateConstraintsWithDifferentEnforcements]   8.10e-05s  7.97e-06d  [DetectDominatedLinearConstraints] #relevant_constraints=360 #num_inclusions=5   5.30e-05s  0.00e+00d  [DetectDifferentVariables]   2.78e-04s  4.15e-05d  [ProcessSetPPC] #relevant_constraints=487   1.07e-03s  0.00e+00d  [TransformClausesToExactlyOne] #num_amos=127   4.55e-03s  0.00e+00d  [DetectEncodedComplexDomains]   6.90e-05s  0.00e+00d  [FindAlmostIdenticalLinearConstraints]   5.90e-03s  2.95e-02d  [FindBigAtMostOneAndLinearOverlap]   2.65e-04s  4.39e-04d  [FindBigVerticalLinearOverlap]   5.90e-05s  1.31e-05d  [FindBigHorizontalLinearOverlap] #linears=360   3.10e-05s  0.00e+00d  [MergeClauses]   1.03e-03s  0.00e+00d  [DetectDominanceRelations]   1.82e-02s  0.00e+00d  [PresolveToFixPoint] #num_loops=1 #num_dual_strengthening=1   1.05e-03s  0.00e+00d  [DetectDominanceRelations]   1.78e-02s  0.00e+00d  [PresolveToFixPoint] #num_loops=1 #num_dual_strengthening=1   3.07e-04s  0.00e+00d  [DetectDuplicateColumns]   6.17e-04s  0.00e+00d  [DetectDuplicateConstraints] [Symmetry] Graph for symmetry has 58'536 nodes and 89'480 arcs.[Symmetry] Symmetry computation done. time: 0.00584 dtime: 0.0299332  6.66e-04s  0.00e+00d  [DetectDuplicateConstraintsWithDifferentEnforcements]   1.53e-01s  7.45e-01d  [Probe] #probed=53'088 #new_binary_clauses=62'753   7.83e-04s  2.65e-03d  [MaxClique]   1.08e-03s  0.00e+00d  [DetectDominanceRelations]   1.87e-02s  0.00e+00d  [PresolveToFixPoint] #num_loops=1 #num_dual_strengthening=1   4.29e-04s  0.00e+00d  [ProcessAtMostOneAndLinear]   6.46e-04s  0.00e+00d  [DetectDuplicateConstraints]   6.59e-04s  0.00e+00d  [DetectDuplicateConstraintsWithDifferentEnforcements]   8.30e-05s  7.97e-06d  [DetectDominatedLinearConstraints] #relevant_constraints=360 #num_inclusions=5   5.70e-05s  0.00e+00d  [DetectDifferentVariables]   2.91e-04s  4.15e-05d  [ProcessSetPPC] #relevant_constraints=487   1.12e-03s  0.00e+00d  [TransformClausesToExactlyOne] #num_amos=127   4.71e-03s  0.00e+00d  [DetectEncodedComplexDomains]   7.30e-05s  0.00e+00d  [FindAlmostIdenticalLinearConstraints]   6.23e-03s  2.95e-02d  [FindBigAtMostOneAndLinearOverlap]   2.62e-04s  4.39e-04d  [FindBigVerticalLinearOverlap]   6.00e-05s  1.31e-05d  [FindBigHorizontalLinearOverlap] #linears=360   3.50e-05s  0.00e+00d  [MergeClauses]   1.08e-03s  0.00e+00d  [DetectDominanceRelations]   1.85e-02s  0.00e+00d  [PresolveToFixPoint] #num_loops=1 #num_dual_strengthening=1   2.40e-05s  0.00e+00d  [MergeNoOverlap]   2.60e-05s  0.00e+00d  [MergeNoOverlap2D] Presolve summary:  - 54 affine relations were detected.  - rule 'TODO dual: only one blocking constraint?' was applied 16'146 times.  - rule 'affine: new relation' was applied 54 times.  - rule 'all_diff: expanded' was applied 1 time.  - rule 'all_diff: propagate fixed expressions' was applied 1 time.  - rule 'all_diff: remove fixed expressions' was applied 1 time.  - rule 'at_most_one: removed literals' was applied 8 times.  - rule 'deductions: 24314 stored' was applied 1 time.  - rule 'dual: make encoding equiv' was applied 97'240 times.  - rule 'enforcement: false literal' was applied 40 times.  - rule 'enforcement: true literal' was applied 40 times.  - rule 'lin_max: converted to equality' was applied 54 times.  - rule 'lin_max: removed exprs' was applied 3 times.  - rule 'lin_max: target domain reduced' was applied 3 times.  - rule 'linear1: x in domain' was applied 1 time.  - rule 'linear: always true' was applied 41 times.  - rule 'linear: divide by GCD' was applied 1 time.  - rule 'linear: empty' was applied 4 times.  - rule 'linear: fixed or dup variables' was applied 116 times.  - rule 'linear: reduced variable domains' was applied 2 times.  - rule 'linear: remapped using affine relations' was applied 11 times.  - rule 'linear: simplified rhs' was applied 1'854 times.  - rule 'new_bool: integer encoding' was applied 12'197 times.  - rule 'presolve: 54 unused variables removed.' was applied 1 time.  - rule 'presolve: iteration' was applied 3 times.  - rule 'table: only one column!' was applied 1 time.  - rule 'table: reduce variable domain' was applied 1 time.  - rule 'variables: add encoding constraint' was applied 12'197 times.  - rule 'variables: canonicalize affine domain' was applied 1 time.Presolved satisfaction model '': (model_fingerprint: 0x90f32f1e8ef9548f)
#Variables: 14'722 (12'831 primary variables)
  - 14'625 Booleans in [0,1]
  - 1 in [0,1][3][7][15]
  - 5 in [1,62][64,94][96,110][112,118][120,122][124]
  - 91 in [1,127]
#kAtMostOne: 127 (#literals: 12'157)
#kLinMax: 1'794 (#expressions: 3'588)
#kLinear1: 24'314 (#enforced: 24'314)
#kLinearN: 360 (#terms: 2'614)[Symmetry] Graph for symmetry has 58'428 nodes and 89'480 arcs.[Symmetry] Symmetry computation done. time: 0.006087 dtime: 0.0331183Preloading model.Starting search at 0.72s with 1 workers.1 full problem subsolver: [main]#1       1.26s mainTask timing           n [     min,      max]      avg      dev     time         n [     min,      max]      avg      dev    dtime
      'main':         1 [539.90ms, 539.90ms] 539.90ms   0.00ns 539.90ms         1 [   2.41s,    2.41s]    2.41s   0.00ns    2.41s
Search stats     Bools  Conflicts  Branches  Restarts  BacktrackToRoot  Backtrack  BoolPropag  IntegerPropag
       'main':  26'491          9   153'872         0           92'646    129'704  19'346'690        655'512
SAT formula    Fixed  Equiv   Total  VarLeft  BinaryClauses  PermanentClauses  TemporaryClauses
      'main':      0     98  26'491   26'393        195'160            11'971                 1
SAT stats    ClassicMinim  LitRemoved  LitRemovedBinary  LitLearned  LitForgotten  Subsumed
    'main':             0           0                 2          77             0         0
Vivification    Clauses  Decisions  LitTrue  Subsumed  LitRemoved  DecisionReused  Conflicts
       'main':   23'927     47'854        0         0           0               0          0
Clause deletion    at_true  l_and_not(l)  to_binary  sub_conflict  sub_extra  sub_decisions  sub_eager  sub_vivify  sub_probing  sub_inpro  blocked  eliminated  forgotten  promoted  conflicts
          'main':        0             0          0             0          0              0          0           0            0          0        0           0          0         3          9
Lp stats    Component  Iterations  AddedCuts  OPTIMAL  DUAL_F.  DUAL_U.
   'main':          1       3'547        173      268        0        0
Lp dimension       Final dimension of first component
       'main':  2015 rows, 2567 columns, 6554 entries
Lp debug    CutPropag  CutEqPropag  Adjust  Overflow  Bad  BadScaling
   'main':          0            0       0         0    0           0
Lp pool    Constraints  Updates  Simplif  Merged  Shortened  Split  Strengthened  Cuts/Call
  'main':        4'125        0        0       0          0      0             0    173/855
Lp Cut    main
     IB:   173
Solutions (1)    Num   Rank
        'main':    1  [0,0]
Solution repositories    Added  Queried  Synchro
    'alternative_path':      0        0        0
      'best_solutions':      1        0        1
   'fj solution hints':      0        0        0
LRAT_status: NACpSolverResponse summary:
status: OPTIMAL
objective: NA
best_bound: NA
integers: 2567
booleans: 26491
conflicts: 9
branches: 153872
propagations: 19346690
integer_propagations: 655512
restarts: 0
lp_iterations: 3547
walltime: 1.26562
usertime: 1.26562
deterministic_time: 4.74497
gap_integral: 0
solution_fingerprint: 0x4b9b0ff321a717ba
