Starting CP-SAT solver v9.15.6755Parameters: random_seed: 0 max_time_in_seconds: 900 log_search_progress: true cp_model_presolve: true num_search_workers: 1Initial satisfaction model '': (model_fingerprint: 0xeb73915a7cbfee27)
#Variables: 3'892 (685 primary variables)
  - 3'794 Booleans in [0,1]
  - 98 in [0,127]
#kAllDiff: 1
#kLinMax: 3'108 (#expressions: 6'216)
#kLinear1: 1
#kLinearN: 542 (#terms: 3'892)
#kTable: 1Starting presolve at 0.00s  2.31e-04s  0.00e+00d  [DetectDominanceRelations]   3.51e-03s  0.00e+00d  [PresolveToFixPoint] #num_loops=3 #num_dual_strengthening=1   1.10e-05s  0.00e+00d  [ExtractEncodingFromLinear] #potential_subsets=97   2.97e-04s  0.00e+00d  [DetectDuplicateColumns]   8.15e-04s  0.00e+00d  [DetectDuplicateConstraints] [Symmetry] Graph for symmetry has 63'787 nodes and 99'588 arcs.[Symmetry] Symmetry computation done. time: 0.006667 dtime: 0.033615  9.04e-04s  0.00e+00d  [DetectDuplicateConstraintsWithDifferentEnforcements]   1.69e-01s  7.48e-01d  [Probe] #probed=55'370 #fixed_bools=225 #new_bounds=11 #equiv=2 #new_binary_clauses=62'240   8.29e-04s  2.17e-03d  [MaxClique]   1.16e-03s  0.00e+00d  [DetectDominanceRelations]   3.27e-02s  0.00e+00d  [PresolveToFixPoint] #num_loops=2 #num_dual_strengthening=1   5.51e-04s  0.00e+00d  [ProcessAtMostOneAndLinear]   8.75e-04s  0.00e+00d  [DetectDuplicateConstraints]   8.57e-04s  0.00e+00d  [DetectDuplicateConstraintsWithDifferentEnforcements]   1.20e-04s  1.18e-05d  [DetectDominatedLinearConstraints] #relevant_constraints=540 #num_inclusions=7   8.20e-05s  0.00e+00d  [DetectDifferentVariables]   3.36e-04s  4.35e-05d  [ProcessSetPPC] #relevant_constraints=667   1.57e-03s  0.00e+00d  [TransformClausesToExactlyOne] #num_amos=127   9.25e-03s  0.00e+00d  [DetectEncodedComplexDomains]   1.59e-04s  0.00e+00d  [FindAlmostIdenticalLinearConstraints]   7.06e-03s  2.86e-02d  [FindBigAtMostOneAndLinearOverlap]   4.24e-04s  5.03e-04d  [FindBigVerticalLinearOverlap]   1.00e-04s  1.93e-05d  [FindBigHorizontalLinearOverlap] #linears=539   7.30e-05s  0.00e+00d  [MergeClauses]   1.13e-03s  0.00e+00d  [DetectDominanceRelations]   2.07e-02s  0.00e+00d  [PresolveToFixPoint] #num_loops=1 #num_dual_strengthening=1   1.15e-03s  0.00e+00d  [DetectDominanceRelations]   1.86e-02s  0.00e+00d  [PresolveToFixPoint] #num_loops=1 #num_dual_strengthening=1   3.36e-04s  0.00e+00d  [DetectDuplicateColumns]   8.72e-04s  0.00e+00d  [DetectDuplicateConstraints] [Symmetry] Graph for symmetry has 63'110 nodes and 98'236 arcs.[Symmetry] Symmetry computation done. time: 0.006757 dtime: 0.0309582  8.90e-04s  0.00e+00d  [DetectDuplicateConstraintsWithDifferentEnforcements]   1.69e-01s  7.31e-01d  [Probe] #probed=54'860 #new_binary_clauses=62'010   8.40e-04s  2.46e-03d  [MaxClique]   1.16e-03s  0.00e+00d  [DetectDominanceRelations]   1.94e-02s  0.00e+00d  [PresolveToFixPoint] #num_loops=1 #num_dual_strengthening=1   5.27e-04s  0.00e+00d  [ProcessAtMostOneAndLinear]   8.90e-04s  0.00e+00d  [DetectDuplicateConstraints]   8.76e-04s  0.00e+00d  [DetectDuplicateConstraintsWithDifferentEnforcements]   1.10e-04s  1.18e-05d  [DetectDominatedLinearConstraints] #relevant_constraints=540 #num_inclusions=7   6.40e-05s  0.00e+00d  [DetectDifferentVariables]   3.27e-04s  4.35e-05d  [ProcessSetPPC] #relevant_constraints=667   1.24e-03s  0.00e+00d  [TransformClausesToExactlyOne] #num_amos=127   4.84e-03s  0.00e+00d  [DetectEncodedComplexDomains]   7.90e-05s  0.00e+00d  [FindAlmostIdenticalLinearConstraints]   6.26e-03s  2.86e-02d  [FindBigAtMostOneAndLinearOverlap]   2.95e-04s  5.03e-04d  [FindBigVerticalLinearOverlap]   6.90e-05s  1.93e-05d  [FindBigHorizontalLinearOverlap] #linears=539   3.40e-05s  0.00e+00d  [MergeClauses]   1.10e-03s  0.00e+00d  [DetectDominanceRelations]   1.88e-02s  0.00e+00d  [PresolveToFixPoint] #num_loops=1 #num_dual_strengthening=1   1.13e-03s  0.00e+00d  [DetectDominanceRelations]   1.83e-02s  0.00e+00d  [PresolveToFixPoint] #num_loops=1 #num_dual_strengthening=1   3.15e-04s  0.00e+00d  [DetectDuplicateColumns]   8.18e-04s  0.00e+00d  [DetectDuplicateConstraints] [Symmetry] Graph for symmetry has 63'110 nodes and 98'236 arcs.[Symmetry] Symmetry computation done. time: 0.006182 dtime: 0.0309582  9.08e-04s  0.00e+00d  [DetectDuplicateConstraintsWithDifferentEnforcements]   1.67e-01s  7.31e-01d  [Probe] #probed=54'860 #new_binary_clauses=62'010   8.42e-04s  2.46e-03d  [MaxClique]   1.10e-03s  0.00e+00d  [DetectDominanceRelations]   1.83e-02s  0.00e+00d  [PresolveToFixPoint] #num_loops=1 #num_dual_strengthening=1   5.04e-04s  0.00e+00d  [ProcessAtMostOneAndLinear]   8.42e-04s  0.00e+00d  [DetectDuplicateConstraints]   8.21e-04s  0.00e+00d  [DetectDuplicateConstraintsWithDifferentEnforcements]   1.07e-04s  1.18e-05d  [DetectDominatedLinearConstraints] #relevant_constraints=540 #num_inclusions=7   6.40e-05s  0.00e+00d  [DetectDifferentVariables]   3.31e-04s  4.35e-05d  [ProcessSetPPC] #relevant_constraints=667   1.17e-03s  0.00e+00d  [TransformClausesToExactlyOne] #num_amos=127   4.78e-03s  0.00e+00d  [DetectEncodedComplexDomains]   7.20e-05s  0.00e+00d  [FindAlmostIdenticalLinearConstraints]   6.24e-03s  2.86e-02d  [FindBigAtMostOneAndLinearOverlap]   2.89e-04s  5.03e-04d  [FindBigVerticalLinearOverlap]   7.00e-05s  1.93e-05d  [FindBigHorizontalLinearOverlap] #linears=539   3.20e-05s  0.00e+00d  [MergeClauses]   1.08e-03s  0.00e+00d  [DetectDominanceRelations]   1.81e-02s  0.00e+00d  [PresolveToFixPoint] #num_loops=1 #num_dual_strengthening=1   2.40e-05s  0.00e+00d  [MergeNoOverlap]   2.60e-05s  0.00e+00d  [MergeNoOverlap2D] Presolve summary:  - 83 affine relations were detected.  - rule 'TODO dual: only one blocking constraint?' was applied 27'216 times.  - rule 'affine: new relation' was applied 83 times.  - rule 'all_diff: expanded' was applied 1 time.  - rule 'all_diff: propagate fixed expressions' was applied 1 time.  - rule 'all_diff: remove fixed expressions' was applied 1 time.  - rule 'at_most_one: removed literals' was applied 31 times.  - rule 'deductions: 23942 stored' was applied 1 time.  - rule 'dual: make encoding equiv' was applied 95'752 times.  - rule 'enforcement: false literal' was applied 225 times.  - rule 'enforcement: true literal' was applied 225 times.  - rule 'lin_max: converted to equality' was applied 84 times.  - rule 'lin_max: removed exprs' was applied 4 times.  - rule 'lin_max: target domain reduced' was applied 4 times.  - rule 'linear1: x in domain' was applied 1 time.  - rule 'linear: always true' was applied 226 times.  - rule 'linear: divide by GCD' was applied 1 time.  - rule 'linear: empty' was applied 5 times.  - rule 'linear: fixed or dup variables' was applied 177 times.  - rule 'linear: reduced variable domains' was applied 2 times.  - rule 'linear: remapped using affine relations' was applied 16 times.  - rule 'linear: simplified rhs' was applied 3'711 times.  - rule 'new_bool: integer encoding' was applied 12'196 times.  - rule 'presolve: 241 unused variables removed.' was applied 1 time.  - rule 'presolve: iteration' was applied 3 times.  - rule 'table: only one column!' was applied 1 time.  - rule 'table: reduce variable domain' was applied 1 time.  - rule 'variables: add encoding constraint' was applied 12'196 times.  - rule 'variables: canonicalize affine domain' was applied 1 time.Presolved satisfaction model '': (model_fingerprint: 0x19d2a917afc710b2)
#Variables: 15'765 (12'644 primary variables)
  - 15'668 Booleans in [0,1]
  - 1 in [0,1][3][7]
  - 3 in [1,30][32,46][48,54][56,58][60][64,78][80,86][88,90][92][96,102][104,106][108][112,114]
  - 4 in [1,30][32,46][48,54][56,58][60][64,78][80 ... ,90][92][96,102][104,106][108][112,114][116][120]
  - 4 in [1,115][117,119][121][123][125,127]
  - 85 in [1,127]
#kAtMostOne: 127 (#literals: 11'971)
#kLinMax: 3'024 (#expressions: 6'048)
#kLinear1: 23'942 (#enforced: 23'942)
#kLinearN: 540 (#terms: 3'873)[Symmetry] Graph for symmetry has 62'786 nodes and 98'236 arcs.[Symmetry] Symmetry computation done. time: 0.006194 dtime: 0.0309503Preloading model.Starting search at 0.80s with 1 workers.1 full problem subsolver: [main]#1      10.02s mainTask timing           n [     min,      max]      avg      dev     time         n [     min,      max]      avg      dev    dtime
      'main':         1 [   9.22s,    9.22s]    9.22s   0.00ns    9.22s         1 [  10.53s,   10.53s]   10.53s   0.00ns   10.53s
Search stats     Bools  Conflicts  Branches  Restarts  BacktrackToRoot  Backtrack  BoolPropag  IntegerPropag
       'main':  27'348        448   266'110         6          137'951    211'444  30'982'560      1'226'933
SAT formula    Fixed  Equiv   Total  VarLeft  BinaryClauses  PermanentClauses  TemporaryClauses
      'main':      0     97  27'348   27'251        192'558            11'843               381
SAT stats    ClassicMinim  LitRemoved  LitRemovedBinary  LitLearned  LitForgotten  Subsumed
    'main':            41         167             3'353      11'245             0         1
Vivification    Clauses  Decisions  LitTrue  Subsumed  LitRemoved  DecisionReused  Conflicts
       'main':   47'291     95'179        0         0           7               6          0
Clause deletion    at_true  l_and_not(l)  to_binary  sub_conflict  sub_extra  sub_decisions  sub_eager  sub_vivify  sub_probing  sub_inpro  blocked  eliminated  forgotten  promoted  conflicts
          'main':        0             0          0             1          0              0          0           0            0          0        0           0          0       564        448
Lp stats    Component  Iterations  AddedCuts  OPTIMAL  DUAL_F.  DUAL_U.
   'main':          1      72'145      2'205    4'599        1       18
Lp dimension       Final dimension of first component
       'main':  2864 rows, 3796 columns, 9497 entries
Lp debug    CutPropag  CutEqPropag  Adjust  Overflow     Bad  BadScaling
   'main':          0            0      13         0  14'616           0
Lp pool    Constraints  Updates  Simplif  Merged  Shortened  Split  Strengthened     Cuts/Call
  'main':        8'797       21        0       0          0      0           102  2'205/10'336
Lp Cut           main
         CG_FF:    52
          CG_K:    51
          CG_R:    35
         CG_RB:     4
        CG_RBP:     2
            IB:   394
      MIR_1_FF:   166
       MIR_1_K:    93
       MIR_1_R:   112
      MIR_1_RB:    42
      MIR_2_FF:   161
       MIR_2_K:   201
       MIR_2_R:    31
      MIR_2_RB:     9
      MIR_3_FF:    91
       MIR_3_K:   132
      MIR_3_KL:     1
       MIR_3_R:    19
      MIR_3_RB:    19
      MIR_4_FF:    62
       MIR_4_K:    80
       MIR_4_R:    19
      MIR_4_RB:     8
      MIR_5_FF:    30
       MIR_5_K:    43
      MIR_5_KL:     1
       MIR_5_R:     5
      MIR_5_RB:    12
      MIR_6_FF:    20
       MIR_6_K:    31
       MIR_6_R:     7
      MIR_6_RB:     6
  ZERO_HALF_FF:    50
   ZERO_HALF_K:     4
   ZERO_HALF_R:   199
  ZERO_HALF_RB:    13
Solutions (1)    Num   Rank
        'main':    1  [0,0]
Solution repositories    Added  Queried  Synchro
    'alternative_path':      0        0        0
      'best_solutions':      1        0        1
   'fj solution hints':      0        0        0
LRAT_status: NACpSolverResponse summary:
status: OPTIMAL
objective: NA
best_bound: NA
integers: 3796
booleans: 27348
conflicts: 448
branches: 266110
propagations: 30982560
integer_propagations: 1226933
restarts: 6
lp_iterations: 72145
walltime: 10.0203
usertime: 10.0203
deterministic_time: 12.831
gap_integral: 0
solution_fingerprint: 0xd7795714136e8462
