Starting CP-SAT solver v9.15.6755Parameters: random_seed: 0 max_time_in_seconds: 150 log_search_progress: true cp_model_presolve: true num_search_workers: 1Initial satisfaction model '': (model_fingerprint: 0xf8e903ed48756f07)
#Variables: 348 (95 primary variables)
  - 336 Booleans in [0,1]
  - 12 in [0,255]
#kAllDiff: 1
#kLinMax: 240 (#expressions: 480)
#kLinear1: 1
#kLinearN: 42 (#terms: 348)
#kTable: 1Starting presolve at 0.00s  2.00e-05s  0.00e+00d  [DetectDominanceRelations]   3.75e-04s  0.00e+00d  [PresolveToFixPoint] #num_loops=3 #num_dual_strengthening=1   3.00e-06s  0.00e+00d  [ExtractEncodingFromLinear] #potential_subsets=10   5.00e-06s  0.00e+00d  [DetectDuplicateColumns]   3.50e-05s  0.00e+00d  [DetectDuplicateConstraints] [Symmetry] Graph for symmetry has 1'082 nodes and 1'714 arcs.[Symmetry] Symmetry computation done. time: 0.000165 dtime: 0.00057389[Symmetry] #generators: 1, average support size: 220[Symmetry] 110 orbits on 220 variables with sizes: 2,2,2,2,2,2,2,2,2,2,...  3.10e-05s  0.00e+00d  [DetectDuplicateConstraintsWithDifferentEnforcements]   5.76e-04s  1.06e-04d  [Probe] #probed=630   1.00e-06s  0.00e+00d  [MaxClique]   1.90e-05s  0.00e+00d  [DetectDominanceRelations]   1.31e-04s  0.00e+00d  [PresolveToFixPoint] #num_loops=1 #num_dual_strengthening=1   2.10e-05s  0.00e+00d  [ProcessAtMostOneAndLinear]   3.20e-05s  0.00e+00d  [DetectDuplicateConstraints]   3.70e-05s  0.00e+00d  [DetectDuplicateConstraintsWithDifferentEnforcements]   1.00e-05s  1.08e-06d  [DetectDominatedLinearConstraints] #relevant_constraints=39 #num_inclusions=4   3.00e-06s  0.00e+00d  [DetectDifferentVariables]   4.00e-06s  0.00e+00d  [ProcessSetPPC] #relevant_constraints=39   3.00e-05s  0.00e+00d  [TransformClausesToExactlyOne]   1.00e-06s  0.00e+00d  [DetectEncodedComplexDomains]   2.00e-06s  0.00e+00d  [FindAlmostIdenticalLinearConstraints]   1.00e-06s  0.00e+00d  [FindBigAtMostOneAndLinearOverlap]   1.20e-05s  1.76e-05d  [FindBigVerticalLinearOverlap]   3.00e-06s  1.61e-06d  [FindBigHorizontalLinearOverlap] #linears=39   1.00e-06s  0.00e+00d  [MergeClauses]   1.80e-05s  0.00e+00d  [DetectDominanceRelations]   1.24e-04s  0.00e+00d  [PresolveToFixPoint] #num_loops=1 #num_dual_strengthening=1   1.80e-05s  0.00e+00d  [DetectDominanceRelations]   1.24e-04s  0.00e+00d  [PresolveToFixPoint] #num_loops=1 #num_dual_strengthening=1   4.00e-06s  0.00e+00d  [DetectDuplicateColumns]   3.40e-05s  0.00e+00d  [DetectDuplicateConstraints] [Symmetry] Graph for symmetry has 1'082 nodes and 1'714 arcs.[Symmetry] Symmetry computation done. time: 0.000148 dtime: 0.00057389[Symmetry] #generators: 1, average support size: 220[Symmetry] 110 orbits on 220 variables with sizes: 2,2,2,2,2,2,2,2,2,2,...  2.90e-05s  0.00e+00d  [DetectDuplicateConstraintsWithDifferentEnforcements]   5.58e-04s  1.06e-04d  [Probe] #probed=630   0.00e+00s  0.00e+00d  [MaxClique]   1.90e-05s  0.00e+00d  [DetectDominanceRelations]   1.27e-04s  0.00e+00d  [PresolveToFixPoint] #num_loops=1 #num_dual_strengthening=1   1.90e-05s  0.00e+00d  [ProcessAtMostOneAndLinear]   3.10e-05s  0.00e+00d  [DetectDuplicateConstraints]   3.90e-05s  0.00e+00d  [DetectDuplicateConstraintsWithDifferentEnforcements]   8.00e-06s  1.08e-06d  [DetectDominatedLinearConstraints] #relevant_constraints=39 #num_inclusions=4   2.00e-06s  0.00e+00d  [DetectDifferentVariables]   3.00e-06s  0.00e+00d  [ProcessSetPPC] #relevant_constraints=39   2.80e-05s  0.00e+00d  [TransformClausesToExactlyOne]   1.00e-06s  0.00e+00d  [DetectEncodedComplexDomains]   2.00e-06s  0.00e+00d  [FindAlmostIdenticalLinearConstraints]   0.00e+00s  0.00e+00d  [FindBigAtMostOneAndLinearOverlap]   9.00e-06s  1.76e-05d  [FindBigVerticalLinearOverlap]   3.00e-06s  1.61e-06d  [FindBigHorizontalLinearOverlap] #linears=39   1.00e-06s  0.00e+00d  [MergeClauses]   1.80e-05s  0.00e+00d  [DetectDominanceRelations]   1.22e-04s  0.00e+00d  [PresolveToFixPoint] #num_loops=1 #num_dual_strengthening=1   0.00e+00s  0.00e+00d  [MergeNoOverlap]   1.00e-06s  0.00e+00d  [MergeNoOverlap2D] Presolve summary:  - 63 affine relations were detected.  - rule 'TODO dual: only one blocking constraint?' was applied 1'032 times.  - rule 'affine: new relation' was applied 63 times.  - rule 'all_diff: propagate fixed expressions' was applied 1 time.  - rule 'all_diff: remove fixed expressions' was applied 1 time.  - rule 'lin_max: converted to equality' was applied 68 times.  - rule 'lin_max: removed exprs' was applied 6 times.  - rule 'lin_max: target domain reduced' was applied 6 times.  - rule 'linear1: x in domain' was applied 1 time.  - rule 'linear: always true' was applied 1 time.  - rule 'linear: divide by GCD' was applied 1 time.  - rule 'linear: empty' was applied 8 times.  - rule 'linear: fixed or dup variables' was applied 150 times.  - rule 'linear: reduced variable domains' was applied 4 times.  - rule 'linear: remapped using affine relations' was applied 10 times.  - rule 'new_bool: var with 2 values' was applied 1 time.  - rule 'presolve: 23 unused variables removed.' was applied 1 time.  - rule 'presolve: iteration' was applied 2 times.  - rule 'table: only one column!' was applied 1 time.  - rule 'table: reduce variable domain' was applied 1 time.  - rule 'variables with 2 values: create encoding literal' was applied 1 time.  - rule 'variables with 2 values: new affine relation' was applied 1 time.Presolved satisfaction model '': (model_fingerprint: 0x3114ae325f93263)
#Variables: 263 (81 primary variables)
  - 253 Booleans in [0,1]
  - 10 in [1,255]
#kAllDiff: 1
#kLinMax: 172 (#expressions: 344)
#kLinearN: 39 (#terms: 322)[Symmetry] Graph for symmetry has 996 nodes and 1'714 arcs.[Symmetry] Symmetry computation done. time: 0.00014 dtime: 0.00056873[Symmetry] #generators: 1, average support size: 220[Symmetry] 110 orbits on 220 variables with sizes: 2,2,2,2,2,2,2,2,2,2,...Preloading model.Starting search at 0.00s with 1 workers.1 full problem subsolver: [main]#1       0.01s mainTask timing           n [     min,      max]      avg      dev     time         n [     min,      max]      avg      dev    dtime
      'main':         1 [  6.57ms,   6.57ms]   6.57ms   0.00ns   6.57ms         1 [  6.52ms,   6.52ms]   6.52ms   0.00ns   6.52ms
Search stats    Bools  Conflicts  Branches  Restarts  BacktrackToRoot  Backtrack  BoolPropag  IntegerPropag
       'main':    253         65     1'866         1            1'530      1'599       1'703          6'363
SAT formula    Fixed  Equiv  Total  VarLeft  BinaryClauses  PermanentClauses  TemporaryClauses
      'main':      0      0    253      253              6                 8                49
SAT stats    ClassicMinim  LitRemoved  LitRemovedBinary  LitLearned  LitForgotten  Subsumed
    'main':             8          36                 0       1'642             0         1
Vivification    Clauses  Decisions  LitTrue  Subsumed  LitRemoved  DecisionReused  Conflicts
       'main':       19         47        0         1           6               6          0
Clause deletion    at_true  l_and_not(l)  to_binary  sub_conflict  sub_extra  sub_decisions  sub_eager  sub_vivify  sub_probing  sub_inpro  blocked  eliminated  forgotten  promoted  conflicts
          'main':        0             0          0             1          2              1          0           1            0          0        0           0          0        99         65
Lp stats    Component  Iterations  AddedCuts  OPTIMAL  DUAL_F.  DUAL_U.
   'main':          1         494         52       69        0        0
Lp dimension     Final dimension of first component
       'main':  319 rows, 263 columns, 1050 entries
Lp debug    CutPropag  CutEqPropag  Adjust  Overflow  Bad  BadScaling
   'main':          0            0       0         0    0           0
Lp pool    Constraints  Updates  Simplif  Merged  Shortened  Split  Strengthened  Cuts/Call
  'main':          435        0        0       0          0      0             0      52/54
Lp Cut    main
     IB:    52
Solutions (1)    Num   Rank
        'main':    1  [0,0]
Solution repositories    Added  Queried  Synchro
    'alternative_path':      0        0        0
      'best_solutions':      1        0        1
   'fj solution hints':      0        0        0
LRAT_status: NACpSolverResponse summary:
status: OPTIMAL
objective: NA
best_bound: NA
integers: 263
booleans: 253
conflicts: 65
branches: 1866
propagations: 1703
integer_propagations: 6363
restarts: 1
lp_iterations: 494
walltime: 0.01064
usertime: 0.01064
deterministic_time: 0.0067746
gap_integral: 0
solution_fingerprint: 0x91c9af41e63d2681
