Starting CP-SAT solver v9.15.6755Parameters: random_seed: 0 max_time_in_seconds: 900 log_search_progress: true cp_model_presolve: true num_search_workers: 1Initial satisfaction model '': (model_fingerprint: 0x4104bc6fda12b7a2)
#Variables: 7'866 (1'943 primary variables)
  - 7'704 Booleans in [0,1]
  - 162 in [0,4095]
#kAllDiff: 1
#kLinMax: 5'760 (#expressions: 11'520)
#kLinear1: 1
#kLinearN: 642 (#terms: 7'866)
#kTable: 1Starting presolve at 0.00s  4.73e-04s  0.00e+00d  [DetectDominanceRelations]   6.62e-03s  0.00e+00d  [PresolveToFixPoint] #num_loops=4 #num_dual_strengthening=1   2.00e-05s  0.00e+00d  [ExtractEncodingFromLinear] #potential_subsets=161   4.80e-05s  0.00e+00d  [DetectDuplicateColumns]   9.96e-04s  0.00e+00d  [DetectDuplicateConstraints] [Symmetry] Graph for symmetry has 29'518 nodes and 51'644 arcs.[Symmetry] Symmetry computation done. time: 0.007121 dtime: 0.0290122[Symmetry] #generators: 1, average support size: 7386[Symmetry] 3693 orbits on 7386 variables with sizes: 2,2,2,2,2,2,2,2,2,2,...  9.51e-04s  0.00e+00d  [DetectDuplicateConstraintsWithDifferentEnforcements]   2.40e-02s  2.78e-03d  [Probe] #probed=15'352 #new_binary_clauses=6   1.30e-05s  0.00e+00d  [MaxClique]   4.81e-04s  0.00e+00d  [DetectDominanceRelations]   3.83e-03s  0.00e+00d  [PresolveToFixPoint] #num_loops=1 #num_dual_strengthening=1   3.33e-04s  0.00e+00d  [ProcessAtMostOneAndLinear]   9.56e-04s  0.00e+00d  [DetectDuplicateConstraints]   9.31e-04s  0.00e+00d  [DetectDuplicateConstraintsWithDifferentEnforcements]   8.90e-05s  2.37e-05d  [DetectDominatedLinearConstraints] #relevant_constraints=640 #num_inclusions=4   3.30e-05s  0.00e+00d  [DetectDifferentVariables]   4.00e-05s  0.00e+00d  [ProcessSetPPC] #relevant_constraints=640   5.28e-04s  0.00e+00d  [TransformClausesToExactlyOne]   1.00e-05s  0.00e+00d  [DetectEncodedComplexDomains]   2.20e-05s  0.00e+00d  [FindAlmostIdenticalLinearConstraints]   8.00e-06s  0.00e+00d  [FindBigAtMostOneAndLinearOverlap]   2.40e-04s  6.05e-04d  [FindBigVerticalLinearOverlap]   3.80e-05s  3.92e-05d  [FindBigHorizontalLinearOverlap] #linears=640   7.00e-06s  0.00e+00d  [MergeClauses]   4.59e-04s  0.00e+00d  [DetectDominanceRelations]   3.49e-03s  0.00e+00d  [PresolveToFixPoint] #num_loops=1 #num_dual_strengthening=1   4.59e-04s  0.00e+00d  [DetectDominanceRelations]   3.43e-03s  0.00e+00d  [PresolveToFixPoint] #num_loops=1 #num_dual_strengthening=1   4.60e-05s  0.00e+00d  [DetectDuplicateColumns]   9.41e-04s  0.00e+00d  [DetectDuplicateConstraints] [Symmetry] Graph for symmetry has 29'518 nodes and 51'644 arcs.[Symmetry] Symmetry computation done. time: 0.00698 dtime: 0.0290122[Symmetry] #generators: 1, average support size: 7386[Symmetry] 3693 orbits on 7386 variables with sizes: 2,2,2,2,2,2,2,2,2,2,...  1.06e-03s  0.00e+00d  [DetectDuplicateConstraintsWithDifferentEnforcements]   2.45e-02s  2.78e-03d  [Probe] #probed=15'352 #new_binary_clauses=6   1.50e-05s  0.00e+00d  [MaxClique]   4.75e-04s  0.00e+00d  [DetectDominanceRelations]   3.73e-03s  0.00e+00d  [PresolveToFixPoint] #num_loops=1 #num_dual_strengthening=1   3.41e-04s  0.00e+00d  [ProcessAtMostOneAndLinear]   9.46e-04s  0.00e+00d  [DetectDuplicateConstraints]   9.25e-04s  0.00e+00d  [DetectDuplicateConstraintsWithDifferentEnforcements]   9.00e-05s  2.37e-05d  [DetectDominatedLinearConstraints] #relevant_constraints=640 #num_inclusions=4   3.40e-05s  0.00e+00d  [DetectDifferentVariables]   3.60e-05s  0.00e+00d  [ProcessSetPPC] #relevant_constraints=640   5.17e-04s  0.00e+00d  [TransformClausesToExactlyOne]   1.00e-05s  0.00e+00d  [DetectEncodedComplexDomains]   2.10e-05s  0.00e+00d  [FindAlmostIdenticalLinearConstraints]   8.00e-06s  0.00e+00d  [FindBigAtMostOneAndLinearOverlap]   2.36e-04s  6.05e-04d  [FindBigVerticalLinearOverlap]   3.60e-05s  3.92e-05d  [FindBigHorizontalLinearOverlap] #linears=640   7.00e-06s  0.00e+00d  [MergeClauses]   4.70e-04s  0.00e+00d  [DetectDominanceRelations]   3.43e-03s  0.00e+00d  [PresolveToFixPoint] #num_loops=1 #num_dual_strengthening=1   4.00e-06s  0.00e+00d  [MergeNoOverlap]   5.00e-06s  0.00e+00d  [MergeNoOverlap2D] Presolve summary:  - 93 affine relations were detected.  - rule 'TODO dual: only one blocking constraint?' was applied 33'960 times.  - rule 'affine: new relation' was applied 93 times.  - rule 'all_diff: propagate fixed expressions' was applied 1 time.  - rule 'all_diff: remove fixed expressions' was applied 1 time.  - rule 'lin_max: converted to equality' was applied 100 times.  - rule 'lin_max: removed exprs' was applied 7 times.  - rule 'lin_max: target domain reduced' was applied 7 times.  - rule 'linear1: x in domain' was applied 1 time.  - rule 'linear: always true' was applied 1 time.  - rule 'linear: divide by GCD' was applied 1 time.  - rule 'linear: empty' was applied 9 times.  - rule 'linear: fixed or dup variables' was applied 215 times.  - rule 'linear: reduced variable domains' was applied 4 times.  - rule 'linear: remapped using affine relations' was applied 12 times.  - rule 'presolve: 29 unused variables removed.' was applied 1 time.  - rule 'presolve: iteration' was applied 2 times.  - rule 'table: only one column!' was applied 1 time.  - rule 'table: reduce variable domain' was applied 1 time.  - rule 'variables: canonicalize affine domain' was applied 1 time.Presolved satisfaction model '': (model_fingerprint: 0x2c8a42fade91b55b)
#Variables: 7'745 (1'924 primary variables)
  - 7'584 Booleans in [0,1]
  - 1 in [0,1][3][7][15]
  - 160 in [1,4095]
#kAllDiff: 1
#kLinMax: 5'660 (#expressions: 11'320)
#kLinearN: 640 (#terms: 7'833)[Symmetry] Graph for symmetry has 29'396 nodes and 51'644 arcs.[Symmetry] Symmetry computation done. time: 0.007076 dtime: 0.0290048[Symmetry] #generators: 1, average support size: 7386[Symmetry] 3693 orbits on 7386 variables with sizes: 2,2,2,2,2,2,2,2,2,2,...Preloading model.Starting search at 0.13s with 1 workers.1 full problem subsolver: [main]#1     262.98s mainTask timing           n [     min,      max]      avg      dev     time         n [     min,      max]      avg      dev    dtime
      'main':         1 [   4.38m,    4.38m]    4.38m   0.00ns    4.38m         1 [   2.58m,    2.58m]    2.58m   0.00ns    2.58m
Search stats    Bools  Conflicts  Branches  Restarts  BacktrackToRoot  Backtrack  BoolPropag  IntegerPropag
       'main':  7'584     80'443   205'255         4           91'022    165'145   1'035'157      1'993'672
SAT formula    Fixed  Equiv  Total  VarLeft  BinaryClauses  PermanentClauses  TemporaryClauses
      'main':      0      0  7'584    7'584              6                 9             5'599
SAT stats    ClassicMinim  LitRemoved  LitRemovedBinary  LitLearned  LitForgotten  Subsumed
    'main':        57'279     404'585                 3  20'914'482     9'722'909    26'560
Vivification    Clauses  Decisions  LitTrue  Subsumed  LitRemoved  DecisionReused  Conflicts
       'main':       42         90        0         0           0               6          0
Clause deletion    at_true  l_and_not(l)  to_binary  sub_conflict  sub_extra  sub_decisions  sub_eager  sub_vivify  sub_probing  sub_inpro  blocked  eliminated  forgotten  promoted  conflicts
          'main':        0             0          0        26'332      7'637              0        228           0            0          0        0           0     40'638   231'219     80'443
Lp stats    Component  Iterations  AddedCuts  OPTIMAL  DUAL_F.  DUAL_U.
   'main':          1     882'145      1'933   96'689        0        6
Lp dimension        Final dimension of first component
       'main':  5033 rows, 7745 columns, 17016 entries
Lp debug    CutPropag  CutEqPropag  Adjust  Overflow    Bad  BadScaling
   'main':          0            0       3         0  1'493           0
Lp pool    Constraints  Updates  Simplif  Merged  Shortened  Split  Strengthened    Cuts/Call
  'main':       13'893        9        0       0          0      0           342  1'933/6'662
Lp Cut           main
         CG_FF:    32
          CG_R:     3
         CG_RB:     1
            IB:   703
      MIR_1_FF:   347
       MIR_1_K:    94
      MIR_1_RB:   135
      MIR_2_FF:   207
       MIR_2_K:    14
       MIR_2_R:     7
      MIR_2_RB:    52
      MIR_3_FF:   153
       MIR_3_K:     7
      MIR_3_KL:     1
       MIR_3_R:    23
      MIR_3_RB:    30
      MIR_4_FF:    37
       MIR_4_K:     3
       MIR_4_R:     2
      MIR_4_RB:    16
      MIR_5_FF:    20
       MIR_5_K:     1
       MIR_5_R:     1
      MIR_5_RB:     5
      MIR_6_FF:    10
       MIR_6_K:     1
      MIR_6_RB:     5
  ZERO_HALF_FF:     2
   ZERO_HALF_R:    11
  ZERO_HALF_RB:    10
Solutions (1)    Num   Rank
        'main':    1  [0,0]
Solution repositories    Added  Queried  Synchro
    'alternative_path':      0        0        0
      'best_solutions':      1        0        1
   'fj solution hints':      0        0        0
LRAT_status: NACpSolverResponse summary:
status: OPTIMAL
objective: NA
best_bound: NA
integers: 7745
booleans: 7584
conflicts: 80443
branches: 205255
propagations: 1035157
integer_propagations: 1993672
restarts: 4
lp_iterations: 882145
walltime: 262.981
usertime: 262.981
deterministic_time: 154.588
gap_integral: 0
solution_fingerprint: 0x93900990c011b226
