Starting CP-SAT solver v9.15.6755Parameters: random_seed: 0 max_time_in_seconds: 400 log_search_progress: true cp_model_presolve: true num_search_workers: 1Initial satisfaction model '': (model_fingerprint: 0xeb6089d9d1ba57a7)
#Variables: 1'662 (419 primary variables)
  - 1'620 Booleans in [0,1]
  - 42 in [0,1023]
#kAllDiff: 1
#kLinMax: 1'200 (#expressions: 2'400)
#kLinear1: 1
#kLinearN: 162 (#terms: 1'662)
#kTable: 1Starting presolve at 0.00s  9.40e-05s  0.00e+00d  [DetectDominanceRelations]   1.36e-03s  0.00e+00d  [PresolveToFixPoint] #num_loops=4 #num_dual_strengthening=1   7.00e-06s  0.00e+00d  [ExtractEncodingFromLinear] #potential_subsets=40   1.30e-05s  0.00e+00d  [DetectDuplicateColumns]   1.80e-04s  0.00e+00d  [DetectDuplicateConstraints] [Symmetry] Graph for symmetry has 5'986 nodes and 10'254 arcs.[Symmetry] Symmetry computation done. time: 0.001 dtime: 0.00417926[Symmetry] #generators: 1, average support size: 1418[Symmetry] 709 orbits on 1418 variables with sizes: 2,2,2,2,2,2,2,2,2,2,...  1.86e-04s  0.00e+00d  [DetectDuplicateConstraintsWithDifferentEnforcements]   3.46e-03s  5.65e-04d  [Probe] #probed=3'186   2.00e-06s  0.00e+00d  [MaxClique]   9.80e-05s  0.00e+00d  [DetectDominanceRelations]   7.03e-04s  0.00e+00d  [PresolveToFixPoint] #num_loops=1 #num_dual_strengthening=1   7.40e-05s  0.00e+00d  [ProcessAtMostOneAndLinear]   1.94e-04s  0.00e+00d  [DetectDuplicateConstraints]   1.91e-04s  0.00e+00d  [DetectDuplicateConstraintsWithDifferentEnforcements]   2.70e-05s  5.04e-06d  [DetectDominatedLinearConstraints] #relevant_constraints=159 #num_inclusions=4   8.00e-06s  0.00e+00d  [DetectDifferentVariables]   1.00e-05s  0.00e+00d  [ProcessSetPPC] #relevant_constraints=159   1.09e-04s  0.00e+00d  [TransformClausesToExactlyOne]   2.00e-06s  0.00e+00d  [DetectEncodedComplexDomains]   8.00e-06s  0.00e+00d  [FindAlmostIdenticalLinearConstraints]   2.00e-06s  0.00e+00d  [FindBigAtMostOneAndLinearOverlap]   5.00e-05s  1.09e-04d  [FindBigVerticalLinearOverlap]   1.00e-05s  8.15e-06d  [FindBigHorizontalLinearOverlap] #linears=159   3.00e-06s  0.00e+00d  [MergeClauses]   9.00e-05s  0.00e+00d  [DetectDominanceRelations]   6.80e-04s  0.00e+00d  [PresolveToFixPoint] #num_loops=1 #num_dual_strengthening=1   8.60e-05s  0.00e+00d  [DetectDominanceRelations]   6.60e-04s  0.00e+00d  [PresolveToFixPoint] #num_loops=1 #num_dual_strengthening=1   1.40e-05s  0.00e+00d  [DetectDuplicateColumns]   1.94e-04s  0.00e+00d  [DetectDuplicateConstraints] [Symmetry] Graph for symmetry has 5'986 nodes and 10'254 arcs.[Symmetry] Symmetry computation done. time: 0.000987 dtime: 0.00417926[Symmetry] #generators: 1, average support size: 1418[Symmetry] 709 orbits on 1418 variables with sizes: 2,2,2,2,2,2,2,2,2,2,...  1.78e-04s  0.00e+00d  [DetectDuplicateConstraintsWithDifferentEnforcements]   3.41e-03s  5.65e-04d  [Probe] #probed=3'186   2.00e-06s  0.00e+00d  [MaxClique]   9.00e-05s  0.00e+00d  [DetectDominanceRelations]   6.48e-04s  0.00e+00d  [PresolveToFixPoint] #num_loops=1 #num_dual_strengthening=1   7.40e-05s  0.00e+00d  [ProcessAtMostOneAndLinear]   1.90e-04s  0.00e+00d  [DetectDuplicateConstraints]   1.83e-04s  0.00e+00d  [DetectDuplicateConstraintsWithDifferentEnforcements]   2.60e-05s  5.04e-06d  [DetectDominatedLinearConstraints] #relevant_constraints=159 #num_inclusions=4   8.00e-06s  0.00e+00d  [DetectDifferentVariables]   9.00e-06s  0.00e+00d  [ProcessSetPPC] #relevant_constraints=159   1.06e-04s  0.00e+00d  [TransformClausesToExactlyOne]   2.00e-06s  0.00e+00d  [DetectEncodedComplexDomains]   7.00e-06s  0.00e+00d  [FindAlmostIdenticalLinearConstraints]   2.00e-06s  0.00e+00d  [FindBigAtMostOneAndLinearOverlap]   5.10e-05s  1.09e-04d  [FindBigVerticalLinearOverlap]   1.10e-05s  8.15e-06d  [FindBigHorizontalLinearOverlap] #linears=159   2.00e-06s  0.00e+00d  [MergeClauses]   9.10e-05s  0.00e+00d  [DetectDominanceRelations]   6.48e-04s  0.00e+00d  [PresolveToFixPoint] #num_loops=1 #num_dual_strengthening=1   1.00e-06s  0.00e+00d  [MergeNoOverlap]   1.00e-06s  0.00e+00d  [MergeNoOverlap2D] Presolve summary:  - 88 affine relations were detected.  - rule 'TODO dual: only one blocking constraint?' was applied 6'630 times.  - rule 'affine: new relation' was applied 88 times.  - rule 'all_diff: propagate fixed expressions' was applied 1 time.  - rule 'all_diff: remove fixed expressions' was applied 1 time.  - rule 'lin_max: converted to equality' was applied 95 times.  - rule 'lin_max: removed exprs' was applied 8 times.  - rule 'lin_max: target domain reduced' was applied 8 times.  - rule 'linear1: x in domain' was applied 1 time.  - rule 'linear: always true' was applied 1 time.  - rule 'linear: divide by GCD' was applied 1 time.  - rule 'linear: empty' was applied 10 times.  - rule 'linear: fixed or dup variables' was applied 206 times.  - rule 'linear: reduced variable domains' was applied 4 times.  - rule 'linear: remapped using affine relations' was applied 12 times.  - rule 'new_bool: var with 2 values' was applied 1 time.  - rule 'presolve: 29 unused variables removed.' was applied 1 time.  - rule 'presolve: iteration' was applied 2 times.  - rule 'table: only one column!' was applied 1 time.  - rule 'table: reduce variable domain' was applied 1 time.  - rule 'variables with 2 values: create encoding literal' was applied 1 time.  - rule 'variables with 2 values: new affine relation' was applied 1 time.Presolved satisfaction model '': (model_fingerprint: 0x63d1521c3da1bb0d)
#Variables: 1'546 (401 primary variables)
  - 1'506 Booleans in [0,1]
  - 40 in [1,1023]
#kAllDiff: 1
#kLinMax: 1'105 (#expressions: 2'210)
#kLinearN: 159 (#terms: 1'630)[Symmetry] Graph for symmetry has 5'869 nodes and 10'254 arcs.[Symmetry] Symmetry computation done. time: 0.000989 dtime: 0.00417224[Symmetry] #generators: 1, average support size: 1418[Symmetry] 709 orbits on 1418 variables with sizes: 2,2,2,2,2,2,2,2,2,2,...Preloading model.Starting search at 0.02s with 1 workers.1 full problem subsolver: [main]#1      10.84s mainTask timing           n [     min,      max]      avg      dev     time         n [     min,      max]      avg      dev    dtime
      'main':         1 [  10.82s,   10.82s]   10.82s   0.00ns   10.82s         1 [  14.24s,   14.24s]   14.24s   0.00ns   14.24s
Search stats    Bools  Conflicts  Branches  Restarts  BacktrackToRoot  Backtrack  BoolPropag  IntegerPropag
       'main':  1'506     10'870    48'292         4           18'519     29'301     362'558        714'244
SAT formula    Fixed  Equiv  Total  VarLeft  BinaryClauses  PermanentClauses  TemporaryClauses
      'main':      0      0  1'506    1'506             16               357             4'853
SAT stats    ClassicMinim  LitRemoved  LitRemovedBinary  LitLearned  LitForgotten  Subsumed
    'main':         6'422      44'509             2'111   1'072'332       533'646     1'152
Vivification    Clauses  Decisions  LitTrue  Subsumed  LitRemoved  DecisionReused  Conflicts
       'main':      528      2'526        0         1          32             110          2
Clause deletion    at_true  l_and_not(l)  to_binary  sub_conflict  sub_extra  sub_decisions  sub_eager  sub_vivify  sub_probing  sub_inpro  blocked  eliminated  forgotten  promoted  conflicts
          'main':        0             0          0         1'090        161              0         62           1            0          0        0           0      4'338    26'428     10'870
Lp stats    Component  Iterations  AddedCuts  OPTIMAL  DUAL_F.  DUAL_U.
   'main':          1     308'999        701   17'711        0    2'014
Lp dimension       Final dimension of first component
       'main':  1209 rows, 1546 columns, 4640 entries
Lp debug    CutPropag  CutEqPropag  Adjust  Overflow    Bad  BadScaling
   'main':          1            0   1'711         0  2'692           0
Lp pool    Constraints  Updates  Simplif  Merged  Shortened  Split  Strengthened  Cuts/Call
  'main':        3'070       14        0       0          0      0           614  701/1'861
Lp Cut           main
         CG_FF:    16
          CG_K:     4
          CG_R:    25
         CG_RB:    17
        CG_RBP:     2
            IB:   256
      MIR_1_FF:    78
       MIR_1_K:    21
       MIR_1_R:    10
      MIR_1_RB:    31
      MIR_2_FF:    54
       MIR_2_K:    12
       MIR_2_R:    36
      MIR_2_RB:    10
      MIR_3_FF:    22
       MIR_3_K:     5
       MIR_3_R:    13
      MIR_3_RB:     3
      MIR_4_FF:     8
       MIR_4_K:     5
       MIR_4_R:     3
      MIR_4_RB:     3
      MIR_5_FF:     1
       MIR_5_R:     1
      MIR_5_RB:     1
       MIR_6_R:     2
      MIR_6_RB:     2
  ZERO_HALF_FF:    53
   ZERO_HALF_R:     5
  ZERO_HALF_RB:     2
Solutions (1)    Num   Rank
        'main':    1  [0,0]
Solution repositories    Added  Queried  Synchro
    'alternative_path':      0        0        0
      'best_solutions':      1        0        1
   'fj solution hints':      0        0        0
LRAT_status: NACpSolverResponse summary:
status: OPTIMAL
objective: NA
best_bound: NA
integers: 1546
booleans: 1506
conflicts: 10870
branches: 48292
propagations: 362558
integer_propagations: 714244
restarts: 4
lp_iterations: 308999
walltime: 10.8401
usertime: 10.8401
deterministic_time: 14.2371
gap_integral: 0
solution_fingerprint: 0xf9904de3cfa19afc
