Starting CP-SAT solver v9.15.6755Parameters: random_seed: 0 max_time_in_seconds: 3600 log_search_progress: true cp_model_presolve: true num_search_workers: 1Initial satisfaction model '': (model_fingerprint: 0xb45d6de3a82c3137)
#Variables: 9'596 (2'609 primary variables)
  - 9'306 Booleans in [0,1]
  - 290 in [0,511]
#kAllDiff: 1
#kLinMax: 6'696 (#expressions: 13'392)
#kLinear1: 1
#kLinearN: 1'034 (#terms: 9'596)
#kTable: 1Starting presolve at 0.00s  5.37e-04s  0.00e+00d  [DetectDominanceRelations]   7.46e-03s  0.00e+00d  [PresolveToFixPoint] #num_loops=3 #num_dual_strengthening=1   2.60e-05s  0.00e+00d  [ExtractEncodingFromLinear] #potential_subsets=289   5.60e-05s  0.00e+00d  [DetectDuplicateColumns]   2.16e-03s  0.00e+00d  [DetectDuplicateConstraints] [Symmetry] Graph for symmetry has 36'003 nodes and 61'741 arcs.[Symmetry] Symmetry computation done. time: 0.007806 dtime: 0.0335186[Symmetry] #generators: 1, average support size: 8958[Symmetry] 4479 orbits on 8958 variables with sizes: 2,2,2,2,2,2,2,2,2,2,...  2.18e-03s  0.00e+00d  [DetectDuplicateConstraintsWithDifferentEnforcements]   3.67e-02s  3.37e-03d  [Probe] #probed=18'570 #new_binary_clauses=3   7.00e-06s  0.00e+00d  [MaxClique]   5.31e-04s  0.00e+00d  [DetectDominanceRelations]   4.53e-03s  0.00e+00d  [PresolveToFixPoint] #num_loops=1 #num_dual_strengthening=1   4.24e-04s  0.00e+00d  [ProcessAtMostOneAndLinear]   2.13e-03s  0.00e+00d  [DetectDuplicateConstraints]   2.09e-03s  0.00e+00d  [DetectDuplicateConstraintsWithDifferentEnforcements]   1.08e-04s  2.88e-05d  [DetectDominatedLinearConstraints] #relevant_constraints=1'032 #num_inclusions=4   4.80e-05s  0.00e+00d  [DetectDifferentVariables]   4.50e-05s  0.00e+00d  [ProcessSetPPC] #relevant_constraints=1'032   6.21e-04s  0.00e+00d  [TransformClausesToExactlyOne]   8.00e-06s  0.00e+00d  [DetectEncodedComplexDomains]   3.00e-05s  0.00e+00d  [FindAlmostIdenticalLinearConstraints]   1.00e-05s  0.00e+00d  [FindBigAtMostOneAndLinearOverlap]   2.35e-04s  5.94e-04d  [FindBigVerticalLinearOverlap]   5.00e-05s  4.78e-05d  [FindBigHorizontalLinearOverlap] #linears=1'031   9.00e-06s  0.00e+00d  [MergeClauses]   5.26e-04s  0.00e+00d  [DetectDominanceRelations]   4.10e-03s  0.00e+00d  [PresolveToFixPoint] #num_loops=1 #num_dual_strengthening=1   5.34e-04s  0.00e+00d  [DetectDominanceRelations]   4.05e-03s  0.00e+00d  [PresolveToFixPoint] #num_loops=1 #num_dual_strengthening=1   5.90e-05s  0.00e+00d  [DetectDuplicateColumns]   2.14e-03s  0.00e+00d  [DetectDuplicateConstraints] [Symmetry] Graph for symmetry has 36'003 nodes and 61'741 arcs.[Symmetry] Symmetry computation done. time: 0.007877 dtime: 0.0335186[Symmetry] #generators: 1, average support size: 8958[Symmetry] 4479 orbits on 8958 variables with sizes: 2,2,2,2,2,2,2,2,2,2,...  2.11e-03s  0.00e+00d  [DetectDuplicateConstraintsWithDifferentEnforcements]   3.68e-02s  3.37e-03d  [Probe] #probed=18'570 #new_binary_clauses=3   8.00e-06s  0.00e+00d  [MaxClique]   5.30e-04s  0.00e+00d  [DetectDominanceRelations]   4.23e-03s  0.00e+00d  [PresolveToFixPoint] #num_loops=1 #num_dual_strengthening=1   4.31e-04s  0.00e+00d  [ProcessAtMostOneAndLinear]   2.15e-03s  0.00e+00d  [DetectDuplicateConstraints]   2.16e-03s  0.00e+00d  [DetectDuplicateConstraintsWithDifferentEnforcements]   1.07e-04s  2.88e-05d  [DetectDominatedLinearConstraints] #relevant_constraints=1'032 #num_inclusions=4   4.90e-05s  0.00e+00d  [DetectDifferentVariables]   4.70e-05s  0.00e+00d  [ProcessSetPPC] #relevant_constraints=1'032   6.24e-04s  0.00e+00d  [TransformClausesToExactlyOne]   9.00e-06s  0.00e+00d  [DetectEncodedComplexDomains]   3.10e-05s  0.00e+00d  [FindAlmostIdenticalLinearConstraints]   1.10e-05s  0.00e+00d  [FindBigAtMostOneAndLinearOverlap]   2.35e-04s  5.94e-04d  [FindBigVerticalLinearOverlap]   4.90e-05s  4.78e-05d  [FindBigHorizontalLinearOverlap] #linears=1'031   8.00e-06s  0.00e+00d  [MergeClauses]   5.28e-04s  0.00e+00d  [DetectDominanceRelations]   4.09e-03s  0.00e+00d  [PresolveToFixPoint] #num_loops=1 #num_dual_strengthening=1   5.00e-06s  0.00e+00d  [MergeNoOverlap]   6.00e-06s  0.00e+00d  [MergeNoOverlap2D] Presolve summary:  - 64 affine relations were detected.  - rule 'TODO dual: only one blocking constraint?' was applied 39'762 times.  - rule 'affine: new relation' was applied 64 times.  - rule 'all_diff: propagate fixed expressions' was applied 1 time.  - rule 'all_diff: remove fixed expressions' was applied 1 time.  - rule 'lin_max: converted to equality' was applied 69 times.  - rule 'lin_max: removed exprs' was applied 5 times.  - rule 'lin_max: target domain reduced' was applied 5 times.  - rule 'linear1: x in domain' was applied 1 time.  - rule 'linear: always true' was applied 1 time.  - rule 'linear: divide by GCD' was applied 1 time.  - rule 'linear: empty' was applied 7 times.  - rule 'linear: fixed or dup variables' was applied 151 times.  - rule 'linear: reduced variable domains' was applied 4 times.  - rule 'linear: remapped using affine relations' was applied 10 times.  - rule 'presolve: 22 unused variables removed.' was applied 1 time.  - rule 'presolve: iteration' was applied 2 times.  - rule 'table: only one column!' was applied 1 time.  - rule 'table: reduce variable domain' was applied 1 time.  - rule 'variables: canonicalize affine domain' was applied 1 time.Presolved satisfaction model '': (model_fingerprint: 0xf6f32f8f88fbe2dd)
#Variables: 9'511 (2'595 primary variables)
  - 9'222 Booleans in [0,1]
  - 1 in [0,1][3][7]
  - 288 in [1,511]
#kAllDiff: 1
#kLinMax: 6'627 (#expressions: 13'254)
#kLinearN: 1'032 (#terms: 9'571)[Symmetry] Graph for symmetry has 35'917 nodes and 61'741 arcs.[Symmetry] Symmetry computation done. time: 0.007932 dtime: 0.0340215[Symmetry] #generators: 1, average support size: 8958[Symmetry] 4479 orbits on 8958 variables with sizes: 2,2,2,2,2,2,2,2,2,2,...Preloading model.Starting search at 0.17s with 1 workers.1 full problem subsolver: [main]#1     299.62s mainTask timing           n [     min,      max]      avg      dev     time         n [     min,      max]      avg      dev    dtime
      'main':         1 [   4.99m,    4.99m]    4.99m   0.00ns    4.99m         1 [   2.71m,    2.71m]    2.71m   0.00ns    2.71m
Search stats    Bools  Conflicts  Branches  Restarts  BacktrackToRoot  Backtrack  BoolPropag  IntegerPropag
       'main':  9'222      5'610   955'214        42          811'465    817'128     520'231      2'495'589
SAT formula    Fixed  Equiv  Total  VarLeft  BinaryClauses  PermanentClauses  TemporaryClauses
      'main':      0      0  9'222    9'222              4                 2             5'419
SAT stats    ClassicMinim  LitRemoved  LitRemovedBinary  LitLearned  LitForgotten  Subsumed
    'main':         2'860      23'129               336     796'161             0        70
Vivification    Clauses  Decisions  LitTrue  Subsumed  LitRemoved  DecisionReused  Conflicts
       'main':       96        190        0         0           0              80          0
Clause deletion    at_true  l_and_not(l)  to_binary  sub_conflict  sub_extra  sub_decisions  sub_eager  sub_vivify  sub_probing  sub_inpro  blocked  eliminated  forgotten  promoted  conflicts
          'main':        0             0          0            68        119              0          2           0            0          0        0           0          0     8'495      5'610
Lp stats    Component  Iterations  AddedCuts  OPTIMAL  DUAL_F.  DUAL_U.
   'main':          1     799'672      7'529   84'561       19      329
Lp dimension        Final dimension of first component
       'main':  5690 rows, 9511 columns, 20431 entries
Lp debug    CutPropag  CutEqPropag  Adjust  Overflow     Bad  BadScaling
   'main':          0            0     214         0  49'826           0
Lp pool    Constraints  Updates  Simplif  Merged  Shortened  Split  Strengthened     Cuts/Call
  'main':       21'815       98        0       0          0      0         1'404  7'529/63'223
Lp Cut             main
          CG_FF:    267
           CG_K:    133
          CG_KL:      5
           CG_R:    319
          CG_RB:    114
         CG_RBP:     48
             IB:  1'913
       MIR_1_FF:    946
        MIR_1_K:    778
       MIR_1_KL:     16
        MIR_1_R:    307
       MIR_1_RB:    235
       MIR_2_FF:  1'004
        MIR_2_K:    219
       MIR_2_KL:     20
        MIR_2_R:     47
       MIR_2_RB:     67
      MIR_2_RBP:      1
       MIR_3_FF:    362
        MIR_3_K:    107
       MIR_3_KL:      3
        MIR_3_R:     18
       MIR_3_RB:     53
       MIR_4_FF:    125
        MIR_4_K:     57
       MIR_4_KL:      3
        MIR_4_R:     14
       MIR_4_RB:     34
       MIR_5_FF:     81
        MIR_5_K:     33
        MIR_5_R:     10
       MIR_5_RB:     32
       MIR_6_FF:     33
        MIR_6_K:     11
       MIR_6_KL:      2
        MIR_6_R:      6
       MIR_6_RB:     17
   ZERO_HALF_FF:     42
    ZERO_HALF_K:     13
    ZERO_HALF_R:     26
   ZERO_HALF_RB:      4
  ZERO_HALF_RBP:      4
Solutions (1)    Num   Rank
        'main':    1  [0,0]
Solution repositories    Added  Queried  Synchro
    'alternative_path':      0        0        0
      'best_solutions':      1        0        1
   'fj solution hints':      0        0        0
LRAT_status: NACpSolverResponse summary:
status: OPTIMAL
objective: NA
best_bound: NA
integers: 9511
booleans: 9222
conflicts: 5610
branches: 955214
propagations: 520231
integer_propagations: 2495589
restarts: 42
lp_iterations: 799672
walltime: 299.626
usertime: 299.626
deterministic_time: 162.852
gap_integral: 0
solution_fingerprint: 0x69b3e93f8d7846f2
