Starting CP-SAT solver v9.15.6755Parameters: random_seed: 0 max_time_in_seconds: 900 log_search_progress: true cp_model_presolve: true num_search_workers: 1Initial satisfaction model '': (model_fingerprint: 0x8406c2ca56b9175e)
#Variables: 7'866 (1'943 primary variables)
  - 7'704 Booleans in [0,1]
  - 162 in [0,4095]
#kAllDiff: 1
#kLinMax: 5'760 (#expressions: 11'520)
#kLinear1: 1
#kLinearN: 642 (#terms: 7'866)
#kTable: 1Starting presolve at 0.00s  4.84e-04s  0.00e+00d  [DetectDominanceRelations]   6.47e-03s  0.00e+00d  [PresolveToFixPoint] #num_loops=4 #num_dual_strengthening=1   2.20e-05s  0.00e+00d  [ExtractEncodingFromLinear] #potential_subsets=161   5.00e-05s  0.00e+00d  [DetectDuplicateColumns]   9.85e-04s  0.00e+00d  [DetectDuplicateConstraints] [Symmetry] Graph for symmetry has 29'496 nodes and 51'601 arcs.[Symmetry] Symmetry computation done. time: 0.007118 dtime: 0.0289033[Symmetry] #generators: 1, average support size: 7382[Symmetry] 3691 orbits on 7382 variables with sizes: 2,2,2,2,2,2,2,2,2,2,...  1.02e-03s  0.00e+00d  [DetectDuplicateConstraintsWithDifferentEnforcements]   2.37e-02s  2.78e-03d  [Probe] #probed=15'348 #new_binary_clauses=3   1.20e-05s  0.00e+00d  [MaxClique]   4.69e-04s  0.00e+00d  [DetectDominanceRelations]   3.76e-03s  0.00e+00d  [PresolveToFixPoint] #num_loops=1 #num_dual_strengthening=1   3.40e-04s  0.00e+00d  [ProcessAtMostOneAndLinear]   9.92e-04s  0.00e+00d  [DetectDuplicateConstraints]   9.81e-04s  0.00e+00d  [DetectDuplicateConstraintsWithDifferentEnforcements]   9.90e-05s  2.37e-05d  [DetectDominatedLinearConstraints] #relevant_constraints=640 #num_inclusions=4   3.50e-05s  0.00e+00d  [DetectDifferentVariables]   3.90e-05s  0.00e+00d  [ProcessSetPPC] #relevant_constraints=640   5.24e-04s  0.00e+00d  [TransformClausesToExactlyOne]   1.10e-05s  0.00e+00d  [DetectEncodedComplexDomains]   2.30e-05s  0.00e+00d  [FindAlmostIdenticalLinearConstraints]   7.00e-06s  0.00e+00d  [FindBigAtMostOneAndLinearOverlap]   2.43e-04s  6.05e-04d  [FindBigVerticalLinearOverlap]   3.50e-05s  3.91e-05d  [FindBigHorizontalLinearOverlap] #linears=639   6.00e-06s  0.00e+00d  [MergeClauses]   4.67e-04s  0.00e+00d  [DetectDominanceRelations]   3.57e-03s  0.00e+00d  [PresolveToFixPoint] #num_loops=1 #num_dual_strengthening=1   4.61e-04s  0.00e+00d  [DetectDominanceRelations]   3.41e-03s  0.00e+00d  [PresolveToFixPoint] #num_loops=1 #num_dual_strengthening=1   4.60e-05s  0.00e+00d  [DetectDuplicateColumns]   9.66e-04s  0.00e+00d  [DetectDuplicateConstraints] [Symmetry] Graph for symmetry has 29'496 nodes and 51'601 arcs.[Symmetry] Symmetry computation done. time: 0.006985 dtime: 0.0289033[Symmetry] #generators: 1, average support size: 7382[Symmetry] 3691 orbits on 7382 variables with sizes: 2,2,2,2,2,2,2,2,2,2,...  1.01e-03s  0.00e+00d  [DetectDuplicateConstraintsWithDifferentEnforcements]   2.42e-02s  2.78e-03d  [Probe] #probed=15'348 #new_binary_clauses=3   1.10e-05s  0.00e+00d  [MaxClique]   4.94e-04s  0.00e+00d  [DetectDominanceRelations]   3.59e-03s  0.00e+00d  [PresolveToFixPoint] #num_loops=1 #num_dual_strengthening=1   3.27e-04s  0.00e+00d  [ProcessAtMostOneAndLinear]   1.01e-03s  0.00e+00d  [DetectDuplicateConstraints]   9.80e-04s  0.00e+00d  [DetectDuplicateConstraintsWithDifferentEnforcements]   9.00e-05s  2.37e-05d  [DetectDominatedLinearConstraints] #relevant_constraints=640 #num_inclusions=4   3.20e-05s  0.00e+00d  [DetectDifferentVariables]   3.40e-05s  0.00e+00d  [ProcessSetPPC] #relevant_constraints=640   5.13e-04s  0.00e+00d  [TransformClausesToExactlyOne]   1.10e-05s  0.00e+00d  [DetectEncodedComplexDomains]   2.20e-05s  0.00e+00d  [FindAlmostIdenticalLinearConstraints]   8.00e-06s  0.00e+00d  [FindBigAtMostOneAndLinearOverlap]   2.46e-04s  6.05e-04d  [FindBigVerticalLinearOverlap]   3.30e-05s  3.91e-05d  [FindBigHorizontalLinearOverlap] #linears=639   6.00e-06s  0.00e+00d  [MergeClauses]   4.63e-04s  0.00e+00d  [DetectDominanceRelations]   3.50e-03s  0.00e+00d  [PresolveToFixPoint] #num_loops=1 #num_dual_strengthening=1   4.00e-06s  0.00e+00d  [MergeNoOverlap]   5.00e-06s  0.00e+00d  [MergeNoOverlap2D] Presolve summary:  - 97 affine relations were detected.  - rule 'TODO dual: only one blocking constraint?' was applied 33'930 times.  - rule 'affine: new relation' was applied 97 times.  - rule 'all_diff: propagate fixed expressions' was applied 1 time.  - rule 'all_diff: remove fixed expressions' was applied 1 time.  - rule 'lin_max: converted to equality' was applied 105 times.  - rule 'lin_max: removed exprs' was applied 8 times.  - rule 'lin_max: target domain reduced' was applied 8 times.  - rule 'linear1: x in domain' was applied 1 time.  - rule 'linear: always true' was applied 1 time.  - rule 'linear: divide by GCD' was applied 1 time.  - rule 'linear: empty' was applied 10 times.  - rule 'linear: fixed or dup variables' was applied 226 times.  - rule 'linear: reduced variable domains' was applied 4 times.  - rule 'linear: remapped using affine relations' was applied 12 times.  - rule 'presolve: 31 unused variables removed.' was applied 1 time.  - rule 'presolve: iteration' was applied 2 times.  - rule 'table: only one column!' was applied 1 time.  - rule 'table: reduce variable domain' was applied 1 time.  - rule 'variables: canonicalize affine domain' was applied 1 time.Presolved satisfaction model '': (model_fingerprint: 0xf935e5bed5120b62)
#Variables: 7'739 (1'923 primary variables)
  - 7'578 Booleans in [0,1]
  - 1 in [0,1][3][7]
  - 160 in [1,4095]
#kAllDiff: 1
#kLinMax: 5'655 (#expressions: 11'310)
#kLinearN: 640 (#terms: 7'832)[Symmetry] Graph for symmetry has 29'368 nodes and 51'601 arcs.[Symmetry] Symmetry computation done. time: 0.006947 dtime: 0.0288956[Symmetry] #generators: 1, average support size: 7382[Symmetry] 3691 orbits on 7382 variables with sizes: 2,2,2,2,2,2,2,2,2,2,...Preloading model.Starting search at 0.13s with 1 workers.1 full problem subsolver: [main]#1      29.89s mainTask timing           n [     min,      max]      avg      dev     time         n [     min,      max]      avg      dev    dtime
      'main':         1 [  29.77s,   29.77s]   29.77s   0.00ns   29.77s         1 [  19.84s,   19.84s]   19.84s   0.00ns   19.84s
Search stats    Bools  Conflicts  Branches  Restarts  BacktrackToRoot  Backtrack  BoolPropag  IntegerPropag
       'main':  7'578      6'662   154'243         6          121'289    127'492     201'903        647'576
SAT formula    Fixed  Equiv  Total  VarLeft  BinaryClauses  PermanentClauses  TemporaryClauses
      'main':      0      0  7'578    7'578              4                 8             4'602
SAT stats    ClassicMinim  LitRemoved  LitRemovedBinary  LitLearned  LitForgotten  Subsumed
    'main':         3'188       8'520                14     650'248             0     1'507
Vivification    Clauses  Decisions  LitTrue  Subsumed  LitRemoved  DecisionReused  Conflicts
       'main':       67        340        0         0           0               6          0
Clause deletion    at_true  l_and_not(l)  to_binary  sub_conflict  sub_extra  sub_decisions  sub_eager  sub_vivify  sub_probing  sub_inpro  blocked  eliminated  forgotten  promoted  conflicts
          'main':        0             0          0         1'479        545              0         28           0            0          0        0           0          0    17'942      6'662
Lp stats    Component  Iterations  AddedCuts  OPTIMAL  DUAL_F.  DUAL_U.
   'main':          1     156'041      2'324   16'172        1       71
Lp dimension        Final dimension of first component
       'main':  4575 rows, 7739 columns, 16406 entries
Lp debug    CutPropag  CutEqPropag  Adjust  Overflow    Bad  BadScaling
   'main':          0            0      60         0  2'714           0
Lp pool    Constraints  Updates  Simplif  Merged  Shortened  Split  Strengthened    Cuts/Call
  'main':       14'274        8        0       0          0      0            99  2'324/8'019
Lp Cut            main
          CG_FF:    32
           CG_K:     7
          CG_KL:     2
           CG_R:    22
          CG_RB:    13
             IB:   779
       MIR_1_FF:   410
        MIR_1_K:   279
       MIR_1_KL:     2
        MIR_1_R:    17
       MIR_1_RB:   170
       MIR_2_FF:   148
        MIR_2_K:    11
        MIR_2_R:    93
       MIR_2_RB:    15
       MIR_3_FF:    33
        MIR_3_K:     3
        MIR_3_R:    23
       MIR_3_RB:     6
       MIR_4_FF:     9
        MIR_4_K:     1
        MIR_4_R:     4
       MIR_4_RB:     3
       MIR_5_FF:     3
        MIR_5_R:     1
       MIR_6_FF:     2
   ZERO_HALF_FF:    38
    ZERO_HALF_R:    10
   ZERO_HALF_RB:   154
  ZERO_HALF_RBP:    34
Solutions (1)    Num   Rank
        'main':    1  [0,0]
Solution repositories    Added  Queried  Synchro
    'alternative_path':      0        0        0
      'best_solutions':      1        0        1
   'fj solution hints':      0        0        0
LRAT_status: NACpSolverResponse summary:
status: OPTIMAL
objective: NA
best_bound: NA
integers: 7739
booleans: 7578
conflicts: 6662
branches: 154243
propagations: 201903
integer_propagations: 647576
restarts: 6
lp_iterations: 156041
walltime: 29.8937
usertime: 29.8937
deterministic_time: 19.8438
gap_integral: 0
solution_fingerprint: 0x96b846eca56c7f51
