Starting CP-SAT solver v9.15.6755Parameters: random_seed: 0 max_time_in_seconds: 900 log_search_progress: true cp_model_presolve: true num_search_workers: 1Initial satisfaction model '': (model_fingerprint: 0xef36cca97e3dd8a0)
#Variables: 2'632 (685 primary variables)
  - 2'534 Booleans in [0,1]
  - 98 in [0,127]
#kAllDiff: 1
#kLinMax: 1'848 (#expressions: 3'696)
#kLinear1: 1
#kLinearN: 362 (#terms: 2'632)
#kTable: 1Starting presolve at 0.00s  1.49e-04s  0.00e+00d  [DetectDominanceRelations]   2.26e-03s  0.00e+00d  [PresolveToFixPoint] #num_loops=3 #num_dual_strengthening=1   1.10e-05s  0.00e+00d  [ExtractEncodingFromLinear] #potential_subsets=97   3.45e-04s  0.00e+00d  [DetectDuplicateColumns]   6.60e-04s  0.00e+00d  [DetectDuplicateConstraints] [Symmetry] Graph for symmetry has 58'614 nodes and 89'640 arcs.[Symmetry] Symmetry computation done. time: 0.006614 dtime: 0.033211  6.97e-04s  0.00e+00d  [DetectDuplicateConstraintsWithDifferentEnforcements]   1.58e-01s  7.37e-01d  [Probe] #probed=52'514 #fixed_bools=408 #new_bounds=7 #equiv=2 #new_binary_clauses=61'550   9.30e-04s  2.46e-03d  [MaxClique]   1.02e-03s  0.00e+00d  [DetectDominanceRelations]   3.13e-02s  0.00e+00d  [PresolveToFixPoint] #num_loops=2 #num_dual_strengthening=1   4.30e-04s  0.00e+00d  [ProcessAtMostOneAndLinear]   6.47e-04s  0.00e+00d  [DetectDuplicateConstraints]   6.66e-04s  0.00e+00d  [DetectDuplicateConstraintsWithDifferentEnforcements]   8.70e-05s  7.96e-06d  [DetectDominatedLinearConstraints] #relevant_constraints=360 #num_inclusions=5   5.50e-05s  0.00e+00d  [DetectDifferentVariables]   2.95e-04s  4.04e-05d  [ProcessSetPPC] #relevant_constraints=486   1.16e-03s  0.00e+00d  [TransformClausesToExactlyOne] #num_amos=127   5.21e-03s  0.00e+00d  [DetectEncodedComplexDomains]   9.10e-05s  0.00e+00d  [FindAlmostIdenticalLinearConstraints]   5.65e-03s  2.77e-02d  [FindBigAtMostOneAndLinearOverlap]   3.09e-04s  4.30e-04d  [FindBigVerticalLinearOverlap]   6.60e-05s  1.30e-05d  [FindBigHorizontalLinearOverlap] #linears=359   3.80e-05s  0.00e+00d  [MergeClauses]   1.03e-03s  0.00e+00d  [DetectDominanceRelations]   1.82e-02s  0.00e+00d  [PresolveToFixPoint] #num_loops=1 #num_dual_strengthening=1   1.04e-03s  0.00e+00d  [DetectDominanceRelations]   1.82e-02s  0.00e+00d  [PresolveToFixPoint] #num_loops=1 #num_dual_strengthening=1   3.21e-04s  0.00e+00d  [DetectDuplicateColumns]   6.81e-04s  0.00e+00d  [DetectDuplicateConstraints] [Symmetry] Graph for symmetry has 57'388 nodes and 87'190 arcs.[Symmetry] Symmetry computation done. time: 0.006212 dtime: 0.0311099  6.77e-04s  0.00e+00d  [DetectDuplicateConstraintsWithDifferentEnforcements]   1.52e-01s  7.12e-01d  [Probe] #probed=51'600 #new_binary_clauses=61'179   8.72e-04s  2.95e-03d  [MaxClique]   1.04e-03s  0.00e+00d  [DetectDominanceRelations]   1.78e-02s  0.00e+00d  [PresolveToFixPoint] #num_loops=1 #num_dual_strengthening=1   4.37e-04s  0.00e+00d  [ProcessAtMostOneAndLinear]   6.61e-04s  0.00e+00d  [DetectDuplicateConstraints]   6.54e-04s  0.00e+00d  [DetectDuplicateConstraintsWithDifferentEnforcements]   8.90e-05s  7.96e-06d  [DetectDominatedLinearConstraints] #relevant_constraints=360 #num_inclusions=5   5.90e-05s  0.00e+00d  [DetectDifferentVariables]   3.05e-04s  4.04e-05d  [ProcessSetPPC] #relevant_constraints=486   1.14e-03s  0.00e+00d  [TransformClausesToExactlyOne] #num_amos=127   4.65e-03s  0.00e+00d  [DetectEncodedComplexDomains]   7.50e-05s  0.00e+00d  [FindAlmostIdenticalLinearConstraints]   5.69e-03s  2.77e-02d  [FindBigAtMostOneAndLinearOverlap]   2.67e-04s  4.30e-04d  [FindBigVerticalLinearOverlap]   6.70e-05s  1.30e-05d  [FindBigHorizontalLinearOverlap] #linears=359   3.10e-05s  0.00e+00d  [MergeClauses]   1.05e-03s  0.00e+00d  [DetectDominanceRelations]   1.75e-02s  0.00e+00d  [PresolveToFixPoint] #num_loops=1 #num_dual_strengthening=1   1.02e-03s  0.00e+00d  [DetectDominanceRelations]   1.71e-02s  0.00e+00d  [PresolveToFixPoint] #num_loops=1 #num_dual_strengthening=1   3.22e-04s  0.00e+00d  [DetectDuplicateColumns]   6.44e-04s  0.00e+00d  [DetectDuplicateConstraints] [Symmetry] Graph for symmetry has 57'388 nodes and 87'190 arcs.[Symmetry] Symmetry computation done. time: 0.005895 dtime: 0.0311099  6.96e-04s  0.00e+00d  [DetectDuplicateConstraintsWithDifferentEnforcements]   1.55e-01s  7.12e-01d  [Probe] #probed=51'600 #new_binary_clauses=61'179   8.66e-04s  2.95e-03d  [MaxClique]   1.06e-03s  0.00e+00d  [DetectDominanceRelations]   1.80e-02s  0.00e+00d  [PresolveToFixPoint] #num_loops=1 #num_dual_strengthening=1   4.12e-04s  0.00e+00d  [ProcessAtMostOneAndLinear]   6.67e-04s  0.00e+00d  [DetectDuplicateConstraints]   6.46e-04s  0.00e+00d  [DetectDuplicateConstraintsWithDifferentEnforcements]   8.90e-05s  7.96e-06d  [DetectDominatedLinearConstraints] #relevant_constraints=360 #num_inclusions=5   5.60e-05s  0.00e+00d  [DetectDifferentVariables]   3.03e-04s  4.04e-05d  [ProcessSetPPC] #relevant_constraints=486   1.11e-03s  0.00e+00d  [TransformClausesToExactlyOne] #num_amos=127   4.75e-03s  0.00e+00d  [DetectEncodedComplexDomains]   7.60e-05s  0.00e+00d  [FindAlmostIdenticalLinearConstraints]   5.56e-03s  2.77e-02d  [FindBigAtMostOneAndLinearOverlap]   2.75e-04s  4.30e-04d  [FindBigVerticalLinearOverlap]   6.70e-05s  1.30e-05d  [FindBigHorizontalLinearOverlap] #linears=359   4.20e-05s  0.00e+00d  [MergeClauses]   1.03e-03s  0.00e+00d  [DetectDominanceRelations]   1.77e-02s  0.00e+00d  [PresolveToFixPoint] #num_loops=1 #num_dual_strengthening=1   2.20e-05s  0.00e+00d  [MergeNoOverlap]   2.30e-05s  0.00e+00d  [MergeNoOverlap2D] Presolve summary:  - 60 affine relations were detected.  - rule 'TODO dual: only one blocking constraint?' was applied 16'074 times.  - rule 'affine: new relation' was applied 60 times.  - rule 'all_diff: expanded' was applied 1 time.  - rule 'all_diff: propagate fixed expressions' was applied 1 time.  - rule 'all_diff: remove fixed expressions' was applied 1 time.  - rule 'at_most_one: removed literals' was applied 74 times.  - rule 'deductions: 23574 stored' was applied 1 time.  - rule 'dual: make encoding equiv' was applied 94'280 times.  - rule 'enforcement: false literal' was applied 408 times.  - rule 'enforcement: true literal' was applied 408 times.  - rule 'lin_max: converted to equality' was applied 62 times.  - rule 'lin_max: removed exprs' was applied 5 times.  - rule 'lin_max: target domain reduced' was applied 5 times.  - rule 'linear1: x in domain' was applied 1 time.  - rule 'linear: always true' was applied 409 times.  - rule 'linear: divide by GCD' was applied 1 time.  - rule 'linear: empty' was applied 6 times.  - rule 'linear: fixed or dup variables' was applied 134 times.  - rule 'linear: reduced variable domains' was applied 2 times.  - rule 'linear: remapped using affine relations' was applied 11 times.  - rule 'linear: simplified rhs' was applied 1'625 times.  - rule 'new_bool: integer encoding' was applied 12'195 times.  - rule 'presolve: 426 unused variables removed.' was applied 1 time.  - rule 'presolve: iteration' was applied 3 times.  - rule 'table: only one column!' was applied 1 time.  - rule 'table: reduce variable domain' was applied 1 time.  - rule 'variables: add encoding constraint' was applied 12'195 times.  - rule 'variables: canonicalize affine domain' was applied 1 time.Presolved satisfaction model '': (model_fingerprint: 0x5e265cbdf4a5a920)
#Variables: 14'342 (12'459 primary variables)
  - 14'245 Booleans in [0,1]
  - 1 in [0,1][3]
  - 3 in [1,14][16,22][24,26][28][32,38][40,42][44 ... ][72,74][76][80,82][84][88][96,98][100][104][112]
  - 2 in [1,14][16,22][24,26][32,38][40,42][48,50][64,70][72,74][80,82][96,98]
  - 2 in [1,27][29,43][45,51][53,55][57][59][63,75 ... 91][95,99][101,103][105][107][111][113][115][119]
  - 89 in [1,127]
#kAtMostOne: 127 (#literals: 11'787)
#kLinMax: 1'786 (#expressions: 3'572)
#kLinear1: 23'574 (#enforced: 23'574)
#kLinear3: 1
#kLinearN: 359 (#terms: 2'609)[Symmetry] Graph for symmetry has 56'902 nodes and 87'190 arcs.[Symmetry] Symmetry computation done. time: 0.006144 dtime: 0.0310816Preloading model.Starting search at 0.73s with 1 workers.1 full problem subsolver: [main]#1      21.58s mainTask timing           n [     min,      max]      avg      dev     time         n [     min,      max]      avg      dev    dtime
      'main':         1 [  20.85s,   20.85s]   20.85s   0.00ns   20.85s         1 [  20.08s,   20.08s]   20.08s   0.00ns   20.08s
Search stats     Bools  Conflicts  Branches  Restarts  BacktrackToRoot  Backtrack  BoolPropag  IntegerPropag
       'main':  25'741      1'701   374'035        18          168'193    277'798  43'319'669      1'949'550
SAT formula    Fixed  Equiv   Total  VarLeft  BinaryClauses  PermanentClauses  TemporaryClauses
      'main':      0     96  25'741   25'645        190'204            11'983             1'257
SAT stats    ClassicMinim  LitRemoved  LitRemovedBinary  LitLearned  LitForgotten  Subsumed
    'main':           249         875            12'448      34'922             0        40
Vivification    Clauses  Decisions  LitTrue  Subsumed  LitRemoved  DecisionReused  Conflicts
       'main':   70'751    144'814        0         6          87             166          1
Clause deletion    at_true  l_and_not(l)  to_binary  sub_conflict  sub_extra  sub_decisions  sub_eager  sub_vivify  sub_probing  sub_inpro  blocked  eliminated  forgotten  promoted  conflicts
          'main':        0             0          0            39          5              0          1           6            1          0        0           0          0     1'961      1'701
Lp stats    Component  Iterations  AddedCuts  OPTIMAL  DUAL_F.  DUAL_U.
   'main':          1     168'180      4'391   15'322        0      142
Lp dimension       Final dimension of first component
       'main':  1640 rows, 2557 columns, 5821 entries
Lp debug    CutPropag  CutEqPropag  Adjust  Overflow     Bad  BadScaling
   'main':          0            0     104         0  23'424           0
Lp pool    Constraints  Updates  Simplif  Merged  Shortened  Split  Strengthened     Cuts/Call
  'main':        8'325       48        0       0          0      0         1'501  4'391/21'831
Lp Cut           main
         CG_FF:   119
          CG_K:    82
         CG_KL:     4
          CG_R:   158
         CG_RB:    53
        CG_RBP:    34
            IB:   496
      MIR_1_FF:   212
       MIR_1_K:   122
      MIR_1_KL:     5
       MIR_1_R:   199
      MIR_1_RB:    92
      MIR_2_FF:   430
       MIR_2_K:   272
      MIR_2_KL:    19
       MIR_2_R:    67
      MIR_2_RB:    44
      MIR_3_FF:   154
       MIR_3_K:   160
      MIR_3_KL:     6
       MIR_3_R:    38
      MIR_3_RB:    63
      MIR_4_FF:   129
       MIR_4_K:    83
      MIR_4_KL:     3
       MIR_4_R:    31
      MIR_4_RB:    47
      MIR_5_FF:    43
       MIR_5_K:    43
      MIR_5_KL:     1
       MIR_5_R:    19
      MIR_5_RB:    31
      MIR_6_FF:    32
       MIR_6_K:    34
      MIR_6_KL:     1
       MIR_6_R:    29
      MIR_6_RB:    25
  ZERO_HALF_FF:   361
   ZERO_HALF_K:    62
   ZERO_HALF_R:   448
  ZERO_HALF_RB:   140
Solutions (1)    Num   Rank
        'main':    1  [0,0]
Solution repositories    Added  Queried  Synchro
    'alternative_path':      0        0        0
      'best_solutions':      1        0        1
   'fj solution hints':      0        0        0
LRAT_status: NACpSolverResponse summary:
status: OPTIMAL
objective: NA
best_bound: NA
integers: 2557
booleans: 25741
conflicts: 1701
branches: 374035
propagations: 43319669
integer_propagations: 1949550
restarts: 18
lp_iterations: 168180
walltime: 21.5858
usertime: 21.5858
deterministic_time: 22.3362
gap_integral: 0
solution_fingerprint: 0x68c3512867462371
