Starting CP-SAT solver v9.15.6755Parameters: random_seed: 0 max_time_in_seconds: 900 log_search_progress: true cp_model_presolve: true num_search_workers: 1Initial satisfaction model '': (model_fingerprint: 0xe3cdefca57e6ee92)
#Variables: 5'940 (1'457 primary variables)
  - 5'778 Booleans in [0,1]
  - 162 in [0,511]
#kAllDiff: 1
#kLinMax: 4'320 (#expressions: 8'640)
#kLinear1: 1
#kLinearN: 642 (#terms: 5'940)
#kTable: 1Starting presolve at 0.00s  3.73e-04s  0.00e+00d  [DetectDominanceRelations]   5.08e-03s  0.00e+00d  [PresolveToFixPoint] #num_loops=4 #num_dual_strengthening=1   1.70e-05s  0.00e+00d  [ExtractEncodingFromLinear] #potential_subsets=161   3.70e-05s  0.00e+00d  [DetectDuplicateColumns]   7.22e-04s  0.00e+00d  [DetectDuplicateConstraints] [Symmetry] Graph for symmetry has 22'358 nodes and 38'811 arcs.[Symmetry] Symmetry computation done. time: 0.005221 dtime: 0.0217947[Symmetry] #generators: 1, average support size: 5572[Symmetry] 2786 orbits on 5572 variables with sizes: 2,2,2,2,2,2,2,2,2,2,...  7.61e-04s  0.00e+00d  [DetectDuplicateConstraintsWithDifferentEnforcements]   1.77e-02s  2.06e-03d  [Probe] #probed=11'510 #new_binary_clauses=1   7.00e-06s  0.00e+00d  [MaxClique]   3.47e-04s  0.00e+00d  [DetectDominanceRelations]   2.93e-03s  0.00e+00d  [PresolveToFixPoint] #num_loops=1 #num_dual_strengthening=1   2.50e-04s  0.00e+00d  [ProcessAtMostOneAndLinear]   7.57e-04s  0.00e+00d  [DetectDuplicateConstraints]   7.45e-04s  0.00e+00d  [DetectDuplicateConstraintsWithDifferentEnforcements]   7.60e-05s  1.79e-05d  [DetectDominatedLinearConstraints] #relevant_constraints=640 #num_inclusions=4   3.00e-05s  0.00e+00d  [DetectDifferentVariables]   2.90e-05s  0.00e+00d  [ProcessSetPPC] #relevant_constraints=639   3.94e-04s  0.00e+00d  [TransformClausesToExactlyOne]   8.00e-06s  0.00e+00d  [DetectEncodedComplexDomains]   1.90e-05s  0.00e+00d  [FindAlmostIdenticalLinearConstraints]   5.00e-06s  0.00e+00d  [FindBigAtMostOneAndLinearOverlap]   1.77e-04s  3.68e-04d  [FindBigVerticalLinearOverlap]   3.00e-05s  2.96e-05d  [FindBigHorizontalLinearOverlap] #linears=639   5.00e-06s  0.00e+00d  [MergeClauses]   3.43e-04s  0.00e+00d  [DetectDominanceRelations]   2.77e-03s  0.00e+00d  [PresolveToFixPoint] #num_loops=1 #num_dual_strengthening=1   3.39e-04s  0.00e+00d  [DetectDominanceRelations]   2.59e-03s  0.00e+00d  [PresolveToFixPoint] #num_loops=1 #num_dual_strengthening=1   3.80e-05s  0.00e+00d  [DetectDuplicateColumns]   7.05e-04s  0.00e+00d  [DetectDuplicateConstraints] [Symmetry] Graph for symmetry has 22'358 nodes and 38'811 arcs.[Symmetry] Symmetry computation done. time: 0.005156 dtime: 0.0217947[Symmetry] #generators: 1, average support size: 5572[Symmetry] 2786 orbits on 5572 variables with sizes: 2,2,2,2,2,2,2,2,2,2,...  7.42e-04s  0.00e+00d  [DetectDuplicateConstraintsWithDifferentEnforcements]   1.76e-02s  2.06e-03d  [Probe] #probed=11'510 #new_binary_clauses=1   8.00e-06s  0.00e+00d  [MaxClique]   3.48e-04s  0.00e+00d  [DetectDominanceRelations]   2.76e-03s  0.00e+00d  [PresolveToFixPoint] #num_loops=1 #num_dual_strengthening=1   2.53e-04s  0.00e+00d  [ProcessAtMostOneAndLinear]   7.02e-04s  0.00e+00d  [DetectDuplicateConstraints]   7.02e-04s  0.00e+00d  [DetectDuplicateConstraintsWithDifferentEnforcements]   6.70e-05s  1.79e-05d  [DetectDominatedLinearConstraints] #relevant_constraints=640 #num_inclusions=4   2.90e-05s  0.00e+00d  [DetectDifferentVariables]   3.00e-05s  0.00e+00d  [ProcessSetPPC] #relevant_constraints=639   3.95e-04s  0.00e+00d  [TransformClausesToExactlyOne]   5.00e-06s  0.00e+00d  [DetectEncodedComplexDomains]   1.80e-05s  0.00e+00d  [FindAlmostIdenticalLinearConstraints]   6.00e-06s  0.00e+00d  [FindBigAtMostOneAndLinearOverlap]   1.80e-04s  3.68e-04d  [FindBigVerticalLinearOverlap]   2.80e-05s  2.96e-05d  [FindBigHorizontalLinearOverlap] #linears=639   5.00e-06s  0.00e+00d  [MergeClauses]   3.48e-04s  0.00e+00d  [DetectDominanceRelations]   2.74e-03s  0.00e+00d  [PresolveToFixPoint] #num_loops=1 #num_dual_strengthening=1   3.00e-06s  0.00e+00d  [MergeNoOverlap]   4.00e-06s  0.00e+00d  [MergeNoOverlap2D] Presolve summary:  - 74 affine relations were detected.  - rule 'TODO dual: only one blocking constraint?' was applied 25'440 times.  - rule 'affine: new relation' was applied 74 times.  - rule 'all_diff: propagate fixed expressions' was applied 1 time.  - rule 'all_diff: remove fixed expressions' was applied 1 time.  - rule 'lin_max: converted to equality' was applied 80 times.  - rule 'lin_max: removed exprs' was applied 6 times.  - rule 'lin_max: target domain reduced' was applied 6 times.  - rule 'linear1: x in domain' was applied 1 time.  - rule 'linear: always true' was applied 1 time.  - rule 'linear: divide by GCD' was applied 1 time.  - rule 'linear: empty' was applied 8 times.  - rule 'linear: fixed or dup variables' was applied 174 times.  - rule 'linear: reduced variable domains' was applied 4 times.  - rule 'linear: remapped using affine relations' was applied 12 times.  - rule 'presolve: 24 unused variables removed.' was applied 1 time.  - rule 'presolve: iteration' was applied 2 times.  - rule 'table: only one column!' was applied 1 time.  - rule 'table: reduce variable domain' was applied 1 time.  - rule 'variables: canonicalize affine domain' was applied 1 time.Presolved satisfaction model '': (model_fingerprint: 0xe4458a59ee8a9)
#Variables: 5'843 (1'442 primary variables)
  - 5'682 Booleans in [0,1]
  - 1 in [0,1][3]
  - 160 in [1,511]
#kAllDiff: 1
#kLinMax: 4'240 (#expressions: 8'480)
#kLinear3: 1
#kLinearN: 639 (#terms: 5'911)[Symmetry] Graph for symmetry has 22'260 nodes and 38'811 arcs.[Symmetry] Symmetry computation done. time: 0.005129 dtime: 0.0217888[Symmetry] #generators: 1, average support size: 5572[Symmetry] 2786 orbits on 5572 variables with sizes: 2,2,2,2,2,2,2,2,2,2,...Preloading model.Starting search at 0.09s with 1 workers.1 full problem subsolver: [main]#1     495.95s mainTask timing           n [     min,      max]      avg      dev     time         n [     min,      max]      avg      dev    dtime
      'main':         1 [   8.26m,    8.26m]    8.26m   0.00ns    8.26m         1 [   5.28m,    5.28m]    5.28m   0.00ns    5.28m
Search stats    Bools  Conflicts   Branches  Restarts  BacktrackToRoot  Backtrack  BoolPropag  IntegerPropag
       'main':  5'682     15'833  1'282'282        90        1'056'457  1'072'610   1'000'420      3'746'502
SAT formula    Fixed  Equiv  Total  VarLeft  BinaryClauses  PermanentClauses  TemporaryClauses
      'main':      0      0  5'682    5'682              2               110            10'419
SAT stats    ClassicMinim  LitRemoved  LitRemovedBinary  LitLearned  LitForgotten  Subsumed
    'main':         7'566      27'850               172   1'652'218       535'247       361
Vivification    Clauses  Decisions  LitTrue  Subsumed  LitRemoved  DecisionReused  Conflicts
       'main':   11'343     63'066        0         1          14             453          0
Clause deletion    at_true  l_and_not(l)  to_binary  sub_conflict  sub_extra  sub_decisions  sub_eager  sub_vivify  sub_probing  sub_inpro  blocked  eliminated  forgotten  promoted  conflicts
          'main':        0             0          0           347         82              0         14           1            0          1        0           0      4'859    26'034     15'833
Lp stats    Component  Iterations  AddedCuts  OPTIMAL  DUAL_F.  DUAL_U.
   'main':          1   2'131'465     10'555  122'167       22    1'954
Lp dimension        Final dimension of first component
       'main':  3828 rows, 5843 columns, 14080 entries
Lp debug    CutPropag  CutEqPropag  Adjust  Overflow     Bad  BadScaling
   'main':          2            0   1'384         0  88'496           0
Lp pool    Constraints  Updates  Simplif  Merged  Shortened  Split  Strengthened      Cuts/Call
  'main':       18'675      273        0       0          0      3         9'558  10'555/72'078
Lp Cut             main
          CG_FF:    479
           CG_K:    246
          CG_KL:     12
           CG_R:    795
          CG_RB:    295
         CG_RBP:     89
             IB:  1'461
       MIR_1_FF:    890
        MIR_1_K:    434
       MIR_1_KL:     59
        MIR_1_R:    348
       MIR_1_RB:    325
       MIR_2_FF:  1'189
        MIR_2_K:    196
       MIR_2_KL:     26
        MIR_2_R:    145
       MIR_2_RB:    106
       MIR_3_FF:    540
        MIR_3_K:     96
       MIR_3_KL:     18
        MIR_3_R:     82
       MIR_3_RB:     75
      MIR_3_RBP:      5
       MIR_4_FF:    214
        MIR_4_K:     62
       MIR_4_KL:      7
        MIR_4_R:     68
       MIR_4_RB:     53
      MIR_4_RBP:      1
       MIR_5_FF:     97
        MIR_5_K:     21
       MIR_5_KL:      4
        MIR_5_R:     47
       MIR_5_RB:     44
      MIR_5_RBP:      4
       MIR_6_FF:     68
        MIR_6_K:     12
       MIR_6_KL:      5
        MIR_6_R:     19
       MIR_6_RB:     35
   ZERO_HALF_FF:    680
    ZERO_HALF_K:    196
    ZERO_HALF_R:    986
   ZERO_HALF_RB:     20
  ZERO_HALF_RBP:      1
Solutions (1)    Num   Rank
        'main':    1  [0,0]
Solution repositories    Added  Queried  Synchro
    'alternative_path':      0        0        0
      'best_solutions':      1        0        1
   'fj solution hints':      0        0        0
LRAT_status: NACpSolverResponse summary:
status: OPTIMAL
objective: NA
best_bound: NA
integers: 5843
booleans: 5682
conflicts: 15833
branches: 1282282
propagations: 1000420
integer_propagations: 3746502
restarts: 90
lp_iterations: 2131465
walltime: 495.947
usertime: 495.947
deterministic_time: 317.056
gap_integral: 0
solution_fingerprint: 0x7afe216d0a64bf3a
