Starting CP-SAT solver v9.15.6755Parameters: random_seed: 0 max_time_in_seconds: 900 log_search_progress: true cp_model_presolve: true num_search_workers: 1Initial satisfaction model '': (model_fingerprint: 0xeadd3fc7c92372d6)
#Variables: 6'582 (1'619 primary variables)
  - 6'420 Booleans in [0,1]
  - 162 in [0,1023]
#kAllDiff: 1
#kLinMax: 4'800 (#expressions: 9'600)
#kLinear1: 1
#kLinearN: 642 (#terms: 6'582)
#kTable: 1Starting presolve at 0.00s  3.89e-04s  0.00e+00d  [DetectDominanceRelations]   5.60e-03s  0.00e+00d  [PresolveToFixPoint] #num_loops=4 #num_dual_strengthening=1   1.80e-05s  0.00e+00d  [ExtractEncodingFromLinear] #potential_subsets=161   4.30e-05s  0.00e+00d  [DetectDuplicateColumns]   8.22e-04s  0.00e+00d  [DetectDuplicateConstraints] [Symmetry] Graph for symmetry has 24'752 nodes and 43'103 arcs.[Symmetry] Symmetry computation done. time: 0.005908 dtime: 0.0242372[Symmetry] #generators: 1, average support size: 6178[Symmetry] 3089 orbits on 6178 variables with sizes: 2,2,2,2,2,2,2,2,2,2,...  8.13e-04s  0.00e+00d  [DetectDuplicateConstraintsWithDifferentEnforcements]   2.02e-02s  2.30e-03d  [Probe] #probed=12'792 #new_binary_clauses=3   1.00e-05s  0.00e+00d  [MaxClique]   3.91e-04s  0.00e+00d  [DetectDominanceRelations]   3.30e-03s  0.00e+00d  [PresolveToFixPoint] #num_loops=1 #num_dual_strengthening=1   2.92e-04s  0.00e+00d  [ProcessAtMostOneAndLinear]   8.07e-04s  0.00e+00d  [DetectDuplicateConstraints]   7.73e-04s  0.00e+00d  [DetectDuplicateConstraintsWithDifferentEnforcements]   7.90e-05s  1.98e-05d  [DetectDominatedLinearConstraints] #relevant_constraints=640 #num_inclusions=4   3.10e-05s  0.00e+00d  [DetectDifferentVariables]   3.00e-05s  0.00e+00d  [ProcessSetPPC] #relevant_constraints=640   4.34e-04s  0.00e+00d  [TransformClausesToExactlyOne]   8.00e-06s  0.00e+00d  [DetectEncodedComplexDomains]   2.00e-05s  0.00e+00d  [FindAlmostIdenticalLinearConstraints]   6.00e-06s  0.00e+00d  [FindBigAtMostOneAndLinearOverlap]   1.98e-04s  4.41e-04d  [FindBigVerticalLinearOverlap]   3.40e-05s  3.28e-05d  [FindBigHorizontalLinearOverlap] #linears=639   6.00e-06s  0.00e+00d  [MergeClauses]   3.75e-04s  0.00e+00d  [DetectDominanceRelations]   2.92e-03s  0.00e+00d  [PresolveToFixPoint] #num_loops=1 #num_dual_strengthening=1   3.78e-04s  0.00e+00d  [DetectDominanceRelations]   2.87e-03s  0.00e+00d  [PresolveToFixPoint] #num_loops=1 #num_dual_strengthening=1   4.20e-05s  0.00e+00d  [DetectDuplicateColumns]   7.76e-04s  0.00e+00d  [DetectDuplicateConstraints] [Symmetry] Graph for symmetry has 24'752 nodes and 43'103 arcs.[Symmetry] Symmetry computation done. time: 0.007481 dtime: 0.0242372[Symmetry] #generators: 1, average support size: 6178[Symmetry] 3089 orbits on 6178 variables with sizes: 2,2,2,2,2,2,2,2,2,2,...  8.19e-04s  0.00e+00d  [DetectDuplicateConstraintsWithDifferentEnforcements]   2.01e-02s  2.30e-03d  [Probe] #probed=12'792 #new_binary_clauses=3   1.00e-05s  0.00e+00d  [MaxClique]   4.02e-04s  0.00e+00d  [DetectDominanceRelations]   3.06e-03s  0.00e+00d  [PresolveToFixPoint] #num_loops=1 #num_dual_strengthening=1   2.81e-04s  0.00e+00d  [ProcessAtMostOneAndLinear]   8.22e-04s  0.00e+00d  [DetectDuplicateConstraints]   8.05e-04s  0.00e+00d  [DetectDuplicateConstraintsWithDifferentEnforcements]   8.00e-05s  1.98e-05d  [DetectDominatedLinearConstraints] #relevant_constraints=640 #num_inclusions=4   3.00e-05s  0.00e+00d  [DetectDifferentVariables]   3.00e-05s  0.00e+00d  [ProcessSetPPC] #relevant_constraints=640   4.49e-04s  0.00e+00d  [TransformClausesToExactlyOne]   8.00e-06s  0.00e+00d  [DetectEncodedComplexDomains]   2.10e-05s  0.00e+00d  [FindAlmostIdenticalLinearConstraints]   7.00e-06s  0.00e+00d  [FindBigAtMostOneAndLinearOverlap]   2.00e-04s  4.41e-04d  [FindBigVerticalLinearOverlap]   3.00e-05s  3.28e-05d  [FindBigHorizontalLinearOverlap] #linears=639   6.00e-06s  0.00e+00d  [MergeClauses]   3.75e-04s  0.00e+00d  [DetectDominanceRelations]   2.97e-03s  0.00e+00d  [PresolveToFixPoint] #num_loops=1 #num_dual_strengthening=1   4.00e-06s  0.00e+00d  [MergeNoOverlap]   4.00e-06s  0.00e+00d  [MergeNoOverlap2D] Presolve summary:  - 79 affine relations were detected.  - rule 'TODO dual: only one blocking constraint?' was applied 28'290 times.  - rule 'affine: new relation' was applied 79 times.  - rule 'all_diff: propagate fixed expressions' was applied 1 time.  - rule 'all_diff: remove fixed expressions' was applied 1 time.  - rule 'lin_max: converted to equality' was applied 85 times.  - rule 'lin_max: removed exprs' was applied 6 times.  - rule 'lin_max: target domain reduced' was applied 6 times.  - rule 'linear1: x in domain' was applied 1 time.  - rule 'linear: always true' was applied 1 time.  - rule 'linear: divide by GCD' was applied 1 time.  - rule 'linear: empty' was applied 8 times.  - rule 'linear: fixed or dup variables' was applied 184 times.  - rule 'linear: reduced variable domains' was applied 4 times.  - rule 'linear: remapped using affine relations' was applied 12 times.  - rule 'presolve: 25 unused variables removed.' was applied 1 time.  - rule 'presolve: iteration' was applied 2 times.  - rule 'table: only one column!' was applied 1 time.  - rule 'table: reduce variable domain' was applied 1 time.  - rule 'variables: canonicalize affine domain' was applied 1 time.Presolved satisfaction model '': (model_fingerprint: 0x8918e59be9e063b6)
#Variables: 6'479 (1'603 primary variables)
  - 6'318 Booleans in [0,1]
  - 1 in [0,1][3][7]
  - 160 in [1,1023]
#kAllDiff: 1
#kLinMax: 4'715 (#expressions: 9'430)
#kLinearN: 640 (#terms: 6'554)[Symmetry] Graph for symmetry has 24'648 nodes and 43'103 arcs.[Symmetry] Symmetry computation done. time: 0.005845 dtime: 0.024231[Symmetry] #generators: 1, average support size: 6178[Symmetry] 3089 orbits on 6178 variables with sizes: 2,2,2,2,2,2,2,2,2,2,...Preloading model.Starting search at 0.11s with 1 workers.1 full problem subsolver: [main]#1      58.71s mainTask timing           n [     min,      max]      avg      dev     time         n [     min,      max]      avg      dev    dtime
      'main':         1 [  58.60s,   58.60s]   58.60s   0.00ns   58.60s         1 [  38.09s,   38.09s]   38.09s   0.00ns   38.09s
Search stats    Bools  Conflicts  Branches  Restarts  BacktrackToRoot  Backtrack  BoolPropag  IntegerPropag
       'main':  6'318      7'539   297'162        18          252'730    259'980     223'176        918'595
SAT formula    Fixed  Equiv  Total  VarLeft  BinaryClauses  PermanentClauses  TemporaryClauses
      'main':      0      0  6'318    6'318              4                 4             5'024
SAT stats    ClassicMinim  LitRemoved  LitRemovedBinary  LitLearned  LitForgotten  Subsumed
    'main':         4'532      14'657                86     528'600             0     2'123
Vivification    Clauses  Decisions  LitTrue  Subsumed  LitRemoved  DecisionReused  Conflicts
       'main':       73        175        0         0           0              10          0
Clause deletion    at_true  l_and_not(l)  to_binary  sub_conflict  sub_extra  sub_decisions  sub_eager  sub_vivify  sub_probing  sub_inpro  blocked  eliminated  forgotten  promoted  conflicts
          'main':        0             0          0         2'096        388              0         27           0            0          0        0           0          0    18'043      7'539
Lp stats    Component  Iterations  AddedCuts  OPTIMAL  DUAL_F.  DUAL_U.
   'main':          1     321'891      3'381   26'939        0       93
Lp dimension        Final dimension of first component
       'main':  3989 rows, 6479 columns, 14144 entries
Lp debug    CutPropag  CutEqPropag  Adjust  Overflow    Bad  BadScaling
   'main':          0            0      65         0  9'927           0
Lp pool    Constraints  Updates  Simplif  Merged  Shortened  Split  Strengthened     Cuts/Call
  'main':       13'451       56        0       0          0      0         1'557  3'381/17'762
Lp Cut            main
          CG_FF:    81
           CG_K:    28
           CG_R:    87
          CG_RB:    25
         CG_RBP:    15
             IB:   982
       MIR_1_FF:   527
        MIR_1_K:   252
       MIR_1_KL:     8
        MIR_1_R:    35
       MIR_1_RB:   110
       MIR_2_FF:   355
        MIR_2_K:     7
       MIR_2_KL:     1
        MIR_2_R:   168
       MIR_2_RB:    47
       MIR_3_FF:   130
        MIR_3_K:     3
        MIR_3_R:    48
       MIR_3_RB:    28
       MIR_4_FF:    49
        MIR_4_K:     3
        MIR_4_R:     8
       MIR_4_RB:     9
       MIR_5_FF:    27
        MIR_5_R:     5
       MIR_5_RB:     5
       MIR_6_FF:    12
        MIR_6_K:     1
        MIR_6_R:     4
       MIR_6_RB:     2
   ZERO_HALF_FF:   125
    ZERO_HALF_R:   104
   ZERO_HALF_RB:    51
  ZERO_HALF_RBP:    39
Solutions (1)    Num   Rank
        'main':    1  [0,0]
Solution repositories    Added  Queried  Synchro
    'alternative_path':      0        0        0
      'best_solutions':      1        0        1
   'fj solution hints':      0        0        0
LRAT_status: NACpSolverResponse summary:
status: OPTIMAL
objective: NA
best_bound: NA
integers: 6479
booleans: 6318
conflicts: 7539
branches: 297162
propagations: 223176
integer_propagations: 918595
restarts: 18
lp_iterations: 321891
walltime: 58.7066
usertime: 58.7066
deterministic_time: 38.0983
gap_integral: 0
solution_fingerprint: 0x5dd0a34a61782401
