Starting CP-SAT solver v9.15.6755Parameters: random_seed: 0 max_time_in_seconds: 900 log_search_progress: true cp_model_presolve: true num_search_workers: 1Initial satisfaction model '': (model_fingerprint: 0xb0e223f644d769e8)
#Variables: 2'632 (685 primary variables)
  - 2'534 Booleans in [0,1]
  - 98 in [0,127]
#kAllDiff: 1
#kLinMax: 1'848 (#expressions: 3'696)
#kLinear1: 1
#kLinearN: 362 (#terms: 2'632)
#kTable: 1Starting presolve at 0.00s  1.59e-04s  0.00e+00d  [DetectDominanceRelations]   2.28e-03s  0.00e+00d  [PresolveToFixPoint] #num_loops=3 #num_dual_strengthening=1   9.00e-06s  0.00e+00d  [ExtractEncodingFromLinear] #potential_subsets=97   3.21e-04s  0.00e+00d  [DetectDuplicateColumns]   6.70e-04s  0.00e+00d  [DetectDuplicateConstraints] [Symmetry] Graph for symmetry has 58'636 nodes and 89'681 arcs.[Symmetry] Symmetry computation done. time: 0.006366 dtime: 0.0332701  6.75e-04s  0.00e+00d  [DetectDuplicateConstraintsWithDifferentEnforcements]   1.53e-01s  7.44e-01d  [Probe] #probed=52'967 #fixed_bools=157 #new_bounds=7 #equiv=2 #new_binary_clauses=62'402   8.27e-04s  2.64e-03d  [MaxClique]   1.01e-03s  0.00e+00d  [DetectDominanceRelations]   3.09e-02s  0.00e+00d  [PresolveToFixPoint] #num_loops=2 #num_dual_strengthening=1   4.41e-04s  0.00e+00d  [ProcessAtMostOneAndLinear]   6.57e-04s  0.00e+00d  [DetectDuplicateConstraints]   6.55e-04s  0.00e+00d  [DetectDuplicateConstraintsWithDifferentEnforcements]   8.40e-05s  7.97e-06d  [DetectDominatedLinearConstraints] #relevant_constraints=360 #num_inclusions=5   5.70e-05s  0.00e+00d  [DetectDifferentVariables]   3.08e-04s  4.11e-05d  [ProcessSetPPC] #relevant_constraints=487   1.09e-03s  0.00e+00d  [TransformClausesToExactlyOne] #num_amos=127   4.63e-03s  0.00e+00d  [DetectEncodedComplexDomains]   7.00e-05s  0.00e+00d  [FindAlmostIdenticalLinearConstraints]   5.71e-03s  2.89e-02d  [FindBigAtMostOneAndLinearOverlap]   2.84e-04s  4.36e-04d  [FindBigVerticalLinearOverlap]   5.70e-05s  1.30e-05d  [FindBigHorizontalLinearOverlap] #linears=359   3.50e-05s  0.00e+00d  [MergeClauses]   1.01e-03s  0.00e+00d  [DetectDominanceRelations]   1.71e-02s  0.00e+00d  [PresolveToFixPoint] #num_loops=1 #num_dual_strengthening=1   1.02e-03s  0.00e+00d  [DetectDominanceRelations]   1.67e-02s  0.00e+00d  [PresolveToFixPoint] #num_loops=1 #num_dual_strengthening=1   2.96e-04s  0.00e+00d  [DetectDuplicateColumns]   6.60e-04s  0.00e+00d  [DetectDuplicateConstraints] [Symmetry] Graph for symmetry has 58'163 nodes and 88'737 arcs.[Symmetry] Symmetry computation done. time: 0.005993 dtime: 0.0324562  7.04e-04s  0.00e+00d  [DetectDuplicateConstraintsWithDifferentEnforcements]   1.51e-01s  7.33e-01d  [Probe] #probed=52'612 #new_binary_clauses=62'249   8.00e-04s  2.70e-03d  [MaxClique]   1.01e-03s  0.00e+00d  [DetectDominanceRelations]   1.71e-02s  0.00e+00d  [PresolveToFixPoint] #num_loops=1 #num_dual_strengthening=1   4.38e-04s  0.00e+00d  [ProcessAtMostOneAndLinear]   6.45e-04s  0.00e+00d  [DetectDuplicateConstraints]   6.48e-04s  0.00e+00d  [DetectDuplicateConstraintsWithDifferentEnforcements]   8.70e-05s  7.97e-06d  [DetectDominatedLinearConstraints] #relevant_constraints=360 #num_inclusions=5   5.90e-05s  0.00e+00d  [DetectDifferentVariables]   2.97e-04s  4.11e-05d  [ProcessSetPPC] #relevant_constraints=487   1.09e-03s  0.00e+00d  [TransformClausesToExactlyOne] #num_amos=127   4.61e-03s  0.00e+00d  [DetectEncodedComplexDomains]   7.00e-05s  0.00e+00d  [FindAlmostIdenticalLinearConstraints]   5.68e-03s  2.89e-02d  [FindBigAtMostOneAndLinearOverlap]   2.64e-04s  4.36e-04d  [FindBigVerticalLinearOverlap]   5.60e-05s  1.30e-05d  [FindBigHorizontalLinearOverlap] #linears=359   3.40e-05s  0.00e+00d  [MergeClauses]   1.01e-03s  0.00e+00d  [DetectDominanceRelations]   1.71e-02s  0.00e+00d  [PresolveToFixPoint] #num_loops=1 #num_dual_strengthening=1   9.50e-04s  0.00e+00d  [DetectDominanceRelations]   1.68e-02s  0.00e+00d  [PresolveToFixPoint] #num_loops=1 #num_dual_strengthening=1   2.94e-04s  0.00e+00d  [DetectDuplicateColumns]   6.23e-04s  0.00e+00d  [DetectDuplicateConstraints] [Symmetry] Graph for symmetry has 58'163 nodes and 88'737 arcs.[Symmetry] Symmetry computation done. time: 0.005961 dtime: 0.0324562  7.04e-04s  0.00e+00d  [DetectDuplicateConstraintsWithDifferentEnforcements]   1.51e-01s  7.33e-01d  [Probe] #probed=52'612 #new_binary_clauses=62'249   7.95e-04s  2.70e-03d  [MaxClique]   9.77e-04s  0.00e+00d  [DetectDominanceRelations]   1.76e-02s  0.00e+00d  [PresolveToFixPoint] #num_loops=1 #num_dual_strengthening=1   4.22e-04s  0.00e+00d  [ProcessAtMostOneAndLinear]   6.23e-04s  0.00e+00d  [DetectDuplicateConstraints]   6.41e-04s  0.00e+00d  [DetectDuplicateConstraintsWithDifferentEnforcements]   8.50e-05s  7.97e-06d  [DetectDominatedLinearConstraints] #relevant_constraints=360 #num_inclusions=5   5.70e-05s  0.00e+00d  [DetectDifferentVariables]   2.95e-04s  4.11e-05d  [ProcessSetPPC] #relevant_constraints=487   1.08e-03s  0.00e+00d  [TransformClausesToExactlyOne] #num_amos=127   4.72e-03s  0.00e+00d  [DetectEncodedComplexDomains]   7.00e-05s  0.00e+00d  [FindAlmostIdenticalLinearConstraints]   5.66e-03s  2.89e-02d  [FindBigAtMostOneAndLinearOverlap]   2.65e-04s  4.36e-04d  [FindBigVerticalLinearOverlap]   5.90e-05s  1.30e-05d  [FindBigHorizontalLinearOverlap] #linears=359   3.50e-05s  0.00e+00d  [MergeClauses]   9.91e-04s  0.00e+00d  [DetectDominanceRelations]   1.72e-02s  0.00e+00d  [PresolveToFixPoint] #num_loops=1 #num_dual_strengthening=1   2.30e-05s  0.00e+00d  [MergeNoOverlap]   2.60e-05s  0.00e+00d  [MergeNoOverlap2D] Presolve summary:  - 57 affine relations were detected.  - rule 'TODO dual: only one blocking constraint?' was applied 16'110 times.  - rule 'affine: new relation' was applied 57 times.  - rule 'all_diff: expanded' was applied 1 time.  - rule 'all_diff: propagate fixed expressions' was applied 1 time.  - rule 'all_diff: remove fixed expressions' was applied 1 time.  - rule 'at_most_one: removed literals' was applied 31 times.  - rule 'deductions: 24078 stored' was applied 1 time.  - rule 'dual: make encoding equiv' was applied 96'296 times.  - rule 'enforcement: false literal' was applied 157 times.  - rule 'enforcement: true literal' was applied 157 times.  - rule 'lin_max: converted to equality' was applied 58 times.  - rule 'lin_max: removed exprs' was applied 4 times.  - rule 'lin_max: target domain reduced' was applied 4 times.  - rule 'linear1: x in domain' was applied 1 time.  - rule 'linear: always true' was applied 158 times.  - rule 'linear: divide by GCD' was applied 1 time.  - rule 'linear: empty' was applied 5 times.  - rule 'linear: fixed or dup variables' was applied 125 times.  - rule 'linear: reduced variable domains' was applied 2 times.  - rule 'linear: remapped using affine relations' was applied 11 times.  - rule 'linear: simplified rhs' was applied 2'334 times.  - rule 'new_bool: integer encoding' was applied 12'196 times.  - rule 'presolve: 173 unused variables removed.' was applied 1 time.  - rule 'presolve: iteration' was applied 3 times.  - rule 'table: only one column!' was applied 1 time.  - rule 'table: reduce variable domain' was applied 1 time.  - rule 'variables: add encoding constraint' was applied 12'196 times.  - rule 'variables: canonicalize affine domain' was applied 1 time.Presolved satisfaction model '': (model_fingerprint: 0x82ba93fd1e214e3d)
#Variables: 14'599 (12'712 primary variables)
  - 14'502 Booleans in [0,1]
  - 1 in [0,1][3][7]
  - 2 in [1,30][32,46][48,54][56,58][60][64,78][80,86][88,90][92][96,102][104,106][108][112,114]
  - 3 in [1,30][32,46][48,54][56,58][60][64,78][80 ... ,90][92][96,102][104,106][108][112,114][116][120]
  - 2 in [1,115][117,119][121][123][125,127]
  - 89 in [1,127]
#kAtMostOne: 127 (#literals: 12'039)
#kLinMax: 1'790 (#expressions: 3'580)
#kLinear1: 24'078 (#enforced: 24'078)
#kLinearN: 360 (#terms: 2'613)[Symmetry] Graph for symmetry has 57'933 nodes and 88'737 arcs.[Symmetry] Symmetry computation done. time: 0.006011 dtime: 0.0324441Preloading model.Starting search at 0.71s with 1 workers.1 full problem subsolver: [main]#1       4.60s mainTask timing           n [     min,      max]      avg      dev     time         n [     min,      max]      avg      dev    dtime
      'main':         1 [   3.89s,    3.89s]    3.89s   0.00ns    3.89s         1 [   5.16s,    5.16s]    5.16s   0.00ns    5.16s
Search stats     Bools  Conflicts  Branches  Restarts  BacktrackToRoot  Backtrack  BoolPropag  IntegerPropag
       'main':  26'250        351   160'414         5           91'791    128'848  19'431'270        796'816
SAT formula    Fixed  Equiv   Total  VarLeft  BinaryClauses  PermanentClauses  TemporaryClauses
      'main':      0     97  26'250   26'153        193'388            11'929               262
SAT stats    ClassicMinim  LitRemoved  LitRemovedBinary  LitLearned  LitForgotten  Subsumed
    'main':            25         100             2'396       6'764             0         0
Vivification    Clauses  Decisions  LitTrue  Subsumed  LitRemoved  DecisionReused  Conflicts
       'main':   23'691     47'382        0         0           0               0          0
Clause deletion    at_true  l_and_not(l)  to_binary  sub_conflict  sub_extra  sub_decisions  sub_eager  sub_vivify  sub_probing  sub_inpro  blocked  eliminated  forgotten  promoted  conflicts
          'main':        0             0          0             0          5              0          0           0            0          0        0           0          0       342        351
Lp stats    Component  Iterations  AddedCuts  OPTIMAL  DUAL_F.  DUAL_U.
   'main':          1      36'176      1'705    4'934        0        8
Lp dimension       Final dimension of first component
       'main':  1900 rows, 2562 columns, 6365 entries
Lp debug    CutPropag  CutEqPropag  Adjust  Overflow    Bad  BadScaling
   'main':          0            0       6         0  4'890           0
Lp pool    Constraints  Updates  Simplif  Merged  Shortened  Split  Strengthened    Cuts/Call
  'main':        5'649       13        0       0          0      0            57  1'705/8'639
Lp Cut           main
         CG_FF:    45
          CG_K:    29
          CG_R:    37
        CG_RBP:     1
            IB:   347
      MIR_1_FF:   154
       MIR_1_K:    90
       MIR_1_R:   116
      MIR_1_RB:    23
      MIR_2_FF:   196
       MIR_2_K:   165
       MIR_2_R:    25
      MIR_2_RB:    13
      MIR_3_FF:    84
       MIR_3_K:    68
       MIR_3_R:     6
      MIR_3_RB:    13
      MIR_4_FF:    38
       MIR_4_K:    24
       MIR_4_R:     9
      MIR_4_RB:     3
      MIR_5_FF:    13
       MIR_5_K:    16
       MIR_5_R:     5
      MIR_5_RB:     3
      MIR_6_FF:    10
       MIR_6_K:    13
       MIR_6_R:     3
      MIR_6_RB:     4
  ZERO_HALF_FF:    41
   ZERO_HALF_K:     2
   ZERO_HALF_R:    78
  ZERO_HALF_RB:    31
Solutions (1)    Num   Rank
        'main':    1  [0,0]
Solution repositories    Added  Queried  Synchro
    'alternative_path':      0        0        0
      'best_solutions':      1        0        1
   'fj solution hints':      0        0        0
LRAT_status: NACpSolverResponse summary:
status: OPTIMAL
objective: NA
best_bound: NA
integers: 2562
booleans: 26250
conflicts: 351
branches: 160414
propagations: 19431270
integer_propagations: 796816
restarts: 5
lp_iterations: 36176
walltime: 4.597
usertime: 4.597
deterministic_time: 7.4639
gap_integral: 0
solution_fingerprint: 0xc1b9831553cf6b89
