Starting CP-SAT solver v9.15.6755Parameters: random_seed: 0 max_time_in_seconds: 3600 log_search_progress: true cp_model_presolve: true num_search_workers: 1Initial satisfaction model '': (model_fingerprint: 0x4355e7aae63771ba)
#Variables: 12'836 (2'609 primary variables)
  - 12'546 Booleans in [0,1]
  - 290 in [0,511]
#kAllDiff: 1
#kLinMax: 9'936 (#expressions: 19'872)
#kLinear1: 1
#kLinearN: 1'394 (#terms: 12'836)
#kTable: 1Starting presolve at 0.01s  7.78e-04s  0.00e+00d  [DetectDominanceRelations]   1.09e-02s  0.00e+00d  [PresolveToFixPoint] #num_loops=3 #num_dual_strengthening=1   2.90e-05s  0.00e+00d  [ExtractEncodingFromLinear] #potential_subsets=289   6.90e-05s  0.00e+00d  [DetectDuplicateColumns]   1.62e-03s  0.00e+00d  [DetectDuplicateConstraints] [Symmetry] Graph for symmetry has 49'185 nodes and 87'331 arcs.[Symmetry] Symmetry computation done. time: 0.011235 dtime: 0.0484658[Symmetry] #generators: 1, average support size: 12078[Symmetry] 6039 orbits on 12078 variables with sizes: 2,2,2,2,2,2,2,2,2,2,...  1.64e-03s  0.00e+00d  [DetectDuplicateConstraintsWithDifferentEnforcements]   4.44e-02s  4.40e-03d  [Probe] #probed=25'050 #new_binary_clauses=3   1.50e-05s  0.00e+00d  [MaxClique]   8.64e-04s  0.00e+00d  [DetectDominanceRelations]   6.77e-03s  0.00e+00d  [PresolveToFixPoint] #num_loops=1 #num_dual_strengthening=1   5.56e-04s  0.00e+00d  [ProcessAtMostOneAndLinear]   1.70e-03s  0.00e+00d  [DetectDuplicateConstraints]   1.64e-03s  0.00e+00d  [DetectDuplicateConstraintsWithDifferentEnforcements]   1.44e-04s  3.87e-05d  [DetectDominatedLinearConstraints] #relevant_constraints=1'392 #num_inclusions=8   6.50e-05s  0.00e+00d  [DetectDifferentVariables]   5.80e-05s  0.00e+00d  [ProcessSetPPC] #relevant_constraints=1'392   8.44e-04s  0.00e+00d  [TransformClausesToExactlyOne]   1.40e-05s  0.00e+00d  [DetectEncodedComplexDomains]   3.50e-05s  0.00e+00d  [FindAlmostIdenticalLinearConstraints]   1.40e-05s  0.00e+00d  [FindBigAtMostOneAndLinearOverlap]   3.99e-04s  8.04e-04d  [FindBigVerticalLinearOverlap]   6.60e-05s  6.40e-05d  [FindBigHorizontalLinearOverlap] #linears=1'391   1.20e-05s  0.00e+00d  [MergeClauses]   8.09e-04s  0.00e+00d  [DetectDominanceRelations]   6.10e-03s  0.00e+00d  [PresolveToFixPoint] #num_loops=1 #num_dual_strengthening=1   8.24e-04s  0.00e+00d  [DetectDominanceRelations]   6.19e-03s  0.00e+00d  [PresolveToFixPoint] #num_loops=1 #num_dual_strengthening=1   7.80e-05s  0.00e+00d  [DetectDuplicateColumns]   1.72e-03s  0.00e+00d  [DetectDuplicateConstraints] [Symmetry] Graph for symmetry has 49'185 nodes and 87'331 arcs.[Symmetry] Symmetry computation done. time: 0.011506 dtime: 0.0484658[Symmetry] #generators: 1, average support size: 12078[Symmetry] 6039 orbits on 12078 variables with sizes: 2,2,2,2,2,2,2,2,2,2,...  1.74e-03s  0.00e+00d  [DetectDuplicateConstraintsWithDifferentEnforcements]   4.51e-02s  4.40e-03d  [Probe] #probed=25'050 #new_binary_clauses=3   2.00e-05s  0.00e+00d  [MaxClique]   8.16e-04s  0.00e+00d  [DetectDominanceRelations]   6.39e-03s  0.00e+00d  [PresolveToFixPoint] #num_loops=1 #num_dual_strengthening=1   5.44e-04s  0.00e+00d  [ProcessAtMostOneAndLinear]   1.65e-03s  0.00e+00d  [DetectDuplicateConstraints]   1.62e-03s  0.00e+00d  [DetectDuplicateConstraintsWithDifferentEnforcements]   1.67e-04s  3.87e-05d  [DetectDominatedLinearConstraints] #relevant_constraints=1'392 #num_inclusions=8   6.50e-05s  0.00e+00d  [DetectDifferentVariables]   5.90e-05s  0.00e+00d  [ProcessSetPPC] #relevant_constraints=1'392   7.97e-04s  0.00e+00d  [TransformClausesToExactlyOne]   1.30e-05s  0.00e+00d  [DetectEncodedComplexDomains]   3.30e-05s  0.00e+00d  [FindAlmostIdenticalLinearConstraints]   1.40e-05s  0.00e+00d  [FindBigAtMostOneAndLinearOverlap]   3.71e-04s  8.04e-04d  [FindBigVerticalLinearOverlap]   7.20e-05s  6.40e-05d  [FindBigHorizontalLinearOverlap] #linears=1'391   1.20e-05s  0.00e+00d  [MergeClauses]   8.03e-04s  0.00e+00d  [DetectDominanceRelations]   6.02e-03s  0.00e+00d  [PresolveToFixPoint] #num_loops=1 #num_dual_strengthening=1   7.00e-06s  0.00e+00d  [MergeNoOverlap]   8.00e-06s  0.00e+00d  [MergeNoOverlap2D] Presolve summary:  - 112 affine relations were detected.  - rule 'TODO dual: only one blocking constraint?' was applied 58'914 times.  - rule 'affine: new relation' was applied 112 times.  - rule 'all_diff: propagate fixed expressions' was applied 1 time.  - rule 'all_diff: remove fixed expressions' was applied 1 time.  - rule 'lin_max: converted to equality' was applied 117 times.  - rule 'lin_max: removed exprs' was applied 5 times.  - rule 'lin_max: target domain reduced' was applied 5 times.  - rule 'linear1: x in domain' was applied 1 time.  - rule 'linear: always true' was applied 1 time.  - rule 'linear: divide by GCD' was applied 1 time.  - rule 'linear: empty' was applied 7 times.  - rule 'linear: fixed or dup variables' was applied 247 times.  - rule 'linear: reduced variable domains' was applied 4 times.  - rule 'linear: remapped using affine relations' was applied 16 times.  - rule 'presolve: 22 unused variables removed.' was applied 1 time.  - rule 'presolve: iteration' was applied 2 times.  - rule 'table: only one column!' was applied 1 time.  - rule 'table: reduce variable domain' was applied 1 time.  - rule 'variables: canonicalize affine domain' was applied 1 time.Presolved satisfaction model '': (model_fingerprint: 0x18415ec23fa148cf)
#Variables: 12'703 (2'595 primary variables)
  - 12'414 Booleans in [0,1]
  - 1 in [0,1][3][7]
  - 288 in [1,511]
#kAllDiff: 1
#kLinMax: 9'819 (#expressions: 19'638)
#kLinearN: 1'392 (#terms: 12'811)[Symmetry] Graph for symmetry has 49'051 nodes and 87'331 arcs.[Symmetry] Symmetry computation done. time: 0.011962 dtime: 0.0488452[Symmetry] #generators: 1, average support size: 12078[Symmetry] 6039 orbits on 12078 variables with sizes: 2,2,2,2,2,2,2,2,2,2,...Preloading model.Starting search at 0.22s with 1 workers.1 full problem subsolver: [main]Task timing           n [     min,      max]      avg      dev     time         n [     min,      max]      avg      dev    dtime
      'main':         1 [   1.00h,    1.00h]    1.00h   0.00ns    1.00h         1 [  31.87m,   31.87m]   31.87m   0.00ns   31.87m
Search stats     Bools  Conflicts   Branches  Restarts  BacktrackToRoot  Backtrack  BoolPropag  IntegerPropag
       'main':  12'414    139'490  2'150'257        65        1'664'211  1'800'162   4'971'617     14'023'606
SAT formula    Fixed  Equiv   Total  VarLeft  BinaryClauses  PermanentClauses  TemporaryClauses
      'main':      0      0  12'414   12'414              4                15            18'242
SAT stats    ClassicMinim  LitRemoved  LitRemovedBinary  LitLearned  LitForgotten  Subsumed
    'main':       105'418   1'488'455             3'334  33'997'330    24'653'575    17'283
Vivification    Clauses  Decisions  LitTrue  Subsumed  LitRemoved  DecisionReused  Conflicts
       'main':    1'123      8'545        0         0           0             651          0
Clause deletion    at_true  l_and_not(l)  to_binary  sub_conflict  sub_extra  sub_decisions  sub_eager  sub_vivify  sub_probing  sub_inpro  blocked  eliminated  forgotten  promoted  conflicts
          'main':        0             0          0        16'988      4'416              0        295           0            0          0        0           0     99'534   435'533    139'490
Lp stats    Component  Iterations  AddedCuts  OPTIMAL  DUAL_F.  DUAL_U.
   'main':          1   8'604'988      8'029  396'939      336    1'222
Lp dimension          Final dimension of first component
       'main':  10332 rows, 12703 columns, 36805 entries
Lp debug    CutPropag  CutEqPropag  Adjust  Overflow     Bad  BadScaling
   'main':          1            0     792         0  89'011           0
Lp pool    Constraints  Updates  Simplif  Merged  Shortened  Split  Strengthened     Cuts/Call
  'main':       29'059       55        0       0          0      4         2'861  8'029/96'728
Lp Cut            main
         CG_FF:    288
          CG_K:    145
         CG_KL:      9
          CG_R:    562
         CG_RB:    238
        CG_RBP:     78
            IB:  2'266
      MIR_1_FF:    929
       MIR_1_K:    672
      MIR_1_KL:     78
       MIR_1_R:    343
      MIR_1_RB:    237
      MIR_2_FF:    912
       MIR_2_K:    222
      MIR_2_KL:     13
       MIR_2_R:     47
      MIR_2_RB:     58
      MIR_3_FF:    295
       MIR_3_K:     81
      MIR_3_KL:      5
       MIR_3_R:     25
      MIR_3_RB:     32
      MIR_4_FF:    107
       MIR_4_K:     35
      MIR_4_KL:      6
       MIR_4_R:     13
      MIR_4_RB:     25
      MIR_5_FF:     39
       MIR_5_K:     12
      MIR_5_KL:      3
       MIR_5_R:     11
      MIR_5_RB:     10
      MIR_6_FF:     27
       MIR_6_K:      5
       MIR_6_R:     13
      MIR_6_RB:      8
  ZERO_HALF_FF:    135
   ZERO_HALF_K:     17
   ZERO_HALF_R:     28
Solution repositories    Added  Queried  Synchro
    'alternative_path':      0        0        0
      'best_solutions':      0        0        0
   'fj solution hints':      0        0        0
LRAT_status: NACpSolverResponse summary:
status: UNKNOWN
objective: NA
best_bound: NA
integers: 12703
booleans: 12414
conflicts: 139490
branches: 2150257
propagations: 4971617
integer_propagations: 14023606
restarts: 65
lp_iterations: 8604988
walltime: 3600
usertime: 3600
deterministic_time: 1911.97
gap_integral: 0
