Starting CP-SAT solver v9.15.6755Parameters: random_seed: 0 max_time_in_seconds: 900 log_search_progress: true cp_model_presolve: true num_search_workers: 1Initial satisfaction model '': (model_fingerprint: 0x5c29326b2618fb71)
#Variables: 5'298 (1'295 primary variables)
  - 5'136 Booleans in [0,1]
  - 162 in [0,255]
#kAllDiff: 1
#kLinMax: 3'840 (#expressions: 7'680)
#kLinear1: 1
#kLinearN: 642 (#terms: 5'298)
#kTable: 1Starting presolve at 0.00s  3.01e-04s  0.00e+00d  [DetectDominanceRelations]   4.48e-03s  0.00e+00d  [PresolveToFixPoint] #num_loops=4 #num_dual_strengthening=1   1.20e-05s  0.00e+00d  [ExtractEncodingFromLinear] #potential_subsets=161   1.01e-03s  0.00e+00d  [DetectDuplicateColumns]   1.98e-03s  0.00e+00d  [DetectDuplicateConstraints] [Symmetry] Graph for symmetry has 187'154 nodes and 283'013 arcs.[Symmetry] Symmetry computation done. time: 0.041211 dtime: 0.143608[Symmetry] #generators: 1, average support size: 42216[Symmetry] 21108 orbits on 42216 variables with sizes: 2,2,2,2,2,2,2,2,2,2,...[Symmetry] Num fixable by intersecting at_most_one with orbits: 73 largest_orbit: 2[SAT presolve] num removable Booleans: 0 / 45'883[SAT presolve] num trivial clauses: 0[SAT presolve] [0s] clauses:479 literals:3'832 vars:3'828 one_side_vars:3826 simple_definition:2 singleton_clauses:0[SAT presolve] [6e-05s] clauses:479 literals:3'832 vars:3'828 one_side_vars:3826 simple_definition:2 singleton_clauses:0[SAT presolve] [0.00061s] clauses:479 literals:3'832 vars:3'828 one_side_vars:3826 simple_definition:2 singleton_clauses:0  2.05e-03s  0.00e+00d  [DetectDuplicateConstraintsWithDifferentEnforcements]   2.09e-01s  1.00e+00d *[Probe] #probed=39'760 #new_bounds=73 #equiv=2 #new_binary_clauses=86'860   3.02e-03s  7.53e-03d  [MaxClique]   3.63e-03s  0.00e+00d  [DetectDominanceRelations]   1.11e-01s  0.00e+00d  [PresolveToFixPoint] #num_loops=2 #num_dual_strengthening=1   1.48e-03s  0.00e+00d  [ProcessAtMostOneAndLinear]   1.92e-03s  0.00e+00d  [DetectDuplicateConstraints]   1.81e-03s  0.00e+00d  [DetectDuplicateConstraintsWithDifferentEnforcements]   2.11e-04s  4.34e-06d  [DetectDominatedLinearConstraints] #relevant_constraints=161   2.84e-04s  0.00e+00d  [DetectDifferentVariables]   1.32e-03s  1.36e-04d  [ProcessSetPPC] #relevant_constraints=895   3.69e-03s  3.88e-05d  [TransformClausesToExactlyOne] #num_amos=255 #num_clauses=479 #num_checked=479   1.90e-02s  0.00e+00d  [DetectEncodedComplexDomains]   2.51e-04s  0.00e+00d  [FindAlmostIdenticalLinearConstraints]   6.51e-02s  1.64e-01d  [FindBigAtMostOneAndLinearOverlap]   1.16e-03s  1.17e-03d  [FindBigVerticalLinearOverlap]   2.67e-04s  7.23e-06d  [FindBigHorizontalLinearOverlap] #linears=161   5.33e-03s  1.92e-05d  [MergeClauses]   3.51e-03s  0.00e+00d  [DetectDominanceRelations]   6.30e-02s  0.00e+00d  [PresolveToFixPoint] #num_loops=1 #num_dual_strengthening=1   3.56e-03s  0.00e+00d  [DetectDominanceRelations]   6.30e-02s  0.00e+00d  [PresolveToFixPoint] #num_loops=1 #num_dual_strengthening=1   1.05e-03s  0.00e+00d  [DetectDuplicateColumns]   1.80e-03s  0.00e+00d  [DetectDuplicateConstraints] [Symmetry] Graph for symmetry has 186'933 nodes and 282'573 arcs.[Symmetry] Symmetry computation done. time: 0.018624 dtime: 0.084075[SAT presolve] num removable Booleans: 0 / 45'808[SAT presolve] num trivial clauses: 0[SAT presolve] [0s] clauses:479 literals:3'832 vars:3'828 one_side_vars:3826 simple_definition:2 singleton_clauses:0[SAT presolve] [5.9e-05s] clauses:479 literals:3'832 vars:3'828 one_side_vars:3826 simple_definition:2 singleton_clauses:0[SAT presolve] [0.000591s] clauses:479 literals:3'832 vars:3'828 one_side_vars:3826 simple_definition:2 singleton_clauses:0  1.97e-03s  0.00e+00d  [DetectDuplicateConstraintsWithDifferentEnforcements]   2.12e-01s  1.00e+00d *[Probe] #probed=39'760 #new_binary_clauses=86'846   3.02e-03s  7.53e-03d  [MaxClique]   3.50e-03s  0.00e+00d  [DetectDominanceRelations]   6.44e-02s  0.00e+00d  [PresolveToFixPoint] #num_loops=1 #num_dual_strengthening=1   1.48e-03s  0.00e+00d  [ProcessAtMostOneAndLinear]   1.91e-03s  0.00e+00d  [DetectDuplicateConstraints]   1.82e-03s  0.00e+00d  [DetectDuplicateConstraintsWithDifferentEnforcements]   2.17e-04s  4.34e-06d  [DetectDominatedLinearConstraints] #relevant_constraints=161   2.64e-04s  0.00e+00d  [DetectDifferentVariables]   1.27e-03s  1.36e-04d  [ProcessSetPPC] #relevant_constraints=895   3.77e-03s  3.88e-05d  [TransformClausesToExactlyOne] #num_amos=255 #num_clauses=479 #num_checked=479   1.98e-02s  0.00e+00d  [DetectEncodedComplexDomains]   2.70e-04s  0.00e+00d  [FindAlmostIdenticalLinearConstraints]   6.43e-02s  1.64e-01d  [FindBigAtMostOneAndLinearOverlap]   1.05e-03s  1.17e-03d  [FindBigVerticalLinearOverlap]   2.89e-04s  7.23e-06d  [FindBigHorizontalLinearOverlap] #linears=161   4.00e-04s  1.92e-05d  [MergeClauses]   3.55e-03s  0.00e+00d  [DetectDominanceRelations]   6.35e-02s  0.00e+00d  [PresolveToFixPoint] #num_loops=1 #num_dual_strengthening=1   3.60e-03s  0.00e+00d  [DetectDominanceRelations]   6.30e-02s  0.00e+00d  [PresolveToFixPoint] #num_loops=1 #num_dual_strengthening=1   9.99e-04s  0.00e+00d  [DetectDuplicateColumns]   1.84e-03s  0.00e+00d  [DetectDuplicateConstraints] [Symmetry] Graph for symmetry has 186'933 nodes and 282'573 arcs.[Symmetry] Symmetry computation done. time: 0.018431 dtime: 0.084075[SAT presolve] num removable Booleans: 0 / 45'808[SAT presolve] num trivial clauses: 0[SAT presolve] [0s] clauses:479 literals:3'832 vars:3'828 one_side_vars:3826 simple_definition:2 singleton_clauses:0[SAT presolve] [5.7e-05s] clauses:479 literals:3'832 vars:3'828 one_side_vars:3826 simple_definition:2 singleton_clauses:0[SAT presolve] [0.000586s] clauses:479 literals:3'832 vars:3'828 one_side_vars:3826 simple_definition:2 singleton_clauses:0  2.13e-03s  0.00e+00d  [DetectDuplicateConstraintsWithDifferentEnforcements]   2.11e-01s  1.00e+00d *[Probe] #probed=39'760 #new_binary_clauses=86'846   3.07e-03s  7.53e-03d  [MaxClique]   3.49e-03s  0.00e+00d  [DetectDominanceRelations]   6.45e-02s  0.00e+00d  [PresolveToFixPoint] #num_loops=1 #num_dual_strengthening=1   1.55e-03s  0.00e+00d  [ProcessAtMostOneAndLinear]   1.91e-03s  0.00e+00d  [DetectDuplicateConstraints]   1.91e-03s  0.00e+00d  [DetectDuplicateConstraintsWithDifferentEnforcements]   2.49e-04s  4.34e-06d  [DetectDominatedLinearConstraints] #relevant_constraints=161   3.20e-04s  0.00e+00d  [DetectDifferentVariables]   1.33e-03s  1.36e-04d  [ProcessSetPPC] #relevant_constraints=895   3.78e-03s  3.88e-05d  [TransformClausesToExactlyOne] #num_amos=255 #num_clauses=479 #num_checked=479   1.91e-02s  0.00e+00d  [DetectEncodedComplexDomains]   2.63e-04s  0.00e+00d  [FindAlmostIdenticalLinearConstraints]   6.46e-02s  1.64e-01d  [FindBigAtMostOneAndLinearOverlap]   1.02e-03s  1.17e-03d  [FindBigVerticalLinearOverlap]   2.73e-04s  7.23e-06d  [FindBigHorizontalLinearOverlap] #linears=161   3.83e-04s  1.92e-05d  [MergeClauses]   3.57e-03s  0.00e+00d  [DetectDominanceRelations]   6.21e-02s  0.00e+00d  [PresolveToFixPoint] #num_loops=1 #num_dual_strengthening=1   1.55e-04s  0.00e+00d  [MergeNoOverlap]   1.35e-04s  0.00e+00d  [MergeNoOverlap2D] Presolve summary:  - 51 affine relations were detected.  - rule 'TODO dual: only one blocking constraint?' was applied 34'110 times.  - rule 'affine: new relation' was applied 51 times.  - rule 'all_diff: expanded' was applied 1 time.  - rule 'all_diff: propagate fixed expressions' was applied 1 time.  - rule 'all_diff: remove fixed expressions' was applied 1 time.  - rule 'at_most_one: removed literals' was applied 1 time.  - rule 'bool_or: always true' was applied 1 time.  - rule 'deductions: 81468 stored' was applied 1 time.  - rule 'dual: make encoding equiv' was applied 325'856 times.  - rule 'enforcement: false literal' was applied 73 times.  - rule 'enforcement: true literal' was applied 73 times.  - rule 'lin_max: converted to equality' was applied 50 times.  - rule 'lin_max: removed exprs' was applied 1 time.  - rule 'lin_max: target domain reduced' was applied 1 time.  - rule 'linear1: x in domain' was applied 1 time.  - rule 'linear: always true' was applied 73 times.  - rule 'linear: divide by GCD' was applied 1 time.  - rule 'linear: empty' was applied 3 times.  - rule 'linear: fixed or dup variables' was applied 108 times.  - rule 'linear: negative clause' was applied 480 times.  - rule 'linear: reduced variable domains' was applied 3 times.  - rule 'linear: remapped using affine relations' was applied 2 times.  - rule 'linear: simplified rhs' was applied 27 times.  - rule 'new_bool: integer encoding' was applied 40'807 times.  - rule 'presolve: 86 unused variables removed.' was applied 1 time.  - rule 'presolve: iteration' was applied 3 times.  - rule 'symmetry: fixed to false in general orbit' was applied 73 times.  - rule 'table: only one column!' was applied 1 time.  - rule 'table: reduce variable domain' was applied 1 time.  - rule 'variables: add encoding constraint' was applied 40'807 times.  - rule 'variables: canonicalize affine domain' was applied 1 time.  - rule 'variables: fixed value due to affine relation' was applied 1 time.Presolved satisfaction model '': (model_fingerprint: 0x651a2abe6a2666af)
#Variables: 45'969 (42'018 primary variables)
  - 45'808 Booleans in [0,1]
  - 1 in [0,1][3][7][15][31][63]
  - 87 in [1,255]
  - 73 in [2,255]
#kAtMostOne: 255 (#literals: 40'734)
#kBoolOr: 479 (#literals: 3'832)
#kLinMax: 3'790 (#expressions: 7'580)
#kLinear1: 81'468 (#enforced: 81'468)
#kLinearN: 161 (#terms: 1'447)[Symmetry] Graph for symmetry has 186'796 nodes and 282'573 arcs.[Symmetry] Symmetry computation done. time: 0.018749 dtime: 0.0840667Preloading model.Starting search at 1.71s with 1 workers.1 full problem subsolver: [main]#1       2.70s mainTask timing           n [     min,      max]      avg      dev     time         n [     min,      max]      avg      dev    dtime
      'main':         1 [986.12ms, 986.12ms] 986.12ms   0.00ns 986.12ms         1 [   4.44s,    4.44s]    4.44s   0.00ns    4.44s
Search stats     Bools  Conflicts  Branches  Restarts  BacktrackToRoot  Backtrack  BoolPropag  IntegerPropag
       'main':  86'059          1   130'313         0           64'253    115'972  28'907'272        752'595
SAT formula    Fixed  Equiv   Total  VarLeft  BinaryClauses  PermanentClauses  TemporaryClauses
      'main':      0    164  86'059   85'895        574'464            40'890                 0
SAT stats    ClassicMinim  LitRemoved  LitRemovedBinary  LitLearned  LitForgotten  Subsumed
    'main':             0           0                 0          10             0         0
Vivification    Clauses  Decisions  LitTrue  Subsumed  LitRemoved  DecisionReused  Conflicts
       'main':   14'134     28'266        0         0           2               0          0
Clause deletion    at_true  l_and_not(l)  to_binary  sub_conflict  sub_extra  sub_decisions  sub_eager  sub_vivify  sub_probing  sub_inpro  blocked  eliminated  forgotten  promoted  conflicts
          'main':        0             0          2             0          0              0          0           0            0          0        0           0          0         0          1
Lp stats    Component  Iterations  AddedCuts  OPTIMAL  DUAL_F.  DUAL_U.
   'main':          1       5'012        233      265        0        0
Lp dimension        Final dimension of first component
       'main':  3766 rows, 5237 columns, 12227 entries
Lp debug    CutPropag  CutEqPropag  Adjust  Overflow  Bad  BadScaling
   'main':          0            0       0         0    0           0
Lp pool    Constraints  Updates  Simplif  Merged  Shortened  Split  Strengthened  Cuts/Call
  'main':        7'978        0        0       0          0      0             0  233/1'979
Lp Cut    main
     IB:   233
Solutions (1)    Num   Rank
        'main':    1  [0,0]
Solution repositories    Added  Queried  Synchro
    'alternative_path':      0        0        0
      'best_solutions':      1        0        1
   'fj solution hints':      0        0        0
LRAT_status: NACpSolverResponse summary:
status: OPTIMAL
objective: NA
best_bound: NA
integers: 5237
booleans: 86059
conflicts: 1
branches: 130313
propagations: 28907272
integer_propagations: 752595
restarts: 0
lp_iterations: 5012
walltime: 2.69933
usertime: 2.69933
deterministic_time: 7.96268
gap_integral: 0
solution_fingerprint: 0x6356868e4aa82bf6
