Starting CP-SAT solver v9.15.6755Parameters: random_seed: 0 max_time_in_seconds: 900 log_search_progress: true cp_model_presolve: true num_search_workers: 1Initial satisfaction model '': (model_fingerprint: 0xf5615ab6e8759e52)
#Variables: 7'866 (1'943 primary variables)
  - 7'704 Booleans in [0,1]
  - 162 in [0,4095]
#kAllDiff: 1
#kLinMax: 5'760 (#expressions: 11'520)
#kLinear1: 1
#kLinearN: 642 (#terms: 7'866)
#kTable: 1Starting presolve at 0.01s  5.06e-04s  0.00e+00d  [DetectDominanceRelations]   6.60e-03s  0.00e+00d  [PresolveToFixPoint] #num_loops=4 #num_dual_strengthening=1   1.90e-05s  0.00e+00d  [ExtractEncodingFromLinear] #potential_subsets=161   5.20e-05s  0.00e+00d  [DetectDuplicateColumns]   9.73e-04s  0.00e+00d  [DetectDuplicateConstraints] [Symmetry] Graph for symmetry has 29'562 nodes and 51'730 arcs.[Symmetry] Symmetry computation done. time: 0.007468 dtime: 0.0292307[Symmetry] #generators: 1, average support size: 7394[Symmetry] 3697 orbits on 7394 variables with sizes: 2,2,2,2,2,2,2,2,2,2,...  9.60e-04s  0.00e+00d  [DetectDuplicateConstraintsWithDifferentEnforcements]   2.49e-02s  2.79e-03d  [Probe] #probed=15'360 #new_binary_clauses=15   1.40e-05s  0.00e+00d  [MaxClique]   4.84e-04s  0.00e+00d  [DetectDominanceRelations]   3.87e-03s  0.00e+00d  [PresolveToFixPoint] #num_loops=1 #num_dual_strengthening=1   3.38e-04s  0.00e+00d  [ProcessAtMostOneAndLinear]   1.01e-03s  0.00e+00d  [DetectDuplicateConstraints]   9.51e-04s  0.00e+00d  [DetectDuplicateConstraintsWithDifferentEnforcements]   9.50e-05s  2.37e-05d  [DetectDominatedLinearConstraints] #relevant_constraints=640 #num_inclusions=4   3.30e-05s  0.00e+00d  [DetectDifferentVariables]   3.60e-05s  0.00e+00d  [ProcessSetPPC] #relevant_constraints=640   5.27e-04s  0.00e+00d  [TransformClausesToExactlyOne]   8.00e-06s  0.00e+00d  [DetectEncodedComplexDomains]   2.20e-05s  0.00e+00d  [FindAlmostIdenticalLinearConstraints]   7.00e-06s  0.00e+00d  [FindBigAtMostOneAndLinearOverlap]   2.37e-04s  6.05e-04d  [FindBigVerticalLinearOverlap]   3.80e-05s  3.92e-05d  [FindBigHorizontalLinearOverlap] #linears=640   7.00e-06s  0.00e+00d  [MergeClauses]   4.62e-04s  0.00e+00d  [DetectDominanceRelations]   3.56e-03s  0.00e+00d  [PresolveToFixPoint] #num_loops=1 #num_dual_strengthening=1   4.69e-04s  0.00e+00d  [DetectDominanceRelations]   3.54e-03s  0.00e+00d  [PresolveToFixPoint] #num_loops=1 #num_dual_strengthening=1   4.90e-05s  0.00e+00d  [DetectDuplicateColumns]   9.82e-04s  0.00e+00d  [DetectDuplicateConstraints] [Symmetry] Graph for symmetry has 29'562 nodes and 51'730 arcs.[Symmetry] Symmetry computation done. time: 0.00711 dtime: 0.0292307[Symmetry] #generators: 1, average support size: 7394[Symmetry] 3697 orbits on 7394 variables with sizes: 2,2,2,2,2,2,2,2,2,2,...  1.02e-03s  0.00e+00d  [DetectDuplicateConstraintsWithDifferentEnforcements]   2.42e-02s  2.79e-03d  [Probe] #probed=15'360 #new_binary_clauses=15   1.20e-05s  0.00e+00d  [MaxClique]   4.67e-04s  0.00e+00d  [DetectDominanceRelations]   3.62e-03s  0.00e+00d  [PresolveToFixPoint] #num_loops=1 #num_dual_strengthening=1   3.28e-04s  0.00e+00d  [ProcessAtMostOneAndLinear]   9.64e-04s  0.00e+00d  [DetectDuplicateConstraints]   9.62e-04s  0.00e+00d  [DetectDuplicateConstraintsWithDifferentEnforcements]   8.80e-05s  2.37e-05d  [DetectDominatedLinearConstraints] #relevant_constraints=640 #num_inclusions=4   3.30e-05s  0.00e+00d  [DetectDifferentVariables]   3.40e-05s  0.00e+00d  [ProcessSetPPC] #relevant_constraints=640   5.17e-04s  0.00e+00d  [TransformClausesToExactlyOne]   1.00e-05s  0.00e+00d  [DetectEncodedComplexDomains]   2.20e-05s  0.00e+00d  [FindAlmostIdenticalLinearConstraints]   7.00e-06s  0.00e+00d  [FindBigAtMostOneAndLinearOverlap]   2.38e-04s  6.05e-04d  [FindBigVerticalLinearOverlap]   3.70e-05s  3.92e-05d  [FindBigHorizontalLinearOverlap] #linears=640   7.00e-06s  0.00e+00d  [MergeClauses]   4.68e-04s  0.00e+00d  [DetectDominanceRelations]   3.45e-03s  0.00e+00d  [PresolveToFixPoint] #num_loops=1 #num_dual_strengthening=1   4.00e-06s  0.00e+00d  [MergeNoOverlap]   5.00e-06s  0.00e+00d  [MergeNoOverlap2D] Presolve summary:  - 85 affine relations were detected.  - rule 'TODO dual: only one blocking constraint?' was applied 34'020 times.  - rule 'affine: new relation' was applied 85 times.  - rule 'all_diff: propagate fixed expressions' was applied 1 time.  - rule 'all_diff: remove fixed expressions' was applied 1 time.  - rule 'lin_max: converted to equality' was applied 90 times.  - rule 'lin_max: removed exprs' was applied 5 times.  - rule 'lin_max: target domain reduced' was applied 5 times.  - rule 'linear1: x in domain' was applied 1 time.  - rule 'linear: always true' was applied 1 time.  - rule 'linear: divide by GCD' was applied 1 time.  - rule 'linear: empty' was applied 7 times.  - rule 'linear: fixed or dup variables' was applied 193 times.  - rule 'linear: reduced variable domains' was applied 3 times.  - rule 'linear: remapped using affine relations' was applied 12 times.  - rule 'presolve: 25 unused variables removed.' was applied 1 time.  - rule 'presolve: iteration' was applied 2 times.  - rule 'table: only one column!' was applied 1 time.  - rule 'table: reduce variable domain' was applied 1 time.  - rule 'variables: canonicalize affine domain' was applied 1 time.  - rule 'variables: fixed value due to affine relation' was applied 1 time.Presolved satisfaction model '': (model_fingerprint: 0x453b8cdb45b85711)
#Variables: 7'757 (1'926 primary variables)
  - 7'596 Booleans in [0,1]
  - 1 in [0,1][3][7][15][31][63]
  - 160 in [1,4095]
#kAllDiff: 1
#kLinMax: 5'670 (#expressions: 11'340)
#kLinearN: 640 (#terms: 7'835)[Symmetry] Graph for symmetry has 29'452 nodes and 51'730 arcs.[Symmetry] Symmetry computation done. time: 0.007145 dtime: 0.0292241[Symmetry] #generators: 1, average support size: 7394[Symmetry] 3697 orbits on 7394 variables with sizes: 2,2,2,2,2,2,2,2,2,2,...Preloading model.Starting search at 0.13s with 1 workers.1 full problem subsolver: [main]#1      13.52s mainTask timing           n [     min,      max]      avg      dev     time         n [     min,      max]      avg      dev    dtime
      'main':         1 [  13.39s,   13.39s]   13.39s   0.00ns   13.39s         1 [   9.13s,    9.13s]    9.13s   0.00ns    9.13s
Search stats    Bools  Conflicts  Branches  Restarts  BacktrackToRoot  Backtrack  BoolPropag  IntegerPropag
       'main':  7'596      1'256   142'673         6          121'529    122'566      72'355        364'786
SAT formula    Fixed  Equiv  Total  VarLeft  BinaryClauses  PermanentClauses  TemporaryClauses
      'main':      0      0  7'596    7'596             10                 5               939
SAT stats    ClassicMinim  LitRemoved  LitRemovedBinary  LitLearned  LitForgotten  Subsumed
    'main':           298       1'516                51     111'032             0        23
Vivification    Clauses  Decisions  LitTrue  Subsumed  LitRemoved  DecisionReused  Conflicts
       'main':       58        125        0         0           0               2          0
Clause deletion    at_true  l_and_not(l)  to_binary  sub_conflict  sub_extra  sub_decisions  sub_eager  sub_vivify  sub_probing  sub_inpro  blocked  eliminated  forgotten  promoted  conflicts
          'main':        0             0          0            23        289              0          0           0            0          0        0           0          0     1'984      1'256
Lp stats    Component  Iterations  AddedCuts  OPTIMAL  DUAL_F.  DUAL_U.
   'main':          1      61'736      2'829    5'490        0        0
Lp dimension        Final dimension of first component
       'main':  5655 rows, 7757 columns, 18649 entries
Lp debug    CutPropag  CutEqPropag  Adjust  Overflow    Bad  BadScaling
   'main':          0            0       0         0  5'306           0
Lp pool    Constraints  Updates  Simplif  Merged  Shortened  Split  Strengthened     Cuts/Call
  'main':       14'809       26        0       0          0      0           134  2'829/10'694
Lp Cut           main
         CG_FF:    57
          CG_K:    11
          CG_R:    23
         CG_RB:     8
            IB:   797
      MIR_1_FF:   547
       MIR_1_K:   334
      MIR_1_KL:     1
      MIR_1_RB:   121
      MIR_2_FF:   401
       MIR_2_K:     5
      MIR_2_RB:    77
      MIR_3_FF:   230
       MIR_3_K:     5
       MIR_3_R:     7
      MIR_3_RB:    43
      MIR_4_FF:    60
       MIR_4_K:     2
       MIR_4_R:     2
      MIR_4_RB:    34
      MIR_5_FF:    17
       MIR_5_K:     2
      MIR_5_RB:    16
      MIR_6_FF:    14
       MIR_6_K:     1
      MIR_6_RB:     5
  ZERO_HALF_FF:     7
  ZERO_HALF_RB:     2
Solutions (1)    Num   Rank
        'main':    1  [0,0]
Solution repositories    Added  Queried  Synchro
    'alternative_path':      0        0        0
      'best_solutions':      1        0        1
   'fj solution hints':      0        0        0
LRAT_status: NACpSolverResponse summary:
status: OPTIMAL
objective: NA
best_bound: NA
integers: 7757
booleans: 7596
conflicts: 1256
branches: 142673
propagations: 72355
integer_propagations: 364786
restarts: 6
lp_iterations: 61736
walltime: 13.5251
usertime: 13.5251
deterministic_time: 9.14174
gap_integral: 0
solution_fingerprint: 0xa11d04c126b12208
